******************************************************************************
                  TI ARM Linker PC v5.2.6                      
******************************************************************************
>> Linked Sun Jan 07 16:55:25 2024

OUTPUT FILE NAME:   <GroundStation.out>
ENTRY POINT SYMBOL: "_c_int00"  address: 00003a9d


MEMORY CONFIGURATION

         name            origin    length      used     unused   attr    fill
----------------------  --------  ---------  --------  --------  ----  --------
  FLASH                 00000000   00040000  00004e2c  0003b1d4  R  X
  SRAM                  20000000   00008000  00006a14  000015ec  RW X


SEGMENT ALLOCATION MAP

run origin  load origin   length   init length attrs members
----------  ----------- ---------- ----------- ----- -------
00000000    00000000    00004e30   00004e30    r-x
  00000000    00000000    0000026c   0000026c    r-- .intvecs
  0000026c    0000026c    00004588   00004588    r-x .text
  000047f8    000047f8    00000590   00000590    r-- .const
  00004d88    00004d88    000000a8   000000a8    r-- .cinit
20000000    20000000    00006a18   00000000    rw-
  20000000    20000000    0000026c   00000000    rw- .vtable
  2000026c    2000026c    000063b0   00000000    rw- .bss
  2000661c    2000661c    00000200   00000000    rw- .stack
  20006820    20006820    000001f8   00000000    rw- .data


SECTION ALLOCATION MAP

 output                                  attributes/
section   page    origin      length       input sections
--------  ----  ----------  ----------   ----------------
.intvecs   0    00000000    0000026c     
                  00000000    0000026c     startup_ccs.obj (.intvecs)

.text      0    0000026c    00004588     
                  0000026c    000004ec     GroundStation.obj (.text:keyboardTask)
                  00000758    00000498     rtsv7M4_T_le_v4SPD16_eabi.lib : pow.obj (.text)
                  00000bf0    0000039c     GroundStation.obj (.text:packet_division)
                  00000f8c    000002ec     rtsv7M4_T_le_v4SPD16_eabi.lib : xlog.obj (.text)
                  00001278    0000023c                                   : strtod.obj (.text)
                  000014b4    000001fc                                   : xexp.obj (.text)
                  000016b0    000001d4     GroundStation.obj (.text:main)
                  00001884    000001b6     rtsv7M4_T_le_v4SPD16_eabi.lib : fd_add_t2.obj (.text)
                  00001a3a    00000002     startup_ccs.obj (.text:FaultISR)
                  00001a3c    000001ac     GroundStation.obj (.text:packetSearch)
                  00001be8    00000178     date.obj (.text:date_init)
                  00001d60    00000136     rtsv7M4_T_le_v4SPD16_eabi.lib : fd_div_t2.obj (.text)
                  00001e96    00000132     driverlib.lib : gpio.obj (.text:GPIOPadConfigSet)
                  00001fc8    0000011c     queue.obj (.text:xQueueGenericReceive)
                  000020e4    00000110     driverlib.lib : sysctl.obj (.text:SysCtlClockGet)
                  000021f4    00000110     rtsv7M4_T_le_v4SPD16_eabi.lib : xdscale.obj (.text)
                  00002304    00000104     tasks.obj (.text:xTaskGenericCreate)
                  00002408    00000104     tasks.obj (.text:xTaskIncrementTick)
                  0000250c    000000fc     rtsv7M4_T_le_v4SPD16_eabi.lib : fd_mul_t2.obj (.text)
                  00002608    000000ec     GroundStation.obj (.text:uartTask)
                  000026f4    000000e8     queue.obj (.text:xQueueGenericSend)
                  000027dc    000000e4     tasks.obj (.text:xTaskResumeAll)
                  000028c0    000000d2     portasm.obj (.text)
                  00002992    00000002     startup_ccs.obj (.text:IntDefaultHandler)
                  00002994    000000c0     rtsv7M4_T_le_v4SPD16_eabi.lib : xdint.obj (.text)
                  00002a54    000000be                                   : xdnorm.obj (.text)
                  00002b12    00000002     startup_ccs.obj (.text:NmiSR)
                  00002b14    000000ac     heap_2.obj (.text:pvPortMalloc)
                  00002bc0    0000009c     rtsv7M4_T_le_v4SPD16_eabi.lib : memcpy_t2.obj (.text)
                  00002c5c    00000098     date.obj (.text:add_second)
                  00002cf4    00000094     tasks.obj (.text:vTaskPriorityInherit)
                  00002d88    00000090     keyboard.obj (.text:keyboard_reader)
                  00002e18    0000008c     UART.obj (.text:UART_init)
                  00002ea4    0000008c     tasks.obj (.text:vTaskSwitchContext)
                  00002f30    00000086     rtsv7M4_T_le_v4SPD16_eabi.lib : fd_cmp_t2.obj (.text:__aeabi_cdcmple)
                  00002fb6    00000002     --HOLE-- [fill = 0]
                  00002fb8    00000084     blinky.obj (.text:ftoa)
                  0000303c    00000084     queue.obj (.text:xQueueGenericReset)
                  000030c0    0000007c     GroundStation.obj (.text:buzzerTask)
                  0000313c    0000007c     tasks.obj (.text:xTaskPriorityDisinherit)
                  000031b8    0000007a     rtsv7M4_T_le_v4SPD16_eabi.lib : memset_t2.obj (.text)
                  00003232    00000002     --HOLE-- [fill = 0]
                  00003234    00000074     tasks.obj (.text:xTaskRemoveFromEventList)
                  000032a8    00000072     queue.obj (.text:prvCopyDataToQueue)
                  0000331a    0000006e     rtsv7M4_T_le_v4SPD16_eabi.lib : fd_tos_t2.obj (.text)
                  00003388    0000006c     I2C.obj (.text:I2Cinit)
                  000033f4    0000006c     rtsv7M4_T_le_v4SPD16_eabi.lib : autoinit.obj (.text)
                  00003460    0000006a                                   : copy_decompress_rle.obj (.text)
                  000034ca    00000002     --HOLE-- [fill = 0]
                  000034cc    00000068     driverlib.lib : interrupt.obj (.text:IntEnable)
                  00003534    00000066     rtsv7M4_T_le_v4SPD16_eabi.lib : xdunscal.obj (.text)
                  0000359a    00000002     --HOLE-- [fill = 0]
                  0000359c    00000064     tasks.obj (.text:vTaskPlaceOnEventList)
                  00003600    00000062     queue.obj (.text:prvUnlockQueue)
                  00003662    00000002     --HOLE-- [fill = 0]
                  00003664    00000060     driverlib.lib : timer.obj (.text:TimerConfigure)
                  000036c4    00000060     tasks.obj (.text:prvInitialiseTaskLists)
                  00003724    00000060     tasks.obj (.text:vTaskStartScheduler)
                  00003784    0000005e     LCD.obj (.text:Lcd_Init)
                  000037e2    00000002     --HOLE-- [fill = 0]
                  000037e4    0000005c     LCD.obj (.text:Lcd_Write_Char)
                  00003840    0000005c     tasks.obj (.text:vTaskDelay)
                  0000389c    00000058     tasks.obj (.text:prvCheckTasksWaitingTermination)
                  000038f4    00000056     queue.obj (.text:xQueueGiveFromISR)
                  0000394a    00000002     --HOLE-- [fill = 0]
                  0000394c    00000054     I2C.obj (.text:I2CReceiveTemp)
                  000039a0    00000054     LCD.obj (.text:Lcd_Port)
                  000039f4    00000054     tasks.obj (.text:prvInitialiseTCBVariables)
                  00003a48    00000054     tasks.obj (.text:xTaskCheckForTimeOut)
                  00003a9c    00000050     rtsv7M4_T_le_v4SPD16_eabi.lib : boot.obj (.text)
                  00003aec    0000004c     driverlib.lib : i2c.obj (.text:I2CMasterInitExpClk)
                  00003b38    0000004c                   : timer.obj (.text:_TimerIntNumberGet)
                  00003b84    0000004c     tasks.obj (.text:prvAddCurrentTaskToDelayedList)
                  00003bd0    0000004c     rtsv7M4_T_le_v4SPD16_eabi.lib : cpy_tbl.obj (.text)
                  00003c1c    0000004c     GroundStation.obj (.text:tempTask)
                  00003c68    00000048     driverlib.lib : gpio.obj (.text:GPIOPinConfigure)
                  00003cb0    00000048     I2C.obj (.text:I2CSend)
                  00003cf8    00000048     lcd1.obj (.text:Lcd_pin_Init)
                  00003d40    00000048     blinky.obj (.text:intToStr)
                  00003d88    00000048     keyboard.obj (.text:keyboard_init)
                  00003dd0    00000048     rtsv7M4_T_le_v4SPD16_eabi.lib : fd_toi_t2.obj (.text)
                  00003e18    00000048     date.obj (.text:timer_init)
                  00003e60    00000046     driverlib.lib : uart.obj (.text:UARTConfigSetExpClk)
                  00003ea6    00000002     --HOLE-- [fill = 0]
                  00003ea8    00000044     UART.obj (.text:UART_handler)
                  00003eec    00000044     rtsv7M4_T_le_v4SPD16_eabi.lib : exit.obj (.text)
                  00003f30    00000044     heap_2.obj (.text:vPortFree)
                  00003f74    00000040     LCD.obj (.text:Lcd_Cmd)
                  00003fb4    00000040     driverlib.lib : uart.obj (.text:_UARTIntNumberGet)
                  00003ff4    00000040     rtsv7M4_T_le_v4SPD16_eabi.lib : signal.obj (.text)
                  00004034    00000040     port.obj (.text:xPortStartScheduler)
                  00004074    0000003c     queue.obj (.text:xQueueGenericCreate)
                  000040b0    0000003a     tasks.obj (.text:prvAllocateTCBAndStack)
                  000040ea    00000002     --HOLE-- [fill = 0]
                  000040ec    00000038     driverlib.lib : sysctl.obj (.text:SysCtlPeripheralReady)
                  00004124    00000038     rtsv7M4_T_le_v4SPD16_eabi.lib : fs_tod_t2.obj (.text)
                  0000415c    00000038     list.obj (.text:vListInsert)
                  00004194    00000034     driverlib.lib : interrupt.obj (.text:IntRegister)
                  000041c8    00000034                   : sysctl.obj (.text:SysCtlPeripheralEnable)
                  000041fc    00000034     rtsv7M4_T_le_v4SPD16_eabi.lib : feraiseexcept.obj (.text)
                  00004230    00000030     heap_2.obj (.text:prvHeapInit)
                  00004260    00000030     rtsv7M4_T_le_v4SPD16_eabi.lib : xferaise.obj (.text)
                  00004290    0000002e                                   : i_tofd_t2.obj (.text)
                  000042be    0000002e                                   : raise.obj (.text)
                  000042ec    0000002c     port.obj (.text:xPortSysTickHandler)
                  00004318    0000002a     driverlib.lib : gpio.obj (.text:GPIODirModeSet)
                  00004342    00000002     --HOLE-- [fill = 0]
                  00004344    00000028     buzzer.obj (.text:buzzer_init)
                  0000436c    00000028     tasks.obj (.text:prvResetNextTaskUnblockTime)
                  00004394    00000028     port.obj (.text:pxPortInitialiseStack)
                  000043bc    00000026     queue.obj (.text:prvCopyDataFromQueue)
                  000043e2    00000026     blinky.obj (.text:reverse)
                  00004408    00000024     driverlib.lib : interrupt.obj (.text:IntPrioritySet)
                  0000442c    00000022     LCD.obj (.text:Lcd_Set_Cursor)
                  0000444e    00000002     --HOLE-- [fill = 0]
                  00004450    00000020     driverlib.lib : uart.obj (.text:UARTDisable)
                  00004470    00000020     list.obj (.text:uxListRemove)
                  00004490    0000001c     date.obj (.text:key_reader)
                  000044ac    0000001c     queue.obj (.text:prvIsQueueFull)
                  000044c8    0000001c     port.obj (.text:vPortEnterCritical)
                  000044e4    0000001a     queue.obj (.text:prvIsQueueEmpty)
                  000044fe    0000001a     rtsv7M4_T_le_v4SPD16_eabi.lib : log.obj (.text)
                  00004518    00000018     driverlib.lib : gpio.obj (.text:GPIOPinTypeGPIOOutput)
                  00004530    00000018                   : timer.obj (.text:TimerIntRegister)
                  00004548    00000018                   : uart.obj (.text:UARTIntRegister)
                  00004560    00000018     I2C.obj (.text:conversao)
                  00004578    00000018     tasks.obj (.text:pvTaskIncrementMutexHeldCount)
                  00004590    00000018     rtsv7M4_T_le_v4SPD16_eabi.lib : args_main.obj (.text)
                  000045a8    00000018     list.obj (.text:vListInsertEnd)
                  000045c0    00000018     port.obj (.text:vPortExitCritical)
                  000045d8    00000018     tasks.obj (.text:vTaskSetTimeOutState)
                  000045f0    00000016     list.obj (.text:vListInitialise)
                  00004606    00000014     LCD.obj (.text:Lcd_Write_String)
                  0000461a    00000014     driverlib.lib : uart.obj (.text:UARTEnable)
                  0000462e    00000002     --HOLE-- [fill = 0]
                  00004630    00000014     rtsv7M4_T_le_v4SPD16_eabi.lib : _lock.obj (.text)
                  00004644    00000014     port.obj (.text:vPortSetupTimerInterrupt)
                  00004658    00000012     driverlib.lib : gpio.obj (.text:GPIOPinTypeGPIOInput)
                  0000466a    00000012                   : gpio.obj (.text:GPIOPinTypeI2C)
                  0000467c    00000012                   : gpio.obj (.text:GPIOPinTypeI2CSCL)
                  0000468e    00000012                   : gpio.obj (.text:GPIOPinTypeUART)
                  000046a0    00000012                   : timer.obj (.text:TimerLoadSet)
                  000046b2    00000012     tasks.obj (.text:prvDeleteTCB)
                  000046c4    00000012     rtsv7M4_T_le_v4SPD16_eabi.lib : atof.obj (.text)
                  000046d6    00000010     driverlib.lib : interrupt.obj (.text:IntMasterEnable)
                  000046e6    00000010     LCD.obj (.text:Lcd_Clear)
                  000046f6    00000010     port.obj (.text:prvTaskExitError)
                  00004706    00000002     --HOLE-- [fill = 0]
                  00004708    00000010     tasks.obj (.text:vTaskSuspendAll)
                  00004718    0000000e     driverlib.lib : timer.obj (.text:TimerEnable)
                  00004726    0000000e                   : uart.obj (.text:UARTCharsAvail)
                  00004734    0000000e     rtsv7M4_T_le_v4SPD16_eabi.lib : copy_decompress_none.obj (.text:decompress:none)
                  00004742    0000000c     driverlib.lib : cpu.obj (.text:CPUcpsie)
                  0000474e    0000000c     rtsv7M4_T_le_v4SPD16_eabi.lib : copy_zero_init.obj (.text:decompress:ZI)
                  0000475a    00000002     --HOLE-- [fill = 0]
                  0000475c    0000000c     tasks.obj (.text:vTaskMissedYield)
                  00004768    0000000a     driverlib.lib : i2c.obj (.text:I2CMasterEnable)
                  00004772    0000000a                   : uart.obj (.text:UARTCharGet)
                  0000477c    0000000a                   : uart.obj (.text:UARTIntStatus)
                  00004786    0000000a     GroundStation.obj (.text:vApplicationStackOverflowHook)
                  00004790    00000008     driverlib.lib : i2c.obj (.text:I2CMasterBusy)
                  00004798    00000008                   : i2c.obj (.text:I2CMasterSlaveAddrSet)
                  000047a0    00000008                   : timer.obj (.text:TimerIntEnable)
                  000047a8    00000008                   : uart.obj (.text:UARTIntEnable)
                  000047b0    00000008     tasks.obj (.text:prvIdleTask)
                  000047b8    00000006     driverlib.lib : gpio.obj (.text:GPIOPinRead)
                  000047be    00000006                   : gpio.obj (.text:GPIOPinWrite)
                  000047c4    00000006     startup_ccs.obj (.text:ResetISR)
                  000047ca    00000006     driverlib.lib : sysctl.obj (.text:SysCtlDelay)
                  000047d0    00000006     rtsv7M4_T_le_v4SPD16_eabi.lib : copy_decompress_rle.obj (.text:decompress:rle24)
                  000047d6    00000006     list.obj (.text:vListInitialiseItem)
                  000047dc    00000004     driverlib.lib : i2c.obj (.text:I2CMasterControl)
                  000047e0    00000004                   : i2c.obj (.text:I2CMasterDataGet)
                  000047e4    00000004                   : i2c.obj (.text:I2CMasterDataPut)
                  000047e8    00000004                   : timer.obj (.text:TimerIntClear)
                  000047ec    00000004                   : uart.obj (.text:UARTIntClear)
                  000047f0    00000004     rtsv7M4_T_le_v4SPD16_eabi.lib : pre_init.obj (.text)

.const     0    000047f8    00000590     
                  000047f8    00000101     rtsv7M4_T_le_v4SPD16_eabi.lib : ctype.obj (.const:.string:_ctypes_)
                  000048f9    00000003     --HOLE-- [fill = 0]
                  000048fc    0000009c     driverlib.lib : interrupt.obj (.const:g_pui32Regs)
                  00004998    00000098     rtsv7M4_T_le_v4SPD16_eabi.lib : strtod.obj (.const)
                  00004a30    00000090     driverlib.lib : gpio.obj (.const:g_pui32GPIOBaseAddrs)
                  00004ac0    00000070                   : interrupt.obj (.const)
                  00004b30    0000006c                   : sysctl.obj (.const:g_pui32Xtals)
                  00004b9c    00000060                   : timer.obj (.const:g_ppui32TimerIntMap)
                  00004bfc    00000004     port.obj (.const)
                  00004c00    00000048     rtsv7M4_T_le_v4SPD16_eabi.lib : xexp.obj (.const)
                  00004c48    00000040     driverlib.lib : timer.obj (.const:g_ppui32TimerIntMapSnowflake)
                  00004c88    00000040                   : uart.obj (.const:g_ppui32UARTIntMap)
                  00004cc8    00000040                   : uart.obj (.const:g_ppui32UARTIntMapSnowflake)
                  00004d08    00000038     rtsv7M4_T_le_v4SPD16_eabi.lib : xlog.obj (.const:p)
                  00004d40    00000030                                   : xdint.obj (.const)
                  00004d70    00000010     keyboard.obj (.const)
                  00004d80    00000008     keyboard.obj (.const:.string)

.cinit     0    00004d88    000000a8     
                  00004d88    0000006e     (.cinit..data.load) [load image, compression = rle]
                  00004df6    00000002     --HOLE-- [fill = 0]
                  00004df8    0000000c     (__TI_handler_table)
                  00004e04    00000004     --HOLE-- [fill = 0]
                  00004e08    00000008     (.cinit..bss.load) [load image, compression = zero_init]
                  00004e10    00000008     (.cinit..vtable.load) [load image, compression = zero_init]
                  00004e18    00000018     (__TI_cinit_table)

.init_array 
*          0    00000000    00000000     UNINITIALIZED

.vtable    0    20000000    0000026c     UNINITIALIZED
                  20000000    0000026c     driverlib.lib : interrupt.obj (.vtable)

.bss       0    2000026c    000063b0     UNINITIALIZED
                  2000026c    000061a8     heap_2.obj (.bss:ucHeap)
                  20006414    00000140     tasks.obj (.bss:pxReadyTasksLists)
                  20006554    00000024     GroundStation.obj (.bss:packet)
                  20006578    00000018     (.common:date)
                  20006590    00000014     (.common:xDelayedTaskList1)
                  200065a4    00000014     (.common:xDelayedTaskList2)
                  200065b8    00000014     (.common:xPendingReadyList)
                  200065cc    00000014     (.common:xSuspendedTaskList)
                  200065e0    00000014     (.common:xTasksWaitingTermination)
                  200065f4    00000008     (.common:xEnd)
                  200065fc    00000008     (.common:xStart)
                  20006604    00000004     (.common:buzzer_queue)
                  20006608    00000004     (.common:pxDelayedTaskList)
                  2000660c    00000004     (.common:pxOverflowDelayedTaskList)
                  20006610    00000004     (.common:temp_queue)
                  20006614    00000004     (.common:uart_queue)
                  20006618    00000004     (.common:uart_semaphore)

.TI.noinit 
*          0    2000026c    00000000     UNINITIALIZED

.stack     0    2000661c    00000200     UNINITIALIZED
                  2000661c    00000200     --HOLE--

.data      0    20006820    000001f8     UNINITIALIZED
                  20006820    000000b0     rtsv7M4_T_le_v4SPD16_eabi.lib : signal.obj (.data:sigtable)
                  200068d0    00000080                                   : xvalues.obj (.data)
                  20006950    00000068                                   : xfvalues.obj (.data)
                  200069b8    00000030     tasks.obj (.data)
                  200069e8    00000008     heap_2.obj (.data)
                  200069f0    00000008     rtsv7M4_T_le_v4SPD16_eabi.lib : _lock.obj (.data)
                  200069f8    00000008                                   : exit.obj (.data)
                  20006a00    00000008                                   : feraiseexcept.obj (.data)
                  20006a08    00000004     GroundStation.obj (.data)
                  20006a0c    00000004     port.obj (.data)
                  20006a10    00000004     rtsv7M4_T_le_v4SPD16_eabi.lib : errno.obj (.data)
                  20006a14    00000004                                   : stkdepth_vars.obj (.data)

.TI.persistent 
*          0    20006820    00000000     UNINITIALIZED


LINKER GENERATED COPY TABLES

__TI_cinit_table @ 00004e18 records: 3, size/record: 8, table size: 24
	.data: load addr=00004d88, load size=0000006e bytes, run addr=20006820, run size=000001f8 bytes, compression=rle
	.bss: load addr=00004e08, load size=00000008 bytes, run addr=2000026c, run size=000063b0 bytes, compression=zero_init
	.vtable: load addr=00004e10, load size=00000008 bytes, run addr=20000000, run size=0000026c bytes, compression=zero_init


LINKER GENERATED HANDLER TABLE

__TI_handler_table @ 00004df8 records: 3, size/record: 4, table size: 12
	index: 0, handler: __TI_zero_init
	index: 1, handler: __TI_decompress_rle24
	index: 2, handler: __TI_decompress_none


GLOBAL SYMBOLS: SORTED ALPHABETICALLY BY Name 

address   name                         
-------   ----                         
00003eed  C$$EXIT                      
00004743  CPUcpsie                     
00004319  GPIODirModeSet               
00001e97  GPIOPadConfigSet             
00003c69  GPIOPinConfigure             
000047b9  GPIOPinRead                  
00004659  GPIOPinTypeGPIOInput         
00004519  GPIOPinTypeGPIOOutput        
0000466b  GPIOPinTypeI2C               
0000467d  GPIOPinTypeI2CSCL            
0000468f  GPIOPinTypeUART              
000047bf  GPIOPinWrite                 
00004791  I2CMasterBusy                
000047dd  I2CMasterControl             
000047e1  I2CMasterDataGet             
000047e5  I2CMasterDataPut             
00004769  I2CMasterEnable              
00003aed  I2CMasterInitExpClk          
00004799  I2CMasterSlaveAddrSet        
0000394d  I2CReceiveTemp               
00003cb1  I2CSend                      
00003389  I2Cinit                      
000034cd  IntEnable                    
000046d7  IntMasterEnable              
00004409  IntPrioritySet               
00004195  IntRegister                  
000046e7  Lcd_Clear                    
00003f75  Lcd_Cmd                      
00003785  Lcd_Init                     
000039a1  Lcd_Port                     
0000442d  Lcd_Set_Cursor               
000037e5  Lcd_Write_Char               
00004607  Lcd_Write_String             
00003cf9  Lcd_pin_Init                 
000047c5  ResetISR                     
UNDEFED   SHT$$INIT_ARRAY$$Base        
UNDEFED   SHT$$INIT_ARRAY$$Limit       
000020e5  SysCtlClockGet               
000047cb  SysCtlDelay                  
000041c9  SysCtlPeripheralEnable       
000040ed  SysCtlPeripheralReady        
00003665  TimerConfigure               
00004719  TimerEnable                  
000047e9  TimerIntClear                
000047a1  TimerIntEnable               
00004531  TimerIntRegister             
000046a1  TimerLoadSet                 
00004773  UARTCharGet                  
00004727  UARTCharsAvail               
00003e61  UARTConfigSetExpClk          
00004451  UARTDisable                  
0000461b  UARTEnable                   
000047ed  UARTIntClear                 
000047a9  UARTIntEnable                
00004549  UARTIntRegister              
0000477d  UARTIntStatus                
00003ea9  UART_handler                 
00002e19  UART_init                    
200068d0  _Denorm                      
00002995  _Dint                        
00002a55  _Dnorm                       
000021f5  _Dscale                      
00003535  _Dunscale                    
200068e0  _Eps                         
20006a10  _Errno                       
000014b5  _Exp                         
20006950  _FDenorm                     
20006960  _FEps                        
20006970  _FInf                        
20006980  _FNan                        
200069a0  _FRteps                      
20006990  _FSnan                       
200069b0  _FXbig                       
200069b4  _FZero                       
20006a00  _Fenv                        
00004261  _Feraise                     
200068f0  _Hugeval                     
20006900  _Inf                         
00000f8d  _Log                         
20006910  _Nan                         
20006930  _Rteps                       
20006920  _Snan                        
20006a04  _Tls_setup__Fenv             
20006940  _Xbig                        
20006948  _Zero                        
2000681c  __STACK_END                  
00000200  __STACK_SIZE                 
2000681c  __STACK_TOP                  
00004e18  __TI_CINIT_Base              
00004e30  __TI_CINIT_Limit             
00004df8  __TI_Handler_Table_Base      
00004e04  __TI_Handler_Table_Limit     
000033f5  __TI_auto_init               
200069f8  __TI_cleanup_ptr             
00004735  __TI_decompress_none         
000047d1  __TI_decompress_rle24        
200069fc  __TI_dtors_ptr               
00000000  __TI_static_base__           
0000474f  __TI_zero_init               
00002f31  __aeabi_cdcmpeq              
00002f31  __aeabi_cdcmple              
0000331b  __aeabi_d2f                  
00003dd1  __aeabi_d2iz                 
0000188f  __aeabi_dadd                 
00001d61  __aeabi_ddiv                 
0000250d  __aeabi_dmul                 
00001885  __aeabi_dsub                 
00004125  __aeabi_f2d                  
00004291  __aeabi_i2d                  
000031b9  __aeabi_memclr               
000031b9  __aeabi_memclr4              
000031b9  __aeabi_memclr8              
00002bc1  __aeabi_memcpy               
00002bc1  __aeabi_memcpy4              
00002bc1  __aeabi_memcpy8              
000031bb  __aeabi_memset               
000031bb  __aeabi_memset4              
000031bb  __aeabi_memset8              
ffffffff  __binit__                    
ffffffff  __c_args__                   
2000661c  __stack                      
00004591  _args_main                   
00003a9d  _c_int00                     
000047f8  _ctypes_                     
200069f0  _lock                        
0000463f  _nop                         
00004637  _register_lock               
00004631  _register_unlock             
000047f1  _system_pre_init             
200069f4  _unlock                      
00003ef1  abort                        
00002c5d  add_second                   
000046c5  atof                         
ffffffff  binit                        
000030c1  buzzerTask                   
00004345  buzzer_init                  
20006604  buzzer_queue                 
00004561  conversao                    
00003bd1  copy_in                      
20006578  date                         
00001be9  date_init                    
00003ef9  exit                         
000041fd  feraiseexcept                
00002fb9  ftoa                         
20000000  g_pfnRAMVectors              
00000000  g_pfnVectors                 
00003d41  intToStr                     
00004491  key_reader                   
0000026d  keyboardTask                 
00003d89  keyboard_init                
00002d89  keyboard_reader              
000044ff  log                          
000016b1  main                         
20006a14  main_func_sp                 
00002bc1  memcpy                       
000031c1  memset                       
20006554  packet                       
00001a3d  packetSearch                 
00000bf1  packet_division              
20006a08  packetcount                  
00000759  pow                          
00002b15  pvPortMalloc                 
00004579  pvTaskIncrementMutexHeldCount
200069b8  pxCurrentTCB                 
00004395  pxPortInitialiseStack        
000042bf  raise                        
000043e3  reverse                      
00003ff5  signal                       
00001279  strtod                       
00001279  strtold                      
00003c1d  tempTask                     
20006610  temp_queue                   
00003e19  timer_init                   
00002609  uartTask                     
20006614  uart_queue                   
20006618  uart_semaphore               
00004bfc  ulMaxSyscallInterruptPriority
000028d1  ulPortGetIPSR                
00004471  uxListRemove                 
00004787  vApplicationStackOverflowHook
000045f1  vListInitialise              
000047d7  vListInitialiseItem          
0000415d  vListInsert                  
000045a9  vListInsertEnd               
00002985  vPortEnableVFP               
000044c9  vPortEnterCritical           
000045c1  vPortExitCritical            
00003f31  vPortFree                    
00002949  vPortSVCHandler              
00004645  vPortSetupTimerInterrupt     
00002969  vPortStartFirstTask          
00003841  vTaskDelay                   
0000475d  vTaskMissedYield             
0000359d  vTaskPlaceOnEventList        
00002cf5  vTaskPriorityInherit         
000045d9  vTaskSetTimeOutState         
00003725  vTaskStartScheduler          
00004709  vTaskSuspendAll              
00002ea5  vTaskSwitchContext           
000028e9  xPortPendSVHandler           
00004035  xPortStartScheduler          
000042ed  xPortSysTickHandler          
00004075  xQueueGenericCreate          
00001fc9  xQueueGenericReceive         
0000303d  xQueueGenericReset           
000026f5  xQueueGenericSend            
000038f5  xQueueGiveFromISR            
00003a49  xTaskCheckForTimeOut         
00002305  xTaskGenericCreate           
00002409  xTaskIncrementTick           
0000313d  xTaskPriorityDisinherit      
00003235  xTaskRemoveFromEventList     
000027dd  xTaskResumeAll               


GLOBAL SYMBOLS: SORTED BY Symbol Address 

address   name                         
-------   ----                         
00000000  __TI_static_base__           
00000000  g_pfnVectors                 
00000200  __STACK_SIZE                 
0000026d  keyboardTask                 
00000759  pow                          
00000bf1  packet_division              
00000f8d  _Log                         
00001279  strtod                       
00001279  strtold                      
000014b5  _Exp                         
000016b1  main                         
00001885  __aeabi_dsub                 
0000188f  __aeabi_dadd                 
00001a3d  packetSearch                 
00001be9  date_init                    
00001d61  __aeabi_ddiv                 
00001e97  GPIOPadConfigSet             
00001fc9  xQueueGenericReceive         
000020e5  SysCtlClockGet               
000021f5  _Dscale                      
00002305  xTaskGenericCreate           
00002409  xTaskIncrementTick           
0000250d  __aeabi_dmul                 
00002609  uartTask                     
000026f5  xQueueGenericSend            
000027dd  xTaskResumeAll               
000028d1  ulPortGetIPSR                
000028e9  xPortPendSVHandler           
00002949  vPortSVCHandler              
00002969  vPortStartFirstTask          
00002985  vPortEnableVFP               
00002995  _Dint                        
00002a55  _Dnorm                       
00002b15  pvPortMalloc                 
00002bc1  __aeabi_memcpy               
00002bc1  __aeabi_memcpy4              
00002bc1  __aeabi_memcpy8              
00002bc1  memcpy                       
00002c5d  add_second                   
00002cf5  vTaskPriorityInherit         
00002d89  keyboard_reader              
00002e19  UART_init                    
00002ea5  vTaskSwitchContext           
00002f31  __aeabi_cdcmpeq              
00002f31  __aeabi_cdcmple              
00002fb9  ftoa                         
0000303d  xQueueGenericReset           
000030c1  buzzerTask                   
0000313d  xTaskPriorityDisinherit      
000031b9  __aeabi_memclr               
000031b9  __aeabi_memclr4              
000031b9  __aeabi_memclr8              
000031bb  __aeabi_memset               
000031bb  __aeabi_memset4              
000031bb  __aeabi_memset8              
000031c1  memset                       
00003235  xTaskRemoveFromEventList     
0000331b  __aeabi_d2f                  
00003389  I2Cinit                      
000033f5  __TI_auto_init               
000034cd  IntEnable                    
00003535  _Dunscale                    
0000359d  vTaskPlaceOnEventList        
00003665  TimerConfigure               
00003725  vTaskStartScheduler          
00003785  Lcd_Init                     
000037e5  Lcd_Write_Char               
00003841  vTaskDelay                   
000038f5  xQueueGiveFromISR            
0000394d  I2CReceiveTemp               
000039a1  Lcd_Port                     
00003a49  xTaskCheckForTimeOut         
00003a9d  _c_int00                     
00003aed  I2CMasterInitExpClk          
00003bd1  copy_in                      
00003c1d  tempTask                     
00003c69  GPIOPinConfigure             
00003cb1  I2CSend                      
00003cf9  Lcd_pin_Init                 
00003d41  intToStr                     
00003d89  keyboard_init                
00003dd1  __aeabi_d2iz                 
00003e19  timer_init                   
00003e61  UARTConfigSetExpClk          
00003ea9  UART_handler                 
00003eed  C$$EXIT                      
00003ef1  abort                        
00003ef9  exit                         
00003f31  vPortFree                    
00003f75  Lcd_Cmd                      
00003ff5  signal                       
00004035  xPortStartScheduler          
00004075  xQueueGenericCreate          
000040ed  SysCtlPeripheralReady        
00004125  __aeabi_f2d                  
0000415d  vListInsert                  
00004195  IntRegister                  
000041c9  SysCtlPeripheralEnable       
000041fd  feraiseexcept                
00004261  _Feraise                     
00004291  __aeabi_i2d                  
000042bf  raise                        
000042ed  xPortSysTickHandler          
00004319  GPIODirModeSet               
00004345  buzzer_init                  
00004395  pxPortInitialiseStack        
000043e3  reverse                      
00004409  IntPrioritySet               
0000442d  Lcd_Set_Cursor               
00004451  UARTDisable                  
00004471  uxListRemove                 
00004491  key_reader                   
000044c9  vPortEnterCritical           
000044ff  log                          
00004519  GPIOPinTypeGPIOOutput        
00004531  TimerIntRegister             
00004549  UARTIntRegister              
00004561  conversao                    
00004579  pvTaskIncrementMutexHeldCount
00004591  _args_main                   
000045a9  vListInsertEnd               
000045c1  vPortExitCritical            
000045d9  vTaskSetTimeOutState         
000045f1  vListInitialise              
00004607  Lcd_Write_String             
0000461b  UARTEnable                   
00004631  _register_unlock             
00004637  _register_lock               
0000463f  _nop                         
00004645  vPortSetupTimerInterrupt     
00004659  GPIOPinTypeGPIOInput         
0000466b  GPIOPinTypeI2C               
0000467d  GPIOPinTypeI2CSCL            
0000468f  GPIOPinTypeUART              
000046a1  TimerLoadSet                 
000046c5  atof                         
000046d7  IntMasterEnable              
000046e7  Lcd_Clear                    
00004709  vTaskSuspendAll              
00004719  TimerEnable                  
00004727  UARTCharsAvail               
00004735  __TI_decompress_none         
00004743  CPUcpsie                     
0000474f  __TI_zero_init               
0000475d  vTaskMissedYield             
00004769  I2CMasterEnable              
00004773  UARTCharGet                  
0000477d  UARTIntStatus                
00004787  vApplicationStackOverflowHook
00004791  I2CMasterBusy                
00004799  I2CMasterSlaveAddrSet        
000047a1  TimerIntEnable               
000047a9  UARTIntEnable                
000047b9  GPIOPinRead                  
000047bf  GPIOPinWrite                 
000047c5  ResetISR                     
000047cb  SysCtlDelay                  
000047d1  __TI_decompress_rle24        
000047d7  vListInitialiseItem          
000047dd  I2CMasterControl             
000047e1  I2CMasterDataGet             
000047e5  I2CMasterDataPut             
000047e9  TimerIntClear                
000047ed  UARTIntClear                 
000047f1  _system_pre_init             
000047f8  _ctypes_                     
00004bfc  ulMaxSyscallInterruptPriority
00004df8  __TI_Handler_Table_Base      
00004e04  __TI_Handler_Table_Limit     
00004e18  __TI_CINIT_Base              
00004e30  __TI_CINIT_Limit             
20000000  g_pfnRAMVectors              
20006554  packet                       
20006578  date                         
20006604  buzzer_queue                 
20006610  temp_queue                   
20006614  uart_queue                   
20006618  uart_semaphore               
2000661c  __stack                      
2000681c  __STACK_END                  
2000681c  __STACK_TOP                  
200068d0  _Denorm                      
200068e0  _Eps                         
200068f0  _Hugeval                     
20006900  _Inf                         
20006910  _Nan                         
20006920  _Snan                        
20006930  _Rteps                       
20006940  _Xbig                        
20006948  _Zero                        
20006950  _FDenorm                     
20006960  _FEps                        
20006970  _FInf                        
20006980  _FNan                        
20006990  _FSnan                       
200069a0  _FRteps                      
200069b0  _FXbig                       
200069b4  _FZero                       
200069b8  pxCurrentTCB                 
200069f0  _lock                        
200069f4  _unlock                      
200069f8  __TI_cleanup_ptr             
200069fc  __TI_dtors_ptr               
20006a00  _Fenv                        
20006a04  _Tls_setup__Fenv             
20006a08  packetcount                  
20006a10  _Errno                       
20006a14  main_func_sp                 
ffffffff  __binit__                    
ffffffff  __c_args__                   
ffffffff  binit                        
UNDEFED   SHT$$INIT_ARRAY$$Base        
UNDEFED   SHT$$INIT_ARRAY$$Limit       

[213 symbols]
