******************************************************************************
                  TI ARM Linker PC v5.2.6                      
******************************************************************************
>> Linked Wed Dec 27 12:54:37 2023

OUTPUT FILE NAME:   <GroundStation.out>
ENTRY POINT SYMBOL: "_c_int00"  address: 00005655


MEMORY CONFIGURATION

         name            origin    length      used     unused   attr    fill
----------------------  --------  ---------  --------  --------  ----  --------
  FLASH                 00000000   00040000  00006718  000398e8  R  X
  SRAM                  20000000   00008000  00007eb8  00000148  RW X


SEGMENT ALLOCATION MAP

run origin  load origin   length   init length attrs members
----------  ----------- ---------- ----------- ----- -------
00000000    00000000    00006718   00006718    r-x
  00000000    00000000    0000026c   0000026c    r-- .intvecs
  0000026c    0000026c    00006044   00006044    r-x .text
  000062b0    000062b0    00000368   00000368    r-- .const
  00006618    00006618    00000100   00000100    r-- .cinit
20000000    20000000    00007ec0   00000000    rw-
  20000000    20000000    000078dc   00000000    rw- .bss
  200078e0    200078e0    000003d4   00000000    rw- .data
  20007cb4    20007cb4    00000200   00000000    rw- .stack
  20007eb8    20007eb8    00000008   00000000    rw- .sysmem


SECTION ALLOCATION MAP

 output                                  attributes/
section   page    origin      length       input sections
--------  ----  ----------  ----------   ----------------
.intvecs   0    00000000    0000026c     
                  00000000    0000026c     startup_ccs.obj (.intvecs)

.text      0    0000026c    00006044     
                  0000026c    000010ba     rtsv7M4_T_le_v4SPD16_eabi.lib : _printfi.obj (.text)
                  00001326    00000002     startup_ccs.obj (.text:FaultISR)
                  00001328    00000498     rtsv7M4_T_le_v4SPD16_eabi.lib : pow.obj (.text)
                  000017c0    000003dc                                   : memory.obj (.text)
                  00001b9c    0000030c                                   : lowlev.obj (.text)
                  00001ea8    00000308     GroundStation.obj (.text:keyboardTask)
                  000021b0    000002ec     rtsv7M4_T_le_v4SPD16_eabi.lib : xlog.obj (.text)
                  0000249c    000002d4                                   : trgdrv.obj (.text)
                  00002770    0000023c                                   : strtod.obj (.text)
                  000029ac    000001fc                                   : xexp.obj (.text)
                  00002ba8    000001f4                                   : ull_div_t2.obj (.text)
                  00002d9c    000001ec     GroundStation.obj (.text:packet_division)
                  00002f88    000001c4     rtsv7M4_T_le_v4SPD16_eabi.lib : fopen.obj (.text)
                  0000314c    000001b6                                   : fd_add_t2.obj (.text)
                  00003302    00000002     startup_ccs.obj (.text:IntDefaultHandler)
                  00003304    00000154     GroundStation.obj (.text:main)
                  00003458    00000136     rtsv7M4_T_le_v4SPD16_eabi.lib : fd_div_t2.obj (.text)
                  0000358e    00000002     startup_ccs.obj (.text:NmiSR)
                  00003590    00000134     rtsv7M4_T_le_v4SPD16_eabi.lib : fputs.obj (.text)
                  000036c4    00000132     driverlib.lib : gpio.obj (.text:GPIOPadConfigSet)
                  000037f6    00000002     GroundStation.obj (.text:vApplicationStackOverflowHook)
                  000037f8    0000011c     queue.obj (.text:xQueueGenericReceive)
                  00003914    00000110     driverlib.lib : sysctl.obj (.text:SysCtlClockGet)
                  00003a24    00000110     rtsv7M4_T_le_v4SPD16_eabi.lib : xdscale.obj (.text)
                  00003b34    00000104     tasks.obj (.text:xTaskGenericCreate)
                  00003c38    00000104     tasks.obj (.text:xTaskIncrementTick)
                  00003d3c    000000fc     rtsv7M4_T_le_v4SPD16_eabi.lib : fd_mul_t2.obj (.text)
                  00003e38    000000e8     queue.obj (.text:xQueueGenericSend)
                  00003f20    000000e4     tasks.obj (.text:xTaskResumeAll)
                  00004004    000000dc     rtsv7M4_T_le_v4SPD16_eabi.lib : setvbuf.obj (.text)
                  000040e0    000000d2     portasm.obj (.text)
                  000041b2    00000002     --HOLE-- [fill = 0]
                  000041b4    000000c8     rtsv7M4_T_le_v4SPD16_eabi.lib : fflush.obj (.text)
                  0000427c    000000c0                                   : xdint.obj (.text)
                  0000433c    000000be                                   : xdnorm.obj (.text)
                  000043fa    00000002     --HOLE-- [fill = 0]
                  000043fc    000000ac     heap_2.obj (.text:pvPortMalloc)
                  000044a8    000000ac     rtsv7M4_T_le_v4SPD16_eabi.lib : _io_perm.obj (.text)
                  00004554    0000009c                                   : memcpy_t2.obj (.text)
                  000045f0    00000098                                   : fclose.obj (.text)
                  00004688    00000098                                   : fputc.obj (.text)
                  00004720    00000094     tasks.obj (.text:vTaskPriorityInherit)
                  000047b4    00000090     keyboard.obj (.text:keyboard_reader)
                  00004844    0000008c     tasks.obj (.text:vTaskSwitchContext)
                  000048d0    00000086     rtsv7M4_T_le_v4SPD16_eabi.lib : fd_cmp_t2.obj (.text:__aeabi_cdcmple)
                  00004956    00000086                                   : fd_cmp_t2.obj (.text:__aeabi_cdrcmple)
                  000049dc    00000084     blinky.obj (.text:ftoa)
                  00004a60    00000084     queue.obj (.text:xQueueGenericReset)
                  00004ae4    00000080     GroundStation.obj (.text:uartTask)
                  00004b64    0000007c     tasks.obj (.text:xTaskPriorityDisinherit)
                  00004be0    0000007a     rtsv7M4_T_le_v4SPD16_eabi.lib : memset_t2.obj (.text)
                  00004c5a    00000002     --HOLE-- [fill = 0]
                  00004c5c    00000074     tasks.obj (.text:xTaskRemoveFromEventList)
                  00004cd0    00000072     queue.obj (.text:prvCopyDataToQueue)
                  00004d42    00000002     --HOLE-- [fill = 0]
                  00004d44    00000070     rtsv7M4_T_le_v4SPD16_eabi.lib : printf.obj (.text)
                  00004db4    0000006e                                   : fd_tos_t2.obj (.text)
                  00004e22    00000002     --HOLE-- [fill = 0]
                  00004e24    0000006c     I2C.obj (.text:I2Cinit)
                  00004e90    0000006c     rtsv7M4_T_le_v4SPD16_eabi.lib : autoinit.obj (.text)
                  00004efc    0000006a                                   : copy_decompress_rle.obj (.text)
                  00004f66    00000002     --HOLE-- [fill = 0]
                  00004f68    00000068     UART.obj (.text:UART_init)
                  00004fd0    00000068     rtsv7M4_T_le_v4SPD16_eabi.lib : trgmsg.obj (.text)
                  00005038    00000066                                   : xdunscal.obj (.text)
                  0000509e    00000002     --HOLE-- [fill = 0]
                  000050a0    00000064                                   : fseek.obj (.text)
                  00005104    00000064     tasks.obj (.text:vTaskPlaceOnEventList)
                  00005168    00000062     queue.obj (.text:prvUnlockQueue)
                  000051ca    00000002     --HOLE-- [fill = 0]
                  000051cc    00000060     tasks.obj (.text:prvInitialiseTaskLists)
                  0000522c    00000060     tasks.obj (.text:vTaskStartScheduler)
                  0000528c    0000005e     LCD.obj (.text:Lcd_Init)
                  000052ea    00000002     --HOLE-- [fill = 0]
                  000052ec    0000005c     LCD.obj (.text:Lcd_Write_Char)
                  00005348    0000005c     GroundStation.obj (.text:buzzerTask)
                  000053a4    0000005c     tasks.obj (.text:vTaskDelay)
                  00005400    00000058     tasks.obj (.text:prvCheckTasksWaitingTermination)
                  00005458    00000056     rtsv7M4_T_le_v4SPD16_eabi.lib : ltoa.obj (.text)
                  000054ae    00000002     --HOLE-- [fill = 0]
                  000054b0    00000054     I2C.obj (.text:I2CReceiveTemp)
                  00005504    00000054     LCD.obj (.text:Lcd_Port)
                  00005558    00000054     tasks.obj (.text:prvInitialiseTCBVariables)
                  000055ac    00000054     tasks.obj (.text:xTaskCheckForTimeOut)
                  00005600    00000052     rtsv7M4_T_le_v4SPD16_eabi.lib : ldexp.obj (.text)
                  00005652    00000002     --HOLE-- [fill = 0]
                  00005654    00000050                                   : boot.obj (.text)
                  000056a4    0000004c     driverlib.lib : i2c.obj (.text:I2CMasterInitExpClk)
                  000056f0    0000004c     tasks.obj (.text:prvAddCurrentTaskToDelayedList)
                  0000573c    0000004c     rtsv7M4_T_le_v4SPD16_eabi.lib : atoi.obj (.text)
                  00005788    0000004c                                   : cpy_tbl.obj (.text)
                  000057d4    00000048     driverlib.lib : gpio.obj (.text:GPIOPinConfigure)
                  0000581c    00000048     I2C.obj (.text:I2CSend)
                  00005864    00000048     lcd1.obj (.text:Lcd_pin_Init)
                  000058ac    00000048     blinky.obj (.text:intToStr)
                  000058f4    00000048     keyboard.obj (.text:keyboard_init)
                  0000593c    00000048     rtsv7M4_T_le_v4SPD16_eabi.lib : fd_toi_t2.obj (.text)
                  00005984    00000048     GroundStation.obj (.text:tempTask)
                  000059cc    00000046     driverlib.lib : uart.obj (.text:UARTConfigSetExpClk)
                  00005a12    00000002     --HOLE-- [fill = 0]
                  00005a14    00000044     rtsv7M4_T_le_v4SPD16_eabi.lib : exit.obj (.text)
                  00005a58    00000044     heap_2.obj (.text:vPortFree)
                  00005a9c    00000040     LCD.obj (.text:Lcd_Cmd)
                  00005adc    00000040     rtsv7M4_T_le_v4SPD16_eabi.lib : signal.obj (.text)
                  00005b1c    00000040     port.obj (.text:xPortStartScheduler)
                  00005b5c    0000003c     queue.obj (.text:xQueueGenericCreate)
                  00005b98    0000003a     tasks.obj (.text:prvAllocateTCBAndStack)
                  00005bd2    00000002     --HOLE-- [fill = 0]
                  00005bd4    00000038     driverlib.lib : sysctl.obj (.text:SysCtlPeripheralReady)
                  00005c0c    00000038     rtsv7M4_T_le_v4SPD16_eabi.lib : fs_tod_t2.obj (.text)
                  00005c44    00000038     list.obj (.text:vListInsert)
                  00005c7c    00000034     driverlib.lib : sysctl.obj (.text:SysCtlPeripheralEnable)
                  00005cb0    00000034     rtsv7M4_T_le_v4SPD16_eabi.lib : feraiseexcept.obj (.text)
                  00005ce4    00000030     heap_2.obj (.text:prvHeapInit)
                  00005d14    00000030     rtsv7M4_T_le_v4SPD16_eabi.lib : strncpy.obj (.text)
                  00005d44    00000030                                   : xdclass.obj (.text)
                  00005d74    00000030                                   : xferaise.obj (.text)
                  00005da4    0000002e                                   : i_tofd_t2.obj (.text)
                  00005dd2    0000002e                                   : raise.obj (.text)
                  00005e00    0000002c     port.obj (.text:xPortSysTickHandler)
                  00005e2c    0000002a     driverlib.lib : gpio.obj (.text:GPIODirModeSet)
                  00005e56    0000002a     rtsv7M4_T_le_v4SPD16_eabi.lib : frexp.obj (.text)
                  00005e80    00000028     buzzer.obj (.text:buzzer_init)
                  00005ea8    00000028     tasks.obj (.text:prvResetNextTaskUnblockTime)
                  00005ed0    00000028     port.obj (.text:pxPortInitialiseStack)
                  00005ef8    00000026     queue.obj (.text:prvCopyDataFromQueue)
                  00005f1e    00000026     blinky.obj (.text:reverse)
                  00005f44    00000020     driverlib.lib : uart.obj (.text:UARTDisable)
                  00005f64    00000020     rtsv7M4_T_le_v4SPD16_eabi.lib : memchr.obj (.text)
                  00005f84    00000020     list.obj (.text:uxListRemove)
                  00005fa4    0000001c     queue.obj (.text:prvIsQueueFull)
                  00005fc0    0000001c     rtsv7M4_T_le_v4SPD16_eabi.lib : memccpy.obj (.text)
                  00005fdc    0000001c     port.obj (.text:vPortEnterCritical)
                  00005ff8    0000001a     queue.obj (.text:prvIsQueueEmpty)
                  00006012    0000001a     rtsv7M4_T_le_v4SPD16_eabi.lib : log.obj (.text)
                  0000602c    00000018     driverlib.lib : gpio.obj (.text:GPIOPinTypeGPIOOutput)
                  00006044    00000018     I2C.obj (.text:conversao)
                  0000605c    00000018     tasks.obj (.text:pvTaskIncrementMutexHeldCount)
                  00006074    00000018     rtsv7M4_T_le_v4SPD16_eabi.lib : args_main.obj (.text)
                  0000608c    00000018                                   : strcmp.obj (.text)
                  000060a4    00000018     list.obj (.text:vListInsertEnd)
                  000060bc    00000018     port.obj (.text:vPortExitCritical)
                  000060d4    00000018     tasks.obj (.text:vTaskSetTimeOutState)
                  000060ec    00000016     rtsv7M4_T_le_v4SPD16_eabi.lib : strchr.obj (.text)
                  00006102    00000016     list.obj (.text:vListInitialise)
                  00006118    00000014     LCD.obj (.text:Lcd_Write_String)
                  0000612c    00000014     driverlib.lib : uart.obj (.text:UARTEnable)
                  00006140    00000014     rtsv7M4_T_le_v4SPD16_eabi.lib : _lock.obj (.text)
                  00006154    00000014                                   : strcpy.obj (.text)
                  00006168    00000014                                   : strlen.obj (.text)
                  0000617c    00000014     port.obj (.text:vPortSetupTimerInterrupt)
                  00006190    00000012     driverlib.lib : gpio.obj (.text:GPIOPinTypeGPIOInput)
                  000061a2    00000012                   : gpio.obj (.text:GPIOPinTypeI2C)
                  000061b4    00000012                   : gpio.obj (.text:GPIOPinTypeI2CSCL)
                  000061c6    00000012                   : gpio.obj (.text:GPIOPinTypeUART)
                  000061d8    00000012     tasks.obj (.text:prvDeleteTCB)
                  000061ea    00000010     LCD.obj (.text:Lcd_Clear)
                  000061fa    00000010     port.obj (.text:prvTaskExitError)
                  0000620a    00000002     --HOLE-- [fill = 0]
                  0000620c    00000010     tasks.obj (.text:vTaskSuspendAll)
                  0000621c    0000000e     driverlib.lib : uart.obj (.text:UARTCharsAvail)
                  0000622a    0000000e     rtsv7M4_T_le_v4SPD16_eabi.lib : copy_decompress_none.obj (.text:decompress:none)
                  00006238    0000000c                                   : copy_zero_init.obj (.text:decompress:ZI)
                  00006244    0000000c     tasks.obj (.text:vTaskMissedYield)
                  00006250    0000000a     driverlib.lib : i2c.obj (.text:I2CMasterEnable)
                  0000625a    0000000a                   : uart.obj (.text:UARTCharGet)
                  00006264    00000008                   : i2c.obj (.text:I2CMasterBusy)
                  0000626c    00000008                   : i2c.obj (.text:I2CMasterSlaveAddrSet)
                  00006274    00000008     tasks.obj (.text:prvIdleTask)
                  0000627c    00000006     driverlib.lib : gpio.obj (.text:GPIOPinRead)
                  00006282    00000006                   : gpio.obj (.text:GPIOPinWrite)
                  00006288    00000006     startup_ccs.obj (.text:ResetISR)
                  0000628e    00000006     driverlib.lib : sysctl.obj (.text:SysCtlDelay)
                  00006294    00000006     rtsv7M4_T_le_v4SPD16_eabi.lib : copy_decompress_rle.obj (.text:decompress:rle24)
                  0000629a    00000006     list.obj (.text:vListInitialiseItem)
                  000062a0    00000004     driverlib.lib : i2c.obj (.text:I2CMasterControl)
                  000062a4    00000004                   : i2c.obj (.text:I2CMasterDataGet)
                  000062a8    00000004                   : i2c.obj (.text:I2CMasterDataPut)
                  000062ac    00000004     rtsv7M4_T_le_v4SPD16_eabi.lib : pre_init.obj (.text)

.const     0    000062b0    00000368     
                  000062b0    00000101     rtsv7M4_T_le_v4SPD16_eabi.lib : ctype.obj (.const:.string:_ctypes_)
                  000063b1    00000003     --HOLE-- [fill = 0]
                  000063b4    00000004     port.obj (.const)
                  000063b8    00000098     rtsv7M4_T_le_v4SPD16_eabi.lib : strtod.obj (.const)
                  00006450    00000090     driverlib.lib : gpio.obj (.const:g_pui32GPIOBaseAddrs)
                  000064e0    0000006c                   : sysctl.obj (.const:g_pui32Xtals)
                  0000654c    00000004     --HOLE-- [fill = 0]
                  00006550    00000048     rtsv7M4_T_le_v4SPD16_eabi.lib : xexp.obj (.const)
                  00006598    00000038                                   : xlog.obj (.const:p)
                  000065d0    00000030                                   : xdint.obj (.const)
                  00006600    00000010     keyboard.obj (.const)
                  00006610    00000008     keyboard.obj (.const:.string)

.cinit     0    00006618    00000100     
                  00006618    000000d6     (.cinit..data.load) [load image, compression = rle]
                  000066ee    00000002     --HOLE-- [fill = 0]
                  000066f0    0000000c     (__TI_handler_table)
                  000066fc    00000004     --HOLE-- [fill = 0]
                  00006700    00000008     (.cinit..bss.load) [load image, compression = zero_init]
                  00006708    00000010     (__TI_cinit_table)

.init_array 
*          0    00000000    00000000     UNINITIALIZED

.bss       0    20000000    000078dc     UNINITIALIZED
                  20000000    00007530     heap_2.obj (.bss:ucHeap)
                  20007530    00000140     tasks.obj (.bss:pxReadyTasksLists)
                  20007670    00000120     rtsv7M4_T_le_v4SPD16_eabi.lib : trgmsg.obj (.bss:__CIOBUF_)
                  20007790    000000a0                                   : defs.obj (.bss:__TI_tmpnams)
                  20007830    0000001c     (.common:packet)
                  2000784c    00000014     (.common:xDelayedTaskList1)
                  20007860    00000014     (.common:xDelayedTaskList2)
                  20007874    00000014     (.common:xPendingReadyList)
                  20007888    00000014     (.common:xSuspendedTaskList)
                  2000789c    00000014     (.common:xTasksWaitingTermination)
                  200078b0    00000008     (.common:parmbuf)
                  200078b8    00000008     (.common:xEnd)
                  200078c0    00000008     (.common:xStart)
                  200078c8    00000004     (.common:buzzer_queue)
                  200078cc    00000004     (.common:pxDelayedTaskList)
                  200078d0    00000004     (.common:pxOverflowDelayedTaskList)
                  200078d4    00000004     (.common:temp_queue)
                  200078d8    00000004     (.common:uart_queue)

.TI.noinit 
*          0    20000000    00000000     UNINITIALIZED

.data      0    200078e0    000003d4     UNINITIALIZED
                  200078e0    000000f0     rtsv7M4_T_le_v4SPD16_eabi.lib : defs.obj (.data:_ftable)
                  200079d0    000000d0                                   : lowlev.obj (.data)
                  20007aa0    000000b0                                   : signal.obj (.data:sigtable)
                  20007b50    00000080                                   : xvalues.obj (.data)
                  20007bd0    00000068                                   : xfvalues.obj (.data)
                  20007c38    00000030     tasks.obj (.data)
                  20007c68    00000010     rtsv7M4_T_le_v4SPD16_eabi.lib : defs.obj (.data)
                  20007c78    0000000c                                   : memory.obj (.data)
                  20007c84    00000008     heap_2.obj (.data)
                  20007c8c    00000008     rtsv7M4_T_le_v4SPD16_eabi.lib : _lock.obj (.data)
                  20007c94    00000008                                   : exit.obj (.data)
                  20007c9c    00000008                                   : feraiseexcept.obj (.data)
                  20007ca4    00000004     port.obj (.data)
                  20007ca8    00000004     rtsv7M4_T_le_v4SPD16_eabi.lib : errno.obj (.data)
                  20007cac    00000004                                   : fopen.obj (.data)
                  20007cb0    00000004                                   : stkdepth_vars.obj (.data)

.TI.persistent 
*          0    200078e0    00000000     UNINITIALIZED

.stack     0    20007cb4    00000200     UNINITIALIZED
                  20007cb4    00000200     --HOLE--

.sysmem    0    20007eb8    00000008     UNINITIALIZED
                  20007eb8    00000008     rtsv7M4_T_le_v4SPD16_eabi.lib : memory.obj (.sysmem)


LINKER GENERATED COPY TABLES

__TI_cinit_table @ 00006708 records: 2, size/record: 8, table size: 16
	.data: load addr=00006618, load size=000000d6 bytes, run addr=200078e0, run size=000003d4 bytes, compression=rle
	.bss: load addr=00006700, load size=00000008 bytes, run addr=20000000, run size=000078dc bytes, compression=zero_init


LINKER GENERATED HANDLER TABLE

__TI_handler_table @ 000066f0 records: 3, size/record: 4, table size: 12
	index: 0, handler: __TI_decompress_rle24
	index: 1, handler: __TI_decompress_none
	index: 2, handler: __TI_zero_init


GLOBAL SYMBOLS: SORTED ALPHABETICALLY BY Name 

address   name                         
-------   ----                         
00005a15  C$$EXIT                      
00004fff  C$$IO$$                      
00005e2d  GPIODirModeSet               
000036c5  GPIOPadConfigSet             
000057d5  GPIOPinConfigure             
0000627d  GPIOPinRead                  
00006191  GPIOPinTypeGPIOInput         
0000602d  GPIOPinTypeGPIOOutput        
000061a3  GPIOPinTypeI2C               
000061b5  GPIOPinTypeI2CSCL            
000061c7  GPIOPinTypeUART              
00006283  GPIOPinWrite                 
00002729  HOSTclock                    
000026f1  HOSTclose                    
000026b3  HOSTgetenv                   
00002657  HOSTlseek                    
00002605  HOSTopen                     
000025b9  HOSTread                     
0000255b  HOSTrename                   
00002521  HOSTtime                     
000024e9  HOSTunlink                   
0000249d  HOSTwrite                    
00006265  I2CMasterBusy                
000062a1  I2CMasterControl             
000062a5  I2CMasterDataGet             
000062a9  I2CMasterDataPut             
00006251  I2CMasterEnable              
000056a5  I2CMasterInitExpClk          
0000626d  I2CMasterSlaveAddrSet        
000054b1  I2CReceiveTemp               
0000581d  I2CSend                      
00004e25  I2Cinit                      
000061eb  Lcd_Clear                    
00005a9d  Lcd_Cmd                      
0000528d  Lcd_Init                     
00005505  Lcd_Port                     
000052ed  Lcd_Write_Char               
00006119  Lcd_Write_String             
00005865  Lcd_pin_Init                 
00006289  ResetISR                     
UNDEFED   SHT$$INIT_ARRAY$$Base        
UNDEFED   SHT$$INIT_ARRAY$$Limit       
00003915  SysCtlClockGet               
0000628f  SysCtlDelay                  
00005c7d  SysCtlPeripheralEnable       
00005bd5  SysCtlPeripheralReady        
0000625b  UARTCharGet                  
0000621d  UARTCharsAvail               
000059cd  UARTConfigSetExpClk          
00005f45  UARTDisable                  
0000612d  UARTEnable                   
00004f69  UART_init                    
00005d45  _Dclass                      
20007b50  _Denorm                      
0000427d  _Dint                        
0000433d  _Dnorm                       
00003a25  _Dscale                      
00005039  _Dunscale                    
20007b60  _Eps                         
20007ca8  _Errno                       
000029ad  _Exp                         
20007bd0  _FDenorm                     
20007be0  _FEps                        
20007bf0  _FInf                        
20007c00  _FNan                        
20007c20  _FRteps                      
20007c10  _FSnan                       
20007c30  _FXbig                       
20007c34  _FZero                       
20007c9c  _Fenv                        
00005d75  _Feraise                     
20007b70  _Hugeval                     
20007b80  _Inf                         
000021b1  _Log                         
20007b90  _Nan                         
20007bb0  _Rteps                       
20007ba0  _Snan                        
20007ca0  _Tls_setup__Fenv             
20007bc0  _Xbig                        
20007bc8  _Zero                        
20007670  __CIOBUF_                    
20007eb4  __STACK_END                  
00000200  __STACK_SIZE                 
20007eb4  __STACK_TOP                  
00000008  __SYSMEM_SIZE                
00006708  __TI_CINIT_Base              
00006718  __TI_CINIT_Limit             
000066f0  __TI_Handler_Table_Base      
000066fc  __TI_Handler_Table_Limit     
00004e91  __TI_auto_init               
00003051  __TI_cleanup                 
20007c94  __TI_cleanup_ptr             
000045f1  __TI_closefile               
0000622b  __TI_decompress_none         
00006295  __TI_decompress_rle24        
000041b5  __TI_doflush                 
20007c98  __TI_dtors_ptr               
20007c68  __TI_ft_end                  
00001021  __TI_printfi                 
0000450b  __TI_rd_ok                   
00005003  __TI_readmsg                 
00000000  __TI_static_base__           
20007790  __TI_tmpnams                 
00004fd1  __TI_writemsg                
000044a9  __TI_wrt_ok                  
00006239  __TI_zero_init               
000048d1  __aeabi_cdcmpeq              
000048d1  __aeabi_cdcmple              
00004957  __aeabi_cdrcmple             
00004db5  __aeabi_d2f                  
0000593d  __aeabi_d2iz                 
00003157  __aeabi_dadd                 
00003459  __aeabi_ddiv                 
00003d3d  __aeabi_dmul                 
0000314d  __aeabi_dsub                 
00005c0d  __aeabi_f2d                  
00005da5  __aeabi_i2d                  
00004be1  __aeabi_memclr               
00004be1  __aeabi_memclr4              
00004be1  __aeabi_memclr8              
00004555  __aeabi_memcpy               
00004555  __aeabi_memcpy4              
00004555  __aeabi_memcpy8              
00004be3  __aeabi_memset               
00004be3  __aeabi_memset4              
00004be3  __aeabi_memset8              
20007c74  __aeabi_stderr               
20007c6c  __aeabi_stdin                
20007c70  __aeabi_stdout               
00002ba9  __aeabi_uldivmod             
ffffffff  __binit__                    
ffffffff  __c_args__                   
20007cb4  __stack                      
00006075  _args_main                   
00005655  _c_int00                     
000062b0  _ctypes_                     
200078e0  _ftable                      
20007c8c  _lock                        
0000614f  _nop                         
00006147  _register_lock               
00006141  _register_unlock             
20007eb8  _sys_memory                  
000062ad  _system_pre_init             
20007c90  _unlock                      
00005a19  abort                        
00001dfd  add_device                   
0000573d  atoi                         
ffffffff  binit                        
00005349  buzzerTask                   
00005e81  buzzer_init                  
200078c8  buzzer_queue                 
00001b69  calloc                       
00001dad  close                        
00006045  conversao                    
00005789  copy_in                      
00005a21  exit                         
00004657  fclose                       
00005cb1  feraiseexcept                
00004201  fflush                       
000030a7  fopen                        
00004689  fputc                        
00003591  fputs                        
000018b7  free                         
0000307d  freopen                      
00005e57  frexp                        
000050a1  fseek                        
000049dd  ftoa                         
00000000  g_pfnVectors                 
000058ad  intToStr                     
00001ea9  keyboardTask                 
000058f5  keyboard_init                
000047b5  keyboard_reader              
00005601  ldexp                        
00006013  log                          
00001d89  lseek                        
00005459  ltoa                         
00003305  main                         
20007cb0  main_func_sp                 
0000184f  malloc                       
00001a85  memalign                     
00005fc1  memccpy                      
00005f65  memchr                       
00004555  memcpy                       
00004be9  memset                       
000017c1  minit                        
00001cdb  open                         
20007830  packet                       
00002d9d  packet_division              
00001329  pow                          
00004d4d  printf                       
00004689  putc                         
0000470d  putchar                      
0000369d  puts                         
000043fd  pvPortMalloc                 
0000605d  pvTaskIncrementMutexHeldCount
20007c38  pxCurrentTCB                 
00005ed1  pxPortInitialiseStack        
00005dd3  raise                        
00001cb7  read                         
00001979  realloc                      
00001c2d  remove                       
00001c8f  remove_device                
00001c51  rename                       
00005f1f  reverse                      
00004005  setvbuf                      
00005add  signal                       
000060ed  strchr                       
0000608d  strcmp                       
00006155  strcpy                       
00006169  strlen                       
00005d15  strncpy                      
00002771  strtod                       
00002771  strtold                      
00005985  tempTask                     
200078d4  temp_queue                   
00004ae5  uartTask                     
200078d8  uart_queue                   
000063b4  ulMaxSyscallInterruptPriority
000040f1  ulPortGetIPSR                
00001c2d  unlink                       
00005f85  uxListRemove                 
000037f7  vApplicationStackOverflowHook
00006103  vListInitialise              
0000629b  vListInitialiseItem          
00005c45  vListInsert                  
000060a5  vListInsertEnd               
000041a5  vPortEnableVFP               
00005fdd  vPortEnterCritical           
000060bd  vPortExitCritical            
00005a59  vPortFree                    
00004169  vPortSVCHandler              
0000617d  vPortSetupTimerInterrupt     
00004189  vPortStartFirstTask          
000053a5  vTaskDelay                   
00006245  vTaskMissedYield             
00005105  vTaskPlaceOnEventList        
00004721  vTaskPriorityInherit         
000060d5  vTaskSetTimeOutState         
0000522d  vTaskStartScheduler          
0000620d  vTaskSuspendAll              
00004845  vTaskSwitchContext           
00001b9d  write                        
00004109  xPortPendSVHandler           
00005b1d  xPortStartScheduler          
00005e01  xPortSysTickHandler          
00005b5d  xQueueGenericCreate          
000037f9  xQueueGenericReceive         
00004a61  xQueueGenericReset           
00003e39  xQueueGenericSend            
000055ad  xTaskCheckForTimeOut         
00003b35  xTaskGenericCreate           
00003c39  xTaskIncrementTick           
00004b65  xTaskPriorityDisinherit      
00004c5d  xTaskRemoveFromEventList     
00003f21  xTaskResumeAll               


GLOBAL SYMBOLS: SORTED BY Symbol Address 

address   name                         
-------   ----                         
00000000  __TI_static_base__           
00000000  g_pfnVectors                 
00000008  __SYSMEM_SIZE                
00000200  __STACK_SIZE                 
00001021  __TI_printfi                 
00001329  pow                          
000017c1  minit                        
0000184f  malloc                       
000018b7  free                         
00001979  realloc                      
00001a85  memalign                     
00001b69  calloc                       
00001b9d  write                        
00001c2d  remove                       
00001c2d  unlink                       
00001c51  rename                       
00001c8f  remove_device                
00001cb7  read                         
00001cdb  open                         
00001d89  lseek                        
00001dad  close                        
00001dfd  add_device                   
00001ea9  keyboardTask                 
000021b1  _Log                         
0000249d  HOSTwrite                    
000024e9  HOSTunlink                   
00002521  HOSTtime                     
0000255b  HOSTrename                   
000025b9  HOSTread                     
00002605  HOSTopen                     
00002657  HOSTlseek                    
000026b3  HOSTgetenv                   
000026f1  HOSTclose                    
00002729  HOSTclock                    
00002771  strtod                       
00002771  strtold                      
000029ad  _Exp                         
00002ba9  __aeabi_uldivmod             
00002d9d  packet_division              
00003051  __TI_cleanup                 
0000307d  freopen                      
000030a7  fopen                        
0000314d  __aeabi_dsub                 
00003157  __aeabi_dadd                 
00003305  main                         
00003459  __aeabi_ddiv                 
00003591  fputs                        
0000369d  puts                         
000036c5  GPIOPadConfigSet             
000037f7  vApplicationStackOverflowHook
000037f9  xQueueGenericReceive         
00003915  SysCtlClockGet               
00003a25  _Dscale                      
00003b35  xTaskGenericCreate           
00003c39  xTaskIncrementTick           
00003d3d  __aeabi_dmul                 
00003e39  xQueueGenericSend            
00003f21  xTaskResumeAll               
00004005  setvbuf                      
000040f1  ulPortGetIPSR                
00004109  xPortPendSVHandler           
00004169  vPortSVCHandler              
00004189  vPortStartFirstTask          
000041a5  vPortEnableVFP               
000041b5  __TI_doflush                 
00004201  fflush                       
0000427d  _Dint                        
0000433d  _Dnorm                       
000043fd  pvPortMalloc                 
000044a9  __TI_wrt_ok                  
0000450b  __TI_rd_ok                   
00004555  __aeabi_memcpy               
00004555  __aeabi_memcpy4              
00004555  __aeabi_memcpy8              
00004555  memcpy                       
000045f1  __TI_closefile               
00004657  fclose                       
00004689  fputc                        
00004689  putc                         
0000470d  putchar                      
00004721  vTaskPriorityInherit         
000047b5  keyboard_reader              
00004845  vTaskSwitchContext           
000048d1  __aeabi_cdcmpeq              
000048d1  __aeabi_cdcmple              
00004957  __aeabi_cdrcmple             
000049dd  ftoa                         
00004a61  xQueueGenericReset           
00004ae5  uartTask                     
00004b65  xTaskPriorityDisinherit      
00004be1  __aeabi_memclr               
00004be1  __aeabi_memclr4              
00004be1  __aeabi_memclr8              
00004be3  __aeabi_memset               
00004be3  __aeabi_memset4              
00004be3  __aeabi_memset8              
00004be9  memset                       
00004c5d  xTaskRemoveFromEventList     
00004d4d  printf                       
00004db5  __aeabi_d2f                  
00004e25  I2Cinit                      
00004e91  __TI_auto_init               
00004f69  UART_init                    
00004fd1  __TI_writemsg                
00004fff  C$$IO$$                      
00005003  __TI_readmsg                 
00005039  _Dunscale                    
000050a1  fseek                        
00005105  vTaskPlaceOnEventList        
0000522d  vTaskStartScheduler          
0000528d  Lcd_Init                     
000052ed  Lcd_Write_Char               
00005349  buzzerTask                   
000053a5  vTaskDelay                   
00005459  ltoa                         
000054b1  I2CReceiveTemp               
00005505  Lcd_Port                     
000055ad  xTaskCheckForTimeOut         
00005601  ldexp                        
00005655  _c_int00                     
000056a5  I2CMasterInitExpClk          
0000573d  atoi                         
00005789  copy_in                      
000057d5  GPIOPinConfigure             
0000581d  I2CSend                      
00005865  Lcd_pin_Init                 
000058ad  intToStr                     
000058f5  keyboard_init                
0000593d  __aeabi_d2iz                 
00005985  tempTask                     
000059cd  UARTConfigSetExpClk          
00005a15  C$$EXIT                      
00005a19  abort                        
00005a21  exit                         
00005a59  vPortFree                    
00005a9d  Lcd_Cmd                      
00005add  signal                       
00005b1d  xPortStartScheduler          
00005b5d  xQueueGenericCreate          
00005bd5  SysCtlPeripheralReady        
00005c0d  __aeabi_f2d                  
00005c45  vListInsert                  
00005c7d  SysCtlPeripheralEnable       
00005cb1  feraiseexcept                
00005d15  strncpy                      
00005d45  _Dclass                      
00005d75  _Feraise                     
00005da5  __aeabi_i2d                  
00005dd3  raise                        
00005e01  xPortSysTickHandler          
00005e2d  GPIODirModeSet               
00005e57  frexp                        
00005e81  buzzer_init                  
00005ed1  pxPortInitialiseStack        
00005f1f  reverse                      
00005f45  UARTDisable                  
00005f65  memchr                       
00005f85  uxListRemove                 
00005fc1  memccpy                      
00005fdd  vPortEnterCritical           
00006013  log                          
0000602d  GPIOPinTypeGPIOOutput        
00006045  conversao                    
0000605d  pvTaskIncrementMutexHeldCount
00006075  _args_main                   
0000608d  strcmp                       
000060a5  vListInsertEnd               
000060bd  vPortExitCritical            
000060d5  vTaskSetTimeOutState         
000060ed  strchr                       
00006103  vListInitialise              
00006119  Lcd_Write_String             
0000612d  UARTEnable                   
00006141  _register_unlock             
00006147  _register_lock               
0000614f  _nop                         
00006155  strcpy                       
00006169  strlen                       
0000617d  vPortSetupTimerInterrupt     
00006191  GPIOPinTypeGPIOInput         
000061a3  GPIOPinTypeI2C               
000061b5  GPIOPinTypeI2CSCL            
000061c7  GPIOPinTypeUART              
000061eb  Lcd_Clear                    
0000620d  vTaskSuspendAll              
0000621d  UARTCharsAvail               
0000622b  __TI_decompress_none         
00006239  __TI_zero_init               
00006245  vTaskMissedYield             
00006251  I2CMasterEnable              
0000625b  UARTCharGet                  
00006265  I2CMasterBusy                
0000626d  I2CMasterSlaveAddrSet        
0000627d  GPIOPinRead                  
00006283  GPIOPinWrite                 
00006289  ResetISR                     
0000628f  SysCtlDelay                  
00006295  __TI_decompress_rle24        
0000629b  vListInitialiseItem          
000062a1  I2CMasterControl             
000062a5  I2CMasterDataGet             
000062a9  I2CMasterDataPut             
000062ad  _system_pre_init             
000062b0  _ctypes_                     
000063b4  ulMaxSyscallInterruptPriority
000066f0  __TI_Handler_Table_Base      
000066fc  __TI_Handler_Table_Limit     
00006708  __TI_CINIT_Base              
00006718  __TI_CINIT_Limit             
20007670  __CIOBUF_                    
20007790  __TI_tmpnams                 
20007830  packet                       
200078c8  buzzer_queue                 
200078d4  temp_queue                   
200078d8  uart_queue                   
200078e0  _ftable                      
20007b50  _Denorm                      
20007b60  _Eps                         
20007b70  _Hugeval                     
20007b80  _Inf                         
20007b90  _Nan                         
20007ba0  _Snan                        
20007bb0  _Rteps                       
20007bc0  _Xbig                        
20007bc8  _Zero                        
20007bd0  _FDenorm                     
20007be0  _FEps                        
20007bf0  _FInf                        
20007c00  _FNan                        
20007c10  _FSnan                       
20007c20  _FRteps                      
20007c30  _FXbig                       
20007c34  _FZero                       
20007c38  pxCurrentTCB                 
20007c68  __TI_ft_end                  
20007c6c  __aeabi_stdin                
20007c70  __aeabi_stdout               
20007c74  __aeabi_stderr               
20007c8c  _lock                        
20007c90  _unlock                      
20007c94  __TI_cleanup_ptr             
20007c98  __TI_dtors_ptr               
20007c9c  _Fenv                        
20007ca0  _Tls_setup__Fenv             
20007ca8  _Errno                       
20007cb0  main_func_sp                 
20007cb4  __stack                      
20007eb4  __STACK_END                  
20007eb4  __STACK_TOP                  
20007eb8  _sys_memory                  
ffffffff  __binit__                    
ffffffff  __c_args__                   
ffffffff  binit                        
UNDEFED   SHT$$INIT_ARRAY$$Base        
UNDEFED   SHT$$INIT_ARRAY$$Limit       

[255 symbols]
