******************************************************************************
                  TI ARM Linker PC v5.2.6                      
******************************************************************************
>> Linked Fri Jan 05 14:10:44 2024

OUTPUT FILE NAME:   <GroundStation.out>
ENTRY POINT SYMBOL: "_c_int00"  address: 000035dd


MEMORY CONFIGURATION

         name            origin    length      used     unused   attr    fill
----------------------  --------  ---------  --------  --------  ----  --------
  FLASH                 00000000   00040000  0000494a  0003b6b6  R  X
  SRAM                  20000000   00008000  00004304  00003cfc  RW X


SEGMENT ALLOCATION MAP

run origin  load origin   length   init length attrs members
----------  ----------- ---------- ----------- ----- -------
00000000    00000000    00004950   00004950    r-x
  00000000    00000000    0000026c   0000026c    r-- .intvecs
  0000026c    0000026c    000040a6   000040a6    r-x .text
  00004318    00004318    00000590   00000590    r-- .const
  000048a8    000048a8    000000a8   000000a8    r-- .cinit
20000000    20000000    00004308   00000000    rw-
  20000000    20000000    0000026c   00000000    rw- .vtable
  2000026c    2000026c    00003ca0   00000000    rw- .bss
  20003f0c    20003f0c    00000200   00000000    rw- .stack
  20004110    20004110    000001f8   00000000    rw- .data


SECTION ALLOCATION MAP

 output                                  attributes/
section   page    origin      length       input sections
--------  ----  ----------  ----------   ----------------
.intvecs   0    00000000    0000026c     
                  00000000    0000026c     startup_ccs.obj (.intvecs)

.text      0    0000026c    000040a6     
                  0000026c    00000498     rtsv7M4_T_le_v4SPD16_eabi.lib : pow.obj (.text)
                  00000704    000003ac     GroundStation.obj (.text:keyboardTask)
                  00000ab0    000002ec     rtsv7M4_T_le_v4SPD16_eabi.lib : xlog.obj (.text)
                  00000d9c    0000023c                                   : strtod.obj (.text)
                  00000fd8    00000238     GroundStation.obj (.text:packet_division)
                  00001210    000001fc     rtsv7M4_T_le_v4SPD16_eabi.lib : xexp.obj (.text)
                  0000140c    000001b6                                   : fd_add_t2.obj (.text)
                  000015c2    00000002     startup_ccs.obj (.text:FaultISR)
                  000015c4    000001ac     GroundStation.obj (.text:main)
                  00001770    00000174     date.obj (.text:date_init)
                  000018e4    00000136     rtsv7M4_T_le_v4SPD16_eabi.lib : fd_div_t2.obj (.text)
                  00001a1a    00000132     driverlib.lib : gpio.obj (.text:GPIOPadConfigSet)
                  00001b4c    0000011c     queue.obj (.text:xQueueGenericReceive)
                  00001c68    00000110     driverlib.lib : sysctl.obj (.text:SysCtlClockGet)
                  00001d78    00000110     rtsv7M4_T_le_v4SPD16_eabi.lib : xdscale.obj (.text)
                  00001e88    00000104     tasks.obj (.text:xTaskGenericCreate)
                  00001f8c    00000104     tasks.obj (.text:xTaskIncrementTick)
                  00002090    000000fc     rtsv7M4_T_le_v4SPD16_eabi.lib : fd_mul_t2.obj (.text)
                  0000218c    000000e8     queue.obj (.text:xQueueGenericSend)
                  00002274    000000e4     tasks.obj (.text:xTaskResumeAll)
                  00002358    000000d2     portasm.obj (.text)
                  0000242a    00000002     startup_ccs.obj (.text:IntDefaultHandler)
                  0000242c    000000c0     rtsv7M4_T_le_v4SPD16_eabi.lib : xdint.obj (.text)
                  000024ec    000000c0     GroundStation.obj (.text:uartTask)
                  000025ac    000000be     rtsv7M4_T_le_v4SPD16_eabi.lib : xdnorm.obj (.text)
                  0000266a    00000002     startup_ccs.obj (.text:NmiSR)
                  0000266c    000000ac     heap_2.obj (.text:pvPortMalloc)
                  00002718    0000009c     rtsv7M4_T_le_v4SPD16_eabi.lib : memcpy_t2.obj (.text)
                  000027b4    00000098     date.obj (.text:add_second)
                  0000284c    00000094     tasks.obj (.text:vTaskPriorityInherit)
                  000028e0    00000090     keyboard.obj (.text:keyboard_reader)
                  00002970    0000008c     UART.obj (.text:UART_init)
                  000029fc    0000008c     tasks.obj (.text:vTaskSwitchContext)
                  00002a88    00000086     rtsv7M4_T_le_v4SPD16_eabi.lib : fd_cmp_t2.obj (.text:__aeabi_cdcmple)
                  00002b0e    00000002     GroundStation.obj (.text:vApplicationStackOverflowHook)
                  00002b10    00000084     blinky.obj (.text:ftoa)
                  00002b94    00000084     queue.obj (.text:xQueueGenericReset)
                  00002c18    0000007c     tasks.obj (.text:xTaskPriorityDisinherit)
                  00002c94    0000007a     rtsv7M4_T_le_v4SPD16_eabi.lib : memset_t2.obj (.text)
                  00002d0e    00000002     --HOLE-- [fill = 0]
                  00002d10    00000074     tasks.obj (.text:xTaskRemoveFromEventList)
                  00002d84    00000072     queue.obj (.text:prvCopyDataToQueue)
                  00002df6    0000006e     rtsv7M4_T_le_v4SPD16_eabi.lib : fd_tos_t2.obj (.text)
                  00002e64    0000006c     I2C.obj (.text:I2Cinit)
                  00002ed0    0000006c     rtsv7M4_T_le_v4SPD16_eabi.lib : autoinit.obj (.text)
                  00002f3c    0000006a                                   : copy_decompress_rle.obj (.text)
                  00002fa6    00000002     --HOLE-- [fill = 0]
                  00002fa8    00000068     driverlib.lib : interrupt.obj (.text:IntEnable)
                  00003010    00000066     rtsv7M4_T_le_v4SPD16_eabi.lib : xdunscal.obj (.text)
                  00003076    00000002     --HOLE-- [fill = 0]
                  00003078    00000064     GroundStation.obj (.text:buzzerTask)
                  000030dc    00000064     tasks.obj (.text:vTaskPlaceOnEventList)
                  00003140    00000062     queue.obj (.text:prvUnlockQueue)
                  000031a2    00000002     --HOLE-- [fill = 0]
                  000031a4    00000060     driverlib.lib : timer.obj (.text:TimerConfigure)
                  00003204    00000060     tasks.obj (.text:prvInitialiseTaskLists)
                  00003264    00000060     tasks.obj (.text:vTaskStartScheduler)
                  000032c4    0000005e     LCD.obj (.text:Lcd_Init)
                  00003322    00000002     --HOLE-- [fill = 0]
                  00003324    0000005c     LCD.obj (.text:Lcd_Write_Char)
                  00003380    0000005c     tasks.obj (.text:vTaskDelay)
                  000033dc    00000058     tasks.obj (.text:prvCheckTasksWaitingTermination)
                  00003434    00000056     queue.obj (.text:xQueueGiveFromISR)
                  0000348a    00000002     --HOLE-- [fill = 0]
                  0000348c    00000054     I2C.obj (.text:I2CReceiveTemp)
                  000034e0    00000054     LCD.obj (.text:Lcd_Port)
                  00003534    00000054     tasks.obj (.text:prvInitialiseTCBVariables)
                  00003588    00000054     tasks.obj (.text:xTaskCheckForTimeOut)
                  000035dc    00000050     rtsv7M4_T_le_v4SPD16_eabi.lib : boot.obj (.text)
                  0000362c    0000004c     driverlib.lib : i2c.obj (.text:I2CMasterInitExpClk)
                  00003678    0000004c                   : timer.obj (.text:_TimerIntNumberGet)
                  000036c4    0000004c     tasks.obj (.text:prvAddCurrentTaskToDelayedList)
                  00003710    0000004c     rtsv7M4_T_le_v4SPD16_eabi.lib : cpy_tbl.obj (.text)
                  0000375c    00000048     driverlib.lib : gpio.obj (.text:GPIOPinConfigure)
                  000037a4    00000048     I2C.obj (.text:I2CSend)
                  000037ec    00000048     lcd1.obj (.text:Lcd_pin_Init)
                  00003834    00000048     blinky.obj (.text:intToStr)
                  0000387c    00000048     keyboard.obj (.text:keyboard_init)
                  000038c4    00000048     rtsv7M4_T_le_v4SPD16_eabi.lib : fd_toi_t2.obj (.text)
                  0000390c    00000048     GroundStation.obj (.text:tempTask)
                  00003954    00000048     date.obj (.text:timer_init)
                  0000399c    00000046     driverlib.lib : uart.obj (.text:UARTConfigSetExpClk)
                  000039e2    00000002     --HOLE-- [fill = 0]
                  000039e4    00000044     UART.obj (.text:UART_handler)
                  00003a28    00000044     rtsv7M4_T_le_v4SPD16_eabi.lib : exit.obj (.text)
                  00003a6c    00000044     heap_2.obj (.text:vPortFree)
                  00003ab0    00000040     LCD.obj (.text:Lcd_Cmd)
                  00003af0    00000040     driverlib.lib : uart.obj (.text:_UARTIntNumberGet)
                  00003b30    00000040     rtsv7M4_T_le_v4SPD16_eabi.lib : signal.obj (.text)
                  00003b70    00000040     port.obj (.text:xPortStartScheduler)
                  00003bb0    0000003c     queue.obj (.text:xQueueGenericCreate)
                  00003bec    0000003a     tasks.obj (.text:prvAllocateTCBAndStack)
                  00003c26    00000002     --HOLE-- [fill = 0]
                  00003c28    00000038     driverlib.lib : sysctl.obj (.text:SysCtlPeripheralReady)
                  00003c60    00000038     rtsv7M4_T_le_v4SPD16_eabi.lib : fs_tod_t2.obj (.text)
                  00003c98    00000038     list.obj (.text:vListInsert)
                  00003cd0    00000034     driverlib.lib : interrupt.obj (.text:IntRegister)
                  00003d04    00000034                   : sysctl.obj (.text:SysCtlPeripheralEnable)
                  00003d38    00000034     rtsv7M4_T_le_v4SPD16_eabi.lib : feraiseexcept.obj (.text)
                  00003d6c    00000030     heap_2.obj (.text:prvHeapInit)
                  00003d9c    00000030     rtsv7M4_T_le_v4SPD16_eabi.lib : xferaise.obj (.text)
                  00003dcc    0000002e                                   : i_tofd_t2.obj (.text)
                  00003dfa    0000002e                                   : raise.obj (.text)
                  00003e28    0000002c     port.obj (.text:xPortSysTickHandler)
                  00003e54    0000002a     driverlib.lib : gpio.obj (.text:GPIODirModeSet)
                  00003e7e    00000002     --HOLE-- [fill = 0]
                  00003e80    00000028     buzzer.obj (.text:buzzer_init)
                  00003ea8    00000028     tasks.obj (.text:prvResetNextTaskUnblockTime)
                  00003ed0    00000028     port.obj (.text:pxPortInitialiseStack)
                  00003ef8    00000026     queue.obj (.text:prvCopyDataFromQueue)
                  00003f1e    00000026     blinky.obj (.text:reverse)
                  00003f44    00000024     driverlib.lib : interrupt.obj (.text:IntPrioritySet)
                  00003f68    00000022     LCD.obj (.text:Lcd_Set_Cursor)
                  00003f8a    00000002     --HOLE-- [fill = 0]
                  00003f8c    00000020     driverlib.lib : uart.obj (.text:UARTDisable)
                  00003fac    00000020     list.obj (.text:uxListRemove)
                  00003fcc    0000001c     date.obj (.text:key_reader)
                  00003fe8    0000001c     queue.obj (.text:prvIsQueueFull)
                  00004004    0000001c     port.obj (.text:vPortEnterCritical)
                  00004020    0000001a     queue.obj (.text:prvIsQueueEmpty)
                  0000403a    0000001a     rtsv7M4_T_le_v4SPD16_eabi.lib : log.obj (.text)
                  00004054    00000018     driverlib.lib : gpio.obj (.text:GPIOPinTypeGPIOOutput)
                  0000406c    00000018                   : timer.obj (.text:TimerIntRegister)
                  00004084    00000018                   : uart.obj (.text:UARTIntRegister)
                  0000409c    00000018     I2C.obj (.text:conversao)
                  000040b4    00000018     tasks.obj (.text:pvTaskIncrementMutexHeldCount)
                  000040cc    00000018     rtsv7M4_T_le_v4SPD16_eabi.lib : args_main.obj (.text)
                  000040e4    00000018     list.obj (.text:vListInsertEnd)
                  000040fc    00000018     port.obj (.text:vPortExitCritical)
                  00004114    00000018     tasks.obj (.text:vTaskSetTimeOutState)
                  0000412c    00000016     list.obj (.text:vListInitialise)
                  00004142    00000014     LCD.obj (.text:Lcd_Write_String)
                  00004156    00000014     driverlib.lib : uart.obj (.text:UARTEnable)
                  0000416a    00000002     --HOLE-- [fill = 0]
                  0000416c    00000014     rtsv7M4_T_le_v4SPD16_eabi.lib : _lock.obj (.text)
                  00004180    00000014     port.obj (.text:vPortSetupTimerInterrupt)
                  00004194    00000012     driverlib.lib : gpio.obj (.text:GPIOPinTypeGPIOInput)
                  000041a6    00000012                   : gpio.obj (.text:GPIOPinTypeI2C)
                  000041b8    00000012                   : gpio.obj (.text:GPIOPinTypeI2CSCL)
                  000041ca    00000012                   : gpio.obj (.text:GPIOPinTypeUART)
                  000041dc    00000012                   : timer.obj (.text:TimerLoadSet)
                  000041ee    00000012     tasks.obj (.text:prvDeleteTCB)
                  00004200    00000010     driverlib.lib : interrupt.obj (.text:IntMasterEnable)
                  00004210    00000010     LCD.obj (.text:Lcd_Clear)
                  00004220    00000010     port.obj (.text:prvTaskExitError)
                  00004230    00000010     tasks.obj (.text:vTaskSuspendAll)
                  00004240    0000000e     driverlib.lib : timer.obj (.text:TimerEnable)
                  0000424e    0000000e                   : uart.obj (.text:UARTCharsAvail)
                  0000425c    0000000e     rtsv7M4_T_le_v4SPD16_eabi.lib : copy_decompress_none.obj (.text:decompress:none)
                  0000426a    0000000c     driverlib.lib : cpu.obj (.text:CPUcpsie)
                  00004276    0000000c     rtsv7M4_T_le_v4SPD16_eabi.lib : copy_zero_init.obj (.text:decompress:ZI)
                  00004282    00000002     --HOLE-- [fill = 0]
                  00004284    0000000c     tasks.obj (.text:vTaskMissedYield)
                  00004290    0000000a     driverlib.lib : i2c.obj (.text:I2CMasterEnable)
                  0000429a    0000000a                   : uart.obj (.text:UARTCharGet)
                  000042a4    0000000a                   : uart.obj (.text:UARTIntStatus)
                  000042ae    00000008                   : i2c.obj (.text:I2CMasterBusy)
                  000042b6    00000008                   : i2c.obj (.text:I2CMasterSlaveAddrSet)
                  000042be    00000008                   : timer.obj (.text:TimerIntEnable)
                  000042c6    00000008                   : uart.obj (.text:UARTIntEnable)
                  000042ce    00000008     tasks.obj (.text:prvIdleTask)
                  000042d6    00000006     driverlib.lib : gpio.obj (.text:GPIOPinRead)
                  000042dc    00000006                   : gpio.obj (.text:GPIOPinWrite)
                  000042e2    00000006     startup_ccs.obj (.text:ResetISR)
                  000042e8    00000006     driverlib.lib : sysctl.obj (.text:SysCtlDelay)
                  000042ee    00000006     rtsv7M4_T_le_v4SPD16_eabi.lib : copy_decompress_rle.obj (.text:decompress:rle24)
                  000042f4    00000006     list.obj (.text:vListInitialiseItem)
                  000042fa    00000004     driverlib.lib : i2c.obj (.text:I2CMasterControl)
                  000042fe    00000004                   : i2c.obj (.text:I2CMasterDataGet)
                  00004302    00000004                   : i2c.obj (.text:I2CMasterDataPut)
                  00004306    00000004                   : timer.obj (.text:TimerIntClear)
                  0000430a    00000004                   : uart.obj (.text:UARTIntClear)
                  0000430e    00000004     rtsv7M4_T_le_v4SPD16_eabi.lib : pre_init.obj (.text)

.const     0    00004318    00000590     
                  00004318    00000101     rtsv7M4_T_le_v4SPD16_eabi.lib : ctype.obj (.const:.string:_ctypes_)
                  00004419    00000003     --HOLE-- [fill = 0]
                  0000441c    0000009c     driverlib.lib : interrupt.obj (.const:g_pui32Regs)
                  000044b8    00000098     rtsv7M4_T_le_v4SPD16_eabi.lib : strtod.obj (.const)
                  00004550    00000090     driverlib.lib : gpio.obj (.const:g_pui32GPIOBaseAddrs)
                  000045e0    00000070                   : interrupt.obj (.const)
                  00004650    0000006c                   : sysctl.obj (.const:g_pui32Xtals)
                  000046bc    00000060                   : timer.obj (.const:g_ppui32TimerIntMap)
                  0000471c    00000004     port.obj (.const)
                  00004720    00000048     rtsv7M4_T_le_v4SPD16_eabi.lib : xexp.obj (.const)
                  00004768    00000040     driverlib.lib : timer.obj (.const:g_ppui32TimerIntMapSnowflake)
                  000047a8    00000040                   : uart.obj (.const:g_ppui32UARTIntMap)
                  000047e8    00000040                   : uart.obj (.const:g_ppui32UARTIntMapSnowflake)
                  00004828    00000038     rtsv7M4_T_le_v4SPD16_eabi.lib : xlog.obj (.const:p)
                  00004860    00000030                                   : xdint.obj (.const)
                  00004890    00000010     keyboard.obj (.const)
                  000048a0    00000008     keyboard.obj (.const:.string)

.cinit     0    000048a8    000000a8     
                  000048a8    0000006e     (.cinit..data.load) [load image, compression = rle]
                  00004916    00000002     --HOLE-- [fill = 0]
                  00004918    0000000c     (__TI_handler_table)
                  00004924    00000004     --HOLE-- [fill = 0]
                  00004928    00000008     (.cinit..bss.load) [load image, compression = zero_init]
                  00004930    00000008     (.cinit..vtable.load) [load image, compression = zero_init]
                  00004938    00000018     (__TI_cinit_table)

.init_array 
*          0    00000000    00000000     UNINITIALIZED

.vtable    0    20000000    0000026c     UNINITIALIZED
                  20000000    0000026c     driverlib.lib : interrupt.obj (.vtable)

.bss       0    2000026c    00003ca0     UNINITIALIZED
                  2000026c    00003a98     heap_2.obj (.bss:ucHeap)
                  20003d04    00000140     tasks.obj (.bss:pxReadyTasksLists)
                  20003e44    00000024     GroundStation.obj (.bss:packet)
                  20003e68    00000018     (.common:date)
                  20003e80    00000014     (.common:xDelayedTaskList1)
                  20003e94    00000014     (.common:xDelayedTaskList2)
                  20003ea8    00000014     (.common:xPendingReadyList)
                  20003ebc    00000014     (.common:xSuspendedTaskList)
                  20003ed0    00000014     (.common:xTasksWaitingTermination)
                  20003ee4    00000008     (.common:xEnd)
                  20003eec    00000008     (.common:xStart)
                  20003ef4    00000004     (.common:buzzer_queue)
                  20003ef8    00000004     (.common:pxDelayedTaskList)
                  20003efc    00000004     (.common:pxOverflowDelayedTaskList)
                  20003f00    00000004     (.common:temp_queue)
                  20003f04    00000004     (.common:uart_queue)
                  20003f08    00000004     (.common:uart_semaphore)

.TI.noinit 
*          0    2000026c    00000000     UNINITIALIZED

.stack     0    20003f0c    00000200     UNINITIALIZED
                  20003f0c    00000200     --HOLE--

.data      0    20004110    000001f8     UNINITIALIZED
                  20004110    000000b0     rtsv7M4_T_le_v4SPD16_eabi.lib : signal.obj (.data:sigtable)
                  200041c0    00000080                                   : xvalues.obj (.data)
                  20004240    00000068                                   : xfvalues.obj (.data)
                  200042a8    00000030     tasks.obj (.data)
                  200042d8    00000008     heap_2.obj (.data)
                  200042e0    00000008     rtsv7M4_T_le_v4SPD16_eabi.lib : _lock.obj (.data)
                  200042e8    00000008                                   : exit.obj (.data)
                  200042f0    00000008                                   : feraiseexcept.obj (.data)
                  200042f8    00000004     GroundStation.obj (.data)
                  200042fc    00000004     port.obj (.data)
                  20004300    00000004     rtsv7M4_T_le_v4SPD16_eabi.lib : errno.obj (.data)
                  20004304    00000004                                   : stkdepth_vars.obj (.data)

.TI.persistent 
*          0    20004110    00000000     UNINITIALIZED


LINKER GENERATED COPY TABLES

__TI_cinit_table @ 00004938 records: 3, size/record: 8, table size: 24
	.data: load addr=000048a8, load size=0000006e bytes, run addr=20004110, run size=000001f8 bytes, compression=rle
	.bss: load addr=00004928, load size=00000008 bytes, run addr=2000026c, run size=00003ca0 bytes, compression=zero_init
	.vtable: load addr=00004930, load size=00000008 bytes, run addr=20000000, run size=0000026c bytes, compression=zero_init


LINKER GENERATED HANDLER TABLE

__TI_handler_table @ 00004918 records: 3, size/record: 4, table size: 12
	index: 0, handler: __TI_zero_init
	index: 1, handler: __TI_decompress_rle24
	index: 2, handler: __TI_decompress_none


GLOBAL SYMBOLS: SORTED ALPHABETICALLY BY Name 

address   name                         
-------   ----                         
00003a29  C$$EXIT                      
0000426b  CPUcpsie                     
00003e55  GPIODirModeSet               
00001a1b  GPIOPadConfigSet             
0000375d  GPIOPinConfigure             
000042d7  GPIOPinRead                  
00004195  GPIOPinTypeGPIOInput         
00004055  GPIOPinTypeGPIOOutput        
000041a7  GPIOPinTypeI2C               
000041b9  GPIOPinTypeI2CSCL            
000041cb  GPIOPinTypeUART              
000042dd  GPIOPinWrite                 
000042af  I2CMasterBusy                
000042fb  I2CMasterControl             
000042ff  I2CMasterDataGet             
00004303  I2CMasterDataPut             
00004291  I2CMasterEnable              
0000362d  I2CMasterInitExpClk          
000042b7  I2CMasterSlaveAddrSet        
0000348d  I2CReceiveTemp               
000037a5  I2CSend                      
00002e65  I2Cinit                      
00002fa9  IntEnable                    
00004201  IntMasterEnable              
00003f45  IntPrioritySet               
00003cd1  IntRegister                  
00004211  Lcd_Clear                    
00003ab1  Lcd_Cmd                      
000032c5  Lcd_Init                     
000034e1  Lcd_Port                     
00003f69  Lcd_Set_Cursor               
00003325  Lcd_Write_Char               
00004143  Lcd_Write_String             
000037ed  Lcd_pin_Init                 
000042e3  ResetISR                     
UNDEFED   SHT$$INIT_ARRAY$$Base        
UNDEFED   SHT$$INIT_ARRAY$$Limit       
00001c69  SysCtlClockGet               
000042e9  SysCtlDelay                  
00003d05  SysCtlPeripheralEnable       
00003c29  SysCtlPeripheralReady        
000031a5  TimerConfigure               
00004241  TimerEnable                  
00004307  TimerIntClear                
000042bf  TimerIntEnable               
0000406d  TimerIntRegister             
000041dd  TimerLoadSet                 
0000429b  UARTCharGet                  
0000424f  UARTCharsAvail               
0000399d  UARTConfigSetExpClk          
00003f8d  UARTDisable                  
00004157  UARTEnable                   
0000430b  UARTIntClear                 
000042c7  UARTIntEnable                
00004085  UARTIntRegister              
000042a5  UARTIntStatus                
000039e5  UART_handler                 
00002971  UART_init                    
200041c0  _Denorm                      
0000242d  _Dint                        
000025ad  _Dnorm                       
00001d79  _Dscale                      
00003011  _Dunscale                    
200041d0  _Eps                         
20004300  _Errno                       
00001211  _Exp                         
20004240  _FDenorm                     
20004250  _FEps                        
20004260  _FInf                        
20004270  _FNan                        
20004290  _FRteps                      
20004280  _FSnan                       
200042a0  _FXbig                       
200042a4  _FZero                       
200042f0  _Fenv                        
00003d9d  _Feraise                     
200041e0  _Hugeval                     
200041f0  _Inf                         
00000ab1  _Log                         
20004200  _Nan                         
20004220  _Rteps                       
20004210  _Snan                        
200042f4  _Tls_setup__Fenv             
20004230  _Xbig                        
20004238  _Zero                        
2000410c  __STACK_END                  
00000200  __STACK_SIZE                 
2000410c  __STACK_TOP                  
00004938  __TI_CINIT_Base              
00004950  __TI_CINIT_Limit             
00004918  __TI_Handler_Table_Base      
00004924  __TI_Handler_Table_Limit     
00002ed1  __TI_auto_init               
200042e8  __TI_cleanup_ptr             
0000425d  __TI_decompress_none         
000042ef  __TI_decompress_rle24        
200042ec  __TI_dtors_ptr               
00000000  __TI_static_base__           
00004277  __TI_zero_init               
00002a89  __aeabi_cdcmpeq              
00002a89  __aeabi_cdcmple              
00002df7  __aeabi_d2f                  
000038c5  __aeabi_d2iz                 
00001417  __aeabi_dadd                 
000018e5  __aeabi_ddiv                 
00002091  __aeabi_dmul                 
0000140d  __aeabi_dsub                 
00003c61  __aeabi_f2d                  
00003dcd  __aeabi_i2d                  
00002c95  __aeabi_memclr               
00002c95  __aeabi_memclr4              
00002c95  __aeabi_memclr8              
00002719  __aeabi_memcpy               
00002719  __aeabi_memcpy4              
00002719  __aeabi_memcpy8              
00002c97  __aeabi_memset               
00002c97  __aeabi_memset4              
00002c97  __aeabi_memset8              
ffffffff  __binit__                    
ffffffff  __c_args__                   
20003f0c  __stack                      
000040cd  _args_main                   
000035dd  _c_int00                     
00004318  _ctypes_                     
200042e0  _lock                        
0000417b  _nop                         
00004173  _register_lock               
0000416d  _register_unlock             
0000430f  _system_pre_init             
200042e4  _unlock                      
00003a2d  abort                        
000027b5  add_second                   
ffffffff  binit                        
00003079  buzzerTask                   
00003e81  buzzer_init                  
20003ef4  buzzer_queue                 
0000409d  conversao                    
00003711  copy_in                      
20003e68  date                         
00001771  date_init                    
00003a35  exit                         
00003d39  feraiseexcept                
00002b11  ftoa                         
20000000  g_pfnRAMVectors              
00000000  g_pfnVectors                 
00003835  intToStr                     
00003fcd  key_reader                   
00000705  keyboardTask                 
0000387d  keyboard_init                
000028e1  keyboard_reader              
0000403b  log                          
000015c5  main                         
20004304  main_func_sp                 
00002719  memcpy                       
00002c9d  memset                       
20003e44  packet                       
00000fd9  packet_division              
200042f8  packetcount                  
0000026d  pow                          
0000266d  pvPortMalloc                 
000040b5  pvTaskIncrementMutexHeldCount
200042a8  pxCurrentTCB                 
00003ed1  pxPortInitialiseStack        
00003dfb  raise                        
00003f1f  reverse                      
00003b31  signal                       
00000d9d  strtod                       
00000d9d  strtold                      
0000390d  tempTask                     
20003f00  temp_queue                   
00003955  timer_init                   
000024ed  uartTask                     
20003f04  uart_queue                   
20003f08  uart_semaphore               
0000471c  ulMaxSyscallInterruptPriority
00002369  ulPortGetIPSR                
00003fad  uxListRemove                 
00002b0f  vApplicationStackOverflowHook
0000412d  vListInitialise              
000042f5  vListInitialiseItem          
00003c99  vListInsert                  
000040e5  vListInsertEnd               
0000241d  vPortEnableVFP               
00004005  vPortEnterCritical           
000040fd  vPortExitCritical            
00003a6d  vPortFree                    
000023e1  vPortSVCHandler              
00004181  vPortSetupTimerInterrupt     
00002401  vPortStartFirstTask          
00003381  vTaskDelay                   
00004285  vTaskMissedYield             
000030dd  vTaskPlaceOnEventList        
0000284d  vTaskPriorityInherit         
00004115  vTaskSetTimeOutState         
00003265  vTaskStartScheduler          
00004231  vTaskSuspendAll              
000029fd  vTaskSwitchContext           
00002381  xPortPendSVHandler           
00003b71  xPortStartScheduler          
00003e29  xPortSysTickHandler          
00003bb1  xQueueGenericCreate          
00001b4d  xQueueGenericReceive         
00002b95  xQueueGenericReset           
0000218d  xQueueGenericSend            
00003435  xQueueGiveFromISR            
00003589  xTaskCheckForTimeOut         
00001e89  xTaskGenericCreate           
00001f8d  xTaskIncrementTick           
00002c19  xTaskPriorityDisinherit      
00002d11  xTaskRemoveFromEventList     
00002275  xTaskResumeAll               


GLOBAL SYMBOLS: SORTED BY Symbol Address 

address   name                         
-------   ----                         
00000000  __TI_static_base__           
00000000  g_pfnVectors                 
00000200  __STACK_SIZE                 
0000026d  pow                          
00000705  keyboardTask                 
00000ab1  _Log                         
00000d9d  strtod                       
00000d9d  strtold                      
00000fd9  packet_division              
00001211  _Exp                         
0000140d  __aeabi_dsub                 
00001417  __aeabi_dadd                 
000015c5  main                         
00001771  date_init                    
000018e5  __aeabi_ddiv                 
00001a1b  GPIOPadConfigSet             
00001b4d  xQueueGenericReceive         
00001c69  SysCtlClockGet               
00001d79  _Dscale                      
00001e89  xTaskGenericCreate           
00001f8d  xTaskIncrementTick           
00002091  __aeabi_dmul                 
0000218d  xQueueGenericSend            
00002275  xTaskResumeAll               
00002369  ulPortGetIPSR                
00002381  xPortPendSVHandler           
000023e1  vPortSVCHandler              
00002401  vPortStartFirstTask          
0000241d  vPortEnableVFP               
0000242d  _Dint                        
000024ed  uartTask                     
000025ad  _Dnorm                       
0000266d  pvPortMalloc                 
00002719  __aeabi_memcpy               
00002719  __aeabi_memcpy4              
00002719  __aeabi_memcpy8              
00002719  memcpy                       
000027b5  add_second                   
0000284d  vTaskPriorityInherit         
000028e1  keyboard_reader              
00002971  UART_init                    
000029fd  vTaskSwitchContext           
00002a89  __aeabi_cdcmpeq              
00002a89  __aeabi_cdcmple              
00002b0f  vApplicationStackOverflowHook
00002b11  ftoa                         
00002b95  xQueueGenericReset           
00002c19  xTaskPriorityDisinherit      
00002c95  __aeabi_memclr               
00002c95  __aeabi_memclr4              
00002c95  __aeabi_memclr8              
00002c97  __aeabi_memset               
00002c97  __aeabi_memset4              
00002c97  __aeabi_memset8              
00002c9d  memset                       
00002d11  xTaskRemoveFromEventList     
00002df7  __aeabi_d2f                  
00002e65  I2Cinit                      
00002ed1  __TI_auto_init               
00002fa9  IntEnable                    
00003011  _Dunscale                    
00003079  buzzerTask                   
000030dd  vTaskPlaceOnEventList        
000031a5  TimerConfigure               
00003265  vTaskStartScheduler          
000032c5  Lcd_Init                     
00003325  Lcd_Write_Char               
00003381  vTaskDelay                   
00003435  xQueueGiveFromISR            
0000348d  I2CReceiveTemp               
000034e1  Lcd_Port                     
00003589  xTaskCheckForTimeOut         
000035dd  _c_int00                     
0000362d  I2CMasterInitExpClk          
00003711  copy_in                      
0000375d  GPIOPinConfigure             
000037a5  I2CSend                      
000037ed  Lcd_pin_Init                 
00003835  intToStr                     
0000387d  keyboard_init                
000038c5  __aeabi_d2iz                 
0000390d  tempTask                     
00003955  timer_init                   
0000399d  UARTConfigSetExpClk          
000039e5  UART_handler                 
00003a29  C$$EXIT                      
00003a2d  abort                        
00003a35  exit                         
00003a6d  vPortFree                    
00003ab1  Lcd_Cmd                      
00003b31  signal                       
00003b71  xPortStartScheduler          
00003bb1  xQueueGenericCreate          
00003c29  SysCtlPeripheralReady        
00003c61  __aeabi_f2d                  
00003c99  vListInsert                  
00003cd1  IntRegister                  
00003d05  SysCtlPeripheralEnable       
00003d39  feraiseexcept                
00003d9d  _Feraise                     
00003dcd  __aeabi_i2d                  
00003dfb  raise                        
00003e29  xPortSysTickHandler          
00003e55  GPIODirModeSet               
00003e81  buzzer_init                  
00003ed1  pxPortInitialiseStack        
00003f1f  reverse                      
00003f45  IntPrioritySet               
00003f69  Lcd_Set_Cursor               
00003f8d  UARTDisable                  
00003fad  uxListRemove                 
00003fcd  key_reader                   
00004005  vPortEnterCritical           
0000403b  log                          
00004055  GPIOPinTypeGPIOOutput        
0000406d  TimerIntRegister             
00004085  UARTIntRegister              
0000409d  conversao                    
000040b5  pvTaskIncrementMutexHeldCount
000040cd  _args_main                   
000040e5  vListInsertEnd               
000040fd  vPortExitCritical            
00004115  vTaskSetTimeOutState         
0000412d  vListInitialise              
00004143  Lcd_Write_String             
00004157  UARTEnable                   
0000416d  _register_unlock             
00004173  _register_lock               
0000417b  _nop                         
00004181  vPortSetupTimerInterrupt     
00004195  GPIOPinTypeGPIOInput         
000041a7  GPIOPinTypeI2C               
000041b9  GPIOPinTypeI2CSCL            
000041cb  GPIOPinTypeUART              
000041dd  TimerLoadSet                 
00004201  IntMasterEnable              
00004211  Lcd_Clear                    
00004231  vTaskSuspendAll              
00004241  TimerEnable                  
0000424f  UARTCharsAvail               
0000425d  __TI_decompress_none         
0000426b  CPUcpsie                     
00004277  __TI_zero_init               
00004285  vTaskMissedYield             
00004291  I2CMasterEnable              
0000429b  UARTCharGet                  
000042a5  UARTIntStatus                
000042af  I2CMasterBusy                
000042b7  I2CMasterSlaveAddrSet        
000042bf  TimerIntEnable               
000042c7  UARTIntEnable                
000042d7  GPIOPinRead                  
000042dd  GPIOPinWrite                 
000042e3  ResetISR                     
000042e9  SysCtlDelay                  
000042ef  __TI_decompress_rle24        
000042f5  vListInitialiseItem          
000042fb  I2CMasterControl             
000042ff  I2CMasterDataGet             
00004303  I2CMasterDataPut             
00004307  TimerIntClear                
0000430b  UARTIntClear                 
0000430f  _system_pre_init             
00004318  _ctypes_                     
0000471c  ulMaxSyscallInterruptPriority
00004918  __TI_Handler_Table_Base      
00004924  __TI_Handler_Table_Limit     
00004938  __TI_CINIT_Base              
00004950  __TI_CINIT_Limit             
20000000  g_pfnRAMVectors              
20003e44  packet                       
20003e68  date                         
20003ef4  buzzer_queue                 
20003f00  temp_queue                   
20003f04  uart_queue                   
20003f08  uart_semaphore               
20003f0c  __stack                      
2000410c  __STACK_END                  
2000410c  __STACK_TOP                  
200041c0  _Denorm                      
200041d0  _Eps                         
200041e0  _Hugeval                     
200041f0  _Inf                         
20004200  _Nan                         
20004210  _Snan                        
20004220  _Rteps                       
20004230  _Xbig                        
20004238  _Zero                        
20004240  _FDenorm                     
20004250  _FEps                        
20004260  _FInf                        
20004270  _FNan                        
20004280  _FSnan                       
20004290  _FRteps                      
200042a0  _FXbig                       
200042a4  _FZero                       
200042a8  pxCurrentTCB                 
200042e0  _lock                        
200042e4  _unlock                      
200042e8  __TI_cleanup_ptr             
200042ec  __TI_dtors_ptr               
200042f0  _Fenv                        
200042f4  _Tls_setup__Fenv             
200042f8  packetcount                  
20004300  _Errno                       
20004304  main_func_sp                 
ffffffff  __binit__                    
ffffffff  __c_args__                   
ffffffff  binit                        
UNDEFED   SHT$$INIT_ARRAY$$Base        
UNDEFED   SHT$$INIT_ARRAY$$Limit       

[211 symbols]
