******************************************************************************
                  TI ARM Linker PC v5.2.6                      
******************************************************************************
>> Linked Thu Dec 28 20:29:42 2023

OUTPUT FILE NAME:   <GroundStation.out>
ENTRY POINT SYMBOL: "_c_int00"  address: 000059c1


MEMORY CONFIGURATION

         name            origin    length      used     unused   attr    fill
----------------------  --------  ---------  --------  --------  ----  --------
  FLASH                 00000000   00040000  00006d10  000392f0  R  X
  SRAM                  20000000   00008000  000046a4  0000395c  RW X


SEGMENT ALLOCATION MAP

run origin  load origin   length   init length attrs members
----------  ----------- ---------- ----------- ----- -------
00000000    00000000    00006d10   00006d10    r-x
  00000000    00000000    0000026c   0000026c    r-- .intvecs
  0000026c    0000026c    0000651c   0000651c    r-x .text
  00006788    00006788    00000478   00000478    r-- .const
  00006c00    00006c00    00000110   00000110    r-- .cinit
20000000    20000000    000046a8   00000000    rw-
  20000000    20000000    0000026c   00000000    rw- .vtable
  2000026c    2000026c    00003e5c   00000000    rw- .bss
  200040c8    200040c8    000003d4   00000000    rw- .data
  2000449c    2000449c    00000200   00000000    rw- .stack
  200046a0    200046a0    00000008   00000000    rw- .sysmem


SECTION ALLOCATION MAP

 output                                  attributes/
section   page    origin      length       input sections
--------  ----  ----------  ----------   ----------------
.intvecs   0    00000000    0000026c     
                  00000000    0000026c     startup_ccs.obj (.intvecs)

.text      0    0000026c    0000651c     
                  0000026c    000010ba     rtsv7M4_T_le_v4SPD16_eabi.lib : _printfi.obj (.text)
                  00001326    00000002     startup_ccs.obj (.text:FaultISR)
                  00001328    00000498     rtsv7M4_T_le_v4SPD16_eabi.lib : pow.obj (.text)
                  000017c0    000003dc                                   : memory.obj (.text)
                  00001b9c    0000039c     GroundStation.obj (.text:keyboardTask)
                  00001f38    0000030c     rtsv7M4_T_le_v4SPD16_eabi.lib : lowlev.obj (.text)
                  00002244    000002ec                                   : xlog.obj (.text)
                  00002530    000002d4                                   : trgdrv.obj (.text)
                  00002804    0000023c                                   : strtod.obj (.text)
                  00002a40    000001fc                                   : xexp.obj (.text)
                  00002c3c    000001f4                                   : ull_div_t2.obj (.text)
                  00002e30    000001ec     GroundStation.obj (.text:packet_division)
                  0000301c    000001c4     rtsv7M4_T_le_v4SPD16_eabi.lib : fopen.obj (.text)
                  000031e0    000001b6                                   : fd_add_t2.obj (.text)
                  00003396    00000002     startup_ccs.obj (.text:IntDefaultHandler)
                  00003398    00000174     date.obj (.text:date_init)
                  0000350c    00000158     GroundStation.obj (.text:main)
                  00003664    00000136     rtsv7M4_T_le_v4SPD16_eabi.lib : fd_div_t2.obj (.text)
                  0000379a    00000002     startup_ccs.obj (.text:NmiSR)
                  0000379c    00000134     rtsv7M4_T_le_v4SPD16_eabi.lib : fputs.obj (.text)
                  000038d0    00000132     driverlib.lib : gpio.obj (.text:GPIOPadConfigSet)
                  00003a02    00000002     GroundStation.obj (.text:vApplicationStackOverflowHook)
                  00003a04    0000011c     queue.obj (.text:xQueueGenericReceive)
                  00003b20    00000110     driverlib.lib : sysctl.obj (.text:SysCtlClockGet)
                  00003c30    00000110     rtsv7M4_T_le_v4SPD16_eabi.lib : xdscale.obj (.text)
                  00003d40    00000104     tasks.obj (.text:xTaskGenericCreate)
                  00003e44    00000104     tasks.obj (.text:xTaskIncrementTick)
                  00003f48    000000fc     rtsv7M4_T_le_v4SPD16_eabi.lib : fd_mul_t2.obj (.text)
                  00004044    000000e8     queue.obj (.text:xQueueGenericSend)
                  0000412c    000000e4     tasks.obj (.text:xTaskResumeAll)
                  00004210    000000dc     rtsv7M4_T_le_v4SPD16_eabi.lib : setvbuf.obj (.text)
                  000042ec    000000d2     portasm.obj (.text)
                  000043be    00000002     --HOLE-- [fill = 0]
                  000043c0    000000c8     rtsv7M4_T_le_v4SPD16_eabi.lib : fflush.obj (.text)
                  00004488    000000c0                                   : xdint.obj (.text)
                  00004548    000000be                                   : xdnorm.obj (.text)
                  00004606    00000002     --HOLE-- [fill = 0]
                  00004608    000000ac     heap_2.obj (.text:pvPortMalloc)
                  000046b4    000000ac     rtsv7M4_T_le_v4SPD16_eabi.lib : _io_perm.obj (.text)
                  00004760    0000009c                                   : memcpy_t2.obj (.text)
                  000047fc    00000098     date.obj (.text:add_second)
                  00004894    00000098     rtsv7M4_T_le_v4SPD16_eabi.lib : fclose.obj (.text)
                  0000492c    00000098                                   : fputc.obj (.text)
                  000049c4    00000094     tasks.obj (.text:vTaskPriorityInherit)
                  00004a58    00000090     keyboard.obj (.text:keyboard_reader)
                  00004ae8    0000008c     tasks.obj (.text:vTaskSwitchContext)
                  00004b74    00000086     rtsv7M4_T_le_v4SPD16_eabi.lib : fd_cmp_t2.obj (.text:__aeabi_cdcmple)
                  00004bfa    00000086                                   : fd_cmp_t2.obj (.text:__aeabi_cdrcmple)
                  00004c80    00000084     blinky.obj (.text:ftoa)
                  00004d04    00000084     queue.obj (.text:xQueueGenericReset)
                  00004d88    00000080     GroundStation.obj (.text:uartTask)
                  00004e08    0000007c     tasks.obj (.text:xTaskPriorityDisinherit)
                  00004e84    0000007a     rtsv7M4_T_le_v4SPD16_eabi.lib : memset_t2.obj (.text)
                  00004efe    00000002     --HOLE-- [fill = 0]
                  00004f00    00000074     tasks.obj (.text:xTaskRemoveFromEventList)
                  00004f74    00000072     queue.obj (.text:prvCopyDataToQueue)
                  00004fe6    00000002     --HOLE-- [fill = 0]
                  00004fe8    00000070     rtsv7M4_T_le_v4SPD16_eabi.lib : printf.obj (.text)
                  00005058    0000006e                                   : fd_tos_t2.obj (.text)
                  000050c6    00000002     --HOLE-- [fill = 0]
                  000050c8    0000006c     I2C.obj (.text:I2Cinit)
                  00005134    0000006c     rtsv7M4_T_le_v4SPD16_eabi.lib : autoinit.obj (.text)
                  000051a0    0000006a                                   : copy_decompress_rle.obj (.text)
                  0000520a    00000002     --HOLE-- [fill = 0]
                  0000520c    00000068     driverlib.lib : interrupt.obj (.text:IntEnable)
                  00005274    00000068     UART.obj (.text:UART_init)
                  000052dc    00000068     rtsv7M4_T_le_v4SPD16_eabi.lib : trgmsg.obj (.text)
                  00005344    00000066                                   : xdunscal.obj (.text)
                  000053aa    00000002     --HOLE-- [fill = 0]
                  000053ac    00000064                                   : fseek.obj (.text)
                  00005410    00000064     tasks.obj (.text:vTaskPlaceOnEventList)
                  00005474    00000062     queue.obj (.text:prvUnlockQueue)
                  000054d6    00000002     --HOLE-- [fill = 0]
                  000054d8    00000060     driverlib.lib : timer.obj (.text:TimerConfigure)
                  00005538    00000060     tasks.obj (.text:prvInitialiseTaskLists)
                  00005598    00000060     tasks.obj (.text:vTaskStartScheduler)
                  000055f8    0000005e     LCD.obj (.text:Lcd_Init)
                  00005656    00000002     --HOLE-- [fill = 0]
                  00005658    0000005c     LCD.obj (.text:Lcd_Write_Char)
                  000056b4    0000005c     GroundStation.obj (.text:buzzerTask)
                  00005710    0000005c     tasks.obj (.text:vTaskDelay)
                  0000576c    00000058     tasks.obj (.text:prvCheckTasksWaitingTermination)
                  000057c4    00000056     rtsv7M4_T_le_v4SPD16_eabi.lib : ltoa.obj (.text)
                  0000581a    00000002     --HOLE-- [fill = 0]
                  0000581c    00000054     I2C.obj (.text:I2CReceiveTemp)
                  00005870    00000054     LCD.obj (.text:Lcd_Port)
                  000058c4    00000054     tasks.obj (.text:prvInitialiseTCBVariables)
                  00005918    00000054     tasks.obj (.text:xTaskCheckForTimeOut)
                  0000596c    00000052     rtsv7M4_T_le_v4SPD16_eabi.lib : ldexp.obj (.text)
                  000059be    00000002     --HOLE-- [fill = 0]
                  000059c0    00000050                                   : boot.obj (.text)
                  00005a10    0000004c     driverlib.lib : i2c.obj (.text:I2CMasterInitExpClk)
                  00005a5c    0000004c                   : timer.obj (.text:_TimerIntNumberGet)
                  00005aa8    0000004c     tasks.obj (.text:prvAddCurrentTaskToDelayedList)
                  00005af4    0000004c     rtsv7M4_T_le_v4SPD16_eabi.lib : atoi.obj (.text)
                  00005b40    0000004c                                   : cpy_tbl.obj (.text)
                  00005b8c    0000004c     date.obj (.text:timer_init)
                  00005bd8    00000048     driverlib.lib : gpio.obj (.text:GPIOPinConfigure)
                  00005c20    00000048     I2C.obj (.text:I2CSend)
                  00005c68    00000048     lcd1.obj (.text:Lcd_pin_Init)
                  00005cb0    00000048     blinky.obj (.text:intToStr)
                  00005cf8    00000048     keyboard.obj (.text:keyboard_init)
                  00005d40    00000048     rtsv7M4_T_le_v4SPD16_eabi.lib : fd_toi_t2.obj (.text)
                  00005d88    00000048     GroundStation.obj (.text:tempTask)
                  00005dd0    00000046     driverlib.lib : uart.obj (.text:UARTConfigSetExpClk)
                  00005e16    00000002     --HOLE-- [fill = 0]
                  00005e18    00000044     rtsv7M4_T_le_v4SPD16_eabi.lib : exit.obj (.text)
                  00005e5c    00000044     heap_2.obj (.text:vPortFree)
                  00005ea0    00000040     LCD.obj (.text:Lcd_Cmd)
                  00005ee0    00000040     rtsv7M4_T_le_v4SPD16_eabi.lib : signal.obj (.text)
                  00005f20    00000040     port.obj (.text:xPortStartScheduler)
                  00005f60    0000003c     queue.obj (.text:xQueueGenericCreate)
                  00005f9c    0000003a     tasks.obj (.text:prvAllocateTCBAndStack)
                  00005fd6    00000002     --HOLE-- [fill = 0]
                  00005fd8    00000038     driverlib.lib : sysctl.obj (.text:SysCtlPeripheralReady)
                  00006010    00000038     rtsv7M4_T_le_v4SPD16_eabi.lib : fs_tod_t2.obj (.text)
                  00006048    00000038     list.obj (.text:vListInsert)
                  00006080    00000034     driverlib.lib : interrupt.obj (.text:IntRegister)
                  000060b4    00000034                   : sysctl.obj (.text:SysCtlPeripheralEnable)
                  000060e8    00000034     rtsv7M4_T_le_v4SPD16_eabi.lib : feraiseexcept.obj (.text)
                  0000611c    00000030     heap_2.obj (.text:prvHeapInit)
                  0000614c    00000030     rtsv7M4_T_le_v4SPD16_eabi.lib : strncpy.obj (.text)
                  0000617c    00000030                                   : xdclass.obj (.text)
                  000061ac    00000030                                   : xferaise.obj (.text)
                  000061dc    0000002e                                   : i_tofd_t2.obj (.text)
                  0000620a    0000002e                                   : raise.obj (.text)
                  00006238    0000002c     port.obj (.text:xPortSysTickHandler)
                  00006264    0000002a     driverlib.lib : gpio.obj (.text:GPIODirModeSet)
                  0000628e    0000002a     rtsv7M4_T_le_v4SPD16_eabi.lib : frexp.obj (.text)
                  000062b8    00000028     buzzer.obj (.text:buzzer_init)
                  000062e0    00000028     tasks.obj (.text:prvResetNextTaskUnblockTime)
                  00006308    00000028     port.obj (.text:pxPortInitialiseStack)
                  00006330    00000026     queue.obj (.text:prvCopyDataFromQueue)
                  00006356    00000026     blinky.obj (.text:reverse)
                  0000637c    00000022     LCD.obj (.text:Lcd_Set_Cursor)
                  0000639e    00000002     --HOLE-- [fill = 0]
                  000063a0    00000020     driverlib.lib : uart.obj (.text:UARTDisable)
                  000063c0    00000020     rtsv7M4_T_le_v4SPD16_eabi.lib : memchr.obj (.text)
                  000063e0    00000020     list.obj (.text:uxListRemove)
                  00006400    0000001c     date.obj (.text:key_reader)
                  0000641c    0000001c     queue.obj (.text:prvIsQueueFull)
                  00006438    0000001c     rtsv7M4_T_le_v4SPD16_eabi.lib : memccpy.obj (.text)
                  00006454    0000001c     port.obj (.text:vPortEnterCritical)
                  00006470    0000001a     queue.obj (.text:prvIsQueueEmpty)
                  0000648a    0000001a     rtsv7M4_T_le_v4SPD16_eabi.lib : log.obj (.text)
                  000064a4    00000018     driverlib.lib : gpio.obj (.text:GPIOPinTypeGPIOOutput)
                  000064bc    00000018                   : timer.obj (.text:TimerIntRegister)
                  000064d4    00000018     I2C.obj (.text:conversao)
                  000064ec    00000018     tasks.obj (.text:pvTaskIncrementMutexHeldCount)
                  00006504    00000018     rtsv7M4_T_le_v4SPD16_eabi.lib : args_main.obj (.text)
                  0000651c    00000018                                   : strcmp.obj (.text)
                  00006534    00000018     list.obj (.text:vListInsertEnd)
                  0000654c    00000018     port.obj (.text:vPortExitCritical)
                  00006564    00000018     tasks.obj (.text:vTaskSetTimeOutState)
                  0000657c    00000016     rtsv7M4_T_le_v4SPD16_eabi.lib : strchr.obj (.text)
                  00006592    00000016     list.obj (.text:vListInitialise)
                  000065a8    00000014     LCD.obj (.text:Lcd_Write_String)
                  000065bc    00000014     driverlib.lib : uart.obj (.text:UARTEnable)
                  000065d0    00000014     rtsv7M4_T_le_v4SPD16_eabi.lib : _lock.obj (.text)
                  000065e4    00000014                                   : strcpy.obj (.text)
                  000065f8    00000014                                   : strlen.obj (.text)
                  0000660c    00000014     port.obj (.text:vPortSetupTimerInterrupt)
                  00006620    00000012     driverlib.lib : gpio.obj (.text:GPIOPinTypeGPIOInput)
                  00006632    00000012                   : gpio.obj (.text:GPIOPinTypeI2C)
                  00006644    00000012                   : gpio.obj (.text:GPIOPinTypeI2CSCL)
                  00006656    00000012                   : gpio.obj (.text:GPIOPinTypeUART)
                  00006668    00000012                   : timer.obj (.text:TimerLoadSet)
                  0000667a    00000012     tasks.obj (.text:prvDeleteTCB)
                  0000668c    00000010     driverlib.lib : interrupt.obj (.text:IntMasterEnable)
                  0000669c    00000010     LCD.obj (.text:Lcd_Clear)
                  000066ac    00000010     port.obj (.text:prvTaskExitError)
                  000066bc    00000010     tasks.obj (.text:vTaskSuspendAll)
                  000066cc    0000000e     driverlib.lib : timer.obj (.text:TimerEnable)
                  000066da    0000000e                   : uart.obj (.text:UARTCharsAvail)
                  000066e8    0000000e     rtsv7M4_T_le_v4SPD16_eabi.lib : copy_decompress_none.obj (.text:decompress:none)
                  000066f6    0000000c     driverlib.lib : cpu.obj (.text:CPUcpsie)
                  00006702    0000000c     rtsv7M4_T_le_v4SPD16_eabi.lib : copy_zero_init.obj (.text:decompress:ZI)
                  0000670e    00000002     --HOLE-- [fill = 0]
                  00006710    0000000c     tasks.obj (.text:vTaskMissedYield)
                  0000671c    0000000a     driverlib.lib : i2c.obj (.text:I2CMasterEnable)
                  00006726    0000000a                   : uart.obj (.text:UARTCharGet)
                  00006730    00000008                   : i2c.obj (.text:I2CMasterBusy)
                  00006738    00000008                   : i2c.obj (.text:I2CMasterSlaveAddrSet)
                  00006740    00000008                   : timer.obj (.text:TimerIntEnable)
                  00006748    00000008     tasks.obj (.text:prvIdleTask)
                  00006750    00000006     driverlib.lib : gpio.obj (.text:GPIOPinRead)
                  00006756    00000006                   : gpio.obj (.text:GPIOPinWrite)
                  0000675c    00000006     startup_ccs.obj (.text:ResetISR)
                  00006762    00000006     driverlib.lib : sysctl.obj (.text:SysCtlDelay)
                  00006768    00000006     rtsv7M4_T_le_v4SPD16_eabi.lib : copy_decompress_rle.obj (.text:decompress:rle24)
                  0000676e    00000006     list.obj (.text:vListInitialiseItem)
                  00006774    00000004     driverlib.lib : i2c.obj (.text:I2CMasterControl)
                  00006778    00000004                   : i2c.obj (.text:I2CMasterDataGet)
                  0000677c    00000004                   : i2c.obj (.text:I2CMasterDataPut)
                  00006780    00000004                   : timer.obj (.text:TimerIntClear)
                  00006784    00000004     rtsv7M4_T_le_v4SPD16_eabi.lib : pre_init.obj (.text)

.const     0    00006788    00000478     
                  00006788    00000101     rtsv7M4_T_le_v4SPD16_eabi.lib : ctype.obj (.const:.string:_ctypes_)
                  00006889    00000003     --HOLE-- [fill = 0]
                  0000688c    00000004     port.obj (.const)
                  00006890    00000098     rtsv7M4_T_le_v4SPD16_eabi.lib : strtod.obj (.const)
                  00006928    00000090     driverlib.lib : gpio.obj (.const:g_pui32GPIOBaseAddrs)
                  000069b8    00000070                   : interrupt.obj (.const)
                  00006a28    0000006c                   : sysctl.obj (.const:g_pui32Xtals)
                  00006a94    00000060                   : timer.obj (.const:g_ppui32TimerIntMap)
                  00006af4    00000004     --HOLE-- [fill = 0]
                  00006af8    00000048     rtsv7M4_T_le_v4SPD16_eabi.lib : xexp.obj (.const)
                  00006b40    00000040     driverlib.lib : timer.obj (.const:g_ppui32TimerIntMapSnowflake)
                  00006b80    00000038     rtsv7M4_T_le_v4SPD16_eabi.lib : xlog.obj (.const:p)
                  00006bb8    00000030                                   : xdint.obj (.const)
                  00006be8    00000010     keyboard.obj (.const)
                  00006bf8    00000008     keyboard.obj (.const:.string)

.cinit     0    00006c00    00000110     
                  00006c00    000000d6     (.cinit..data.load) [load image, compression = rle]
                  00006cd6    00000002     --HOLE-- [fill = 0]
                  00006cd8    0000000c     (__TI_handler_table)
                  00006ce4    00000004     --HOLE-- [fill = 0]
                  00006ce8    00000008     (.cinit..bss.load) [load image, compression = zero_init]
                  00006cf0    00000008     (.cinit..vtable.load) [load image, compression = zero_init]
                  00006cf8    00000018     (__TI_cinit_table)

.init_array 
*          0    00000000    00000000     UNINITIALIZED

.vtable    0    20000000    0000026c     UNINITIALIZED
                  20000000    0000026c     driverlib.lib : interrupt.obj (.vtable)

.bss       0    2000026c    00003e5c     UNINITIALIZED
                  2000026c    00003a98     heap_2.obj (.bss:ucHeap)
                  20003d04    00000140     tasks.obj (.bss:pxReadyTasksLists)
                  20003e44    00000120     rtsv7M4_T_le_v4SPD16_eabi.lib : trgmsg.obj (.bss:__CIOBUF_)
                  20003f64    000000a0                                   : defs.obj (.bss:__TI_tmpnams)
                  20004004    0000001c     (.common:packet)
                  20004020    00000018     (.common:date)
                  20004038    00000014     (.common:xDelayedTaskList1)
                  2000404c    00000014     (.common:xDelayedTaskList2)
                  20004060    00000014     (.common:xPendingReadyList)
                  20004074    00000014     (.common:xSuspendedTaskList)
                  20004088    00000014     (.common:xTasksWaitingTermination)
                  2000409c    00000008     (.common:parmbuf)
                  200040a4    00000008     (.common:xEnd)
                  200040ac    00000008     (.common:xStart)
                  200040b4    00000004     (.common:buzzer_queue)
                  200040b8    00000004     (.common:pxDelayedTaskList)
                  200040bc    00000004     (.common:pxOverflowDelayedTaskList)
                  200040c0    00000004     (.common:temp_queue)
                  200040c4    00000004     (.common:uart_queue)

.TI.noinit 
*          0    2000026c    00000000     UNINITIALIZED

.data      0    200040c8    000003d4     UNINITIALIZED
                  200040c8    000000f0     rtsv7M4_T_le_v4SPD16_eabi.lib : defs.obj (.data:_ftable)
                  200041b8    000000d0                                   : lowlev.obj (.data)
                  20004288    000000b0                                   : signal.obj (.data:sigtable)
                  20004338    00000080                                   : xvalues.obj (.data)
                  200043b8    00000068                                   : xfvalues.obj (.data)
                  20004420    00000030     tasks.obj (.data)
                  20004450    00000010     rtsv7M4_T_le_v4SPD16_eabi.lib : defs.obj (.data)
                  20004460    0000000c                                   : memory.obj (.data)
                  2000446c    00000008     heap_2.obj (.data)
                  20004474    00000008     rtsv7M4_T_le_v4SPD16_eabi.lib : _lock.obj (.data)
                  2000447c    00000008                                   : exit.obj (.data)
                  20004484    00000008                                   : feraiseexcept.obj (.data)
                  2000448c    00000004     port.obj (.data)
                  20004490    00000004     rtsv7M4_T_le_v4SPD16_eabi.lib : errno.obj (.data)
                  20004494    00000004                                   : fopen.obj (.data)
                  20004498    00000004                                   : stkdepth_vars.obj (.data)

.TI.persistent 
*          0    200040c8    00000000     UNINITIALIZED

.stack     0    2000449c    00000200     UNINITIALIZED
                  2000449c    00000200     --HOLE--

.sysmem    0    200046a0    00000008     UNINITIALIZED
                  200046a0    00000008     rtsv7M4_T_le_v4SPD16_eabi.lib : memory.obj (.sysmem)


LINKER GENERATED COPY TABLES

__TI_cinit_table @ 00006cf8 records: 3, size/record: 8, table size: 24
	.data: load addr=00006c00, load size=000000d6 bytes, run addr=200040c8, run size=000003d4 bytes, compression=rle
	.bss: load addr=00006ce8, load size=00000008 bytes, run addr=2000026c, run size=00003e5c bytes, compression=zero_init
	.vtable: load addr=00006cf0, load size=00000008 bytes, run addr=20000000, run size=0000026c bytes, compression=zero_init


LINKER GENERATED HANDLER TABLE

__TI_handler_table @ 00006cd8 records: 3, size/record: 4, table size: 12
	index: 0, handler: __TI_zero_init
	index: 1, handler: __TI_decompress_rle24
	index: 2, handler: __TI_decompress_none


GLOBAL SYMBOLS: SORTED ALPHABETICALLY BY Name 

address   name                         
-------   ----                         
00005e19  C$$EXIT                      
0000530b  C$$IO$$                      
000066f7  CPUcpsie                     
00006265  GPIODirModeSet               
000038d1  GPIOPadConfigSet             
00005bd9  GPIOPinConfigure             
00006751  GPIOPinRead                  
00006621  GPIOPinTypeGPIOInput         
000064a5  GPIOPinTypeGPIOOutput        
00006633  GPIOPinTypeI2C               
00006645  GPIOPinTypeI2CSCL            
00006657  GPIOPinTypeUART              
00006757  GPIOPinWrite                 
000027bd  HOSTclock                    
00002785  HOSTclose                    
00002747  HOSTgetenv                   
000026eb  HOSTlseek                    
00002699  HOSTopen                     
0000264d  HOSTread                     
000025ef  HOSTrename                   
000025b5  HOSTtime                     
0000257d  HOSTunlink                   
00002531  HOSTwrite                    
00006731  I2CMasterBusy                
00006775  I2CMasterControl             
00006779  I2CMasterDataGet             
0000677d  I2CMasterDataPut             
0000671d  I2CMasterEnable              
00005a11  I2CMasterInitExpClk          
00006739  I2CMasterSlaveAddrSet        
0000581d  I2CReceiveTemp               
00005c21  I2CSend                      
000050c9  I2Cinit                      
0000520d  IntEnable                    
0000668d  IntMasterEnable              
00006081  IntRegister                  
0000669d  Lcd_Clear                    
00005ea1  Lcd_Cmd                      
000055f9  Lcd_Init                     
00005871  Lcd_Port                     
0000637d  Lcd_Set_Cursor               
00005659  Lcd_Write_Char               
000065a9  Lcd_Write_String             
00005c69  Lcd_pin_Init                 
0000675d  ResetISR                     
UNDEFED   SHT$$INIT_ARRAY$$Base        
UNDEFED   SHT$$INIT_ARRAY$$Limit       
00003b21  SysCtlClockGet               
00006763  SysCtlDelay                  
000060b5  SysCtlPeripheralEnable       
00005fd9  SysCtlPeripheralReady        
000054d9  TimerConfigure               
000066cd  TimerEnable                  
00006781  TimerIntClear                
00006741  TimerIntEnable               
000064bd  TimerIntRegister             
00006669  TimerLoadSet                 
00006727  UARTCharGet                  
000066db  UARTCharsAvail               
00005dd1  UARTConfigSetExpClk          
000063a1  UARTDisable                  
000065bd  UARTEnable                   
00005275  UART_init                    
0000617d  _Dclass                      
20004338  _Denorm                      
00004489  _Dint                        
00004549  _Dnorm                       
00003c31  _Dscale                      
00005345  _Dunscale                    
20004348  _Eps                         
20004490  _Errno                       
00002a41  _Exp                         
200043b8  _FDenorm                     
200043c8  _FEps                        
200043d8  _FInf                        
200043e8  _FNan                        
20004408  _FRteps                      
200043f8  _FSnan                       
20004418  _FXbig                       
2000441c  _FZero                       
20004484  _Fenv                        
000061ad  _Feraise                     
20004358  _Hugeval                     
20004368  _Inf                         
00002245  _Log                         
20004378  _Nan                         
20004398  _Rteps                       
20004388  _Snan                        
20004488  _Tls_setup__Fenv             
200043a8  _Xbig                        
200043b0  _Zero                        
20003e44  __CIOBUF_                    
2000469c  __STACK_END                  
00000200  __STACK_SIZE                 
2000469c  __STACK_TOP                  
00000008  __SYSMEM_SIZE                
00006cf8  __TI_CINIT_Base              
00006d10  __TI_CINIT_Limit             
00006cd8  __TI_Handler_Table_Base      
00006ce4  __TI_Handler_Table_Limit     
00005135  __TI_auto_init               
000030e5  __TI_cleanup                 
2000447c  __TI_cleanup_ptr             
00004895  __TI_closefile               
000066e9  __TI_decompress_none         
00006769  __TI_decompress_rle24        
000043c1  __TI_doflush                 
20004480  __TI_dtors_ptr               
20004450  __TI_ft_end                  
00001021  __TI_printfi                 
00004717  __TI_rd_ok                   
0000530f  __TI_readmsg                 
00000000  __TI_static_base__           
20003f64  __TI_tmpnams                 
000052dd  __TI_writemsg                
000046b5  __TI_wrt_ok                  
00006703  __TI_zero_init               
00004b75  __aeabi_cdcmpeq              
00004b75  __aeabi_cdcmple              
00004bfb  __aeabi_cdrcmple             
00005059  __aeabi_d2f                  
00005d41  __aeabi_d2iz                 
000031eb  __aeabi_dadd                 
00003665  __aeabi_ddiv                 
00003f49  __aeabi_dmul                 
000031e1  __aeabi_dsub                 
00006011  __aeabi_f2d                  
000061dd  __aeabi_i2d                  
00004e85  __aeabi_memclr               
00004e85  __aeabi_memclr4              
00004e85  __aeabi_memclr8              
00004761  __aeabi_memcpy               
00004761  __aeabi_memcpy4              
00004761  __aeabi_memcpy8              
00004e87  __aeabi_memset               
00004e87  __aeabi_memset4              
00004e87  __aeabi_memset8              
2000445c  __aeabi_stderr               
20004454  __aeabi_stdin                
20004458  __aeabi_stdout               
00002c3d  __aeabi_uldivmod             
ffffffff  __binit__                    
ffffffff  __c_args__                   
2000449c  __stack                      
00006505  _args_main                   
000059c1  _c_int00                     
00006788  _ctypes_                     
200040c8  _ftable                      
20004474  _lock                        
000065df  _nop                         
000065d7  _register_lock               
000065d1  _register_unlock             
200046a0  _sys_memory                  
00006785  _system_pre_init             
20004478  _unlock                      
00005e1d  abort                        
00002199  add_device                   
000047fd  add_second                   
00005af5  atoi                         
ffffffff  binit                        
000056b5  buzzerTask                   
000062b9  buzzer_init                  
200040b4  buzzer_queue                 
00001b69  calloc                       
00002149  close                        
000064d5  conversao                    
00005b41  copy_in                      
20004020  date                         
00003399  date_init                    
00005e25  exit                         
000048fb  fclose                       
000060e9  feraiseexcept                
0000440d  fflush                       
0000313b  fopen                        
0000492d  fputc                        
0000379d  fputs                        
000018b7  free                         
00003111  freopen                      
0000628f  frexp                        
000053ad  fseek                        
00004c81  ftoa                         
20000000  g_pfnRAMVectors              
00000000  g_pfnVectors                 
00005cb1  intToStr                     
00006401  key_reader                   
00001b9d  keyboardTask                 
00005cf9  keyboard_init                
00004a59  keyboard_reader              
0000596d  ldexp                        
0000648b  log                          
00002125  lseek                        
000057c5  ltoa                         
0000350d  main                         
20004498  main_func_sp                 
0000184f  malloc                       
00001a85  memalign                     
00006439  memccpy                      
000063c1  memchr                       
00004761  memcpy                       
00004e8d  memset                       
000017c1  minit                        
00002077  open                         
20004004  packet                       
00002e31  packet_division              
00001329  pow                          
00004ff1  printf                       
0000492d  putc                         
000049b1  putchar                      
000038a9  puts                         
00004609  pvPortMalloc                 
000064ed  pvTaskIncrementMutexHeldCount
20004420  pxCurrentTCB                 
00006309  pxPortInitialiseStack        
0000620b  raise                        
00002053  read                         
00001979  realloc                      
00001fc9  remove                       
0000202b  remove_device                
00001fed  rename                       
00006357  reverse                      
00004211  setvbuf                      
00005ee1  signal                       
0000657d  strchr                       
0000651d  strcmp                       
000065e5  strcpy                       
000065f9  strlen                       
0000614d  strncpy                      
00002805  strtod                       
00002805  strtold                      
00005d89  tempTask                     
200040c0  temp_queue                   
00005b8d  timer_init                   
00004d89  uartTask                     
200040c4  uart_queue                   
0000688c  ulMaxSyscallInterruptPriority
000042fd  ulPortGetIPSR                
00001fc9  unlink                       
000063e1  uxListRemove                 
00003a03  vApplicationStackOverflowHook
00006593  vListInitialise              
0000676f  vListInitialiseItem          
00006049  vListInsert                  
00006535  vListInsertEnd               
000043b1  vPortEnableVFP               
00006455  vPortEnterCritical           
0000654d  vPortExitCritical            
00005e5d  vPortFree                    
00004375  vPortSVCHandler              
0000660d  vPortSetupTimerInterrupt     
00004395  vPortStartFirstTask          
00005711  vTaskDelay                   
00006711  vTaskMissedYield             
00005411  vTaskPlaceOnEventList        
000049c5  vTaskPriorityInherit         
00006565  vTaskSetTimeOutState         
00005599  vTaskStartScheduler          
000066bd  vTaskSuspendAll              
00004ae9  vTaskSwitchContext           
00001f39  write                        
00004315  xPortPendSVHandler           
00005f21  xPortStartScheduler          
00006239  xPortSysTickHandler          
00005f61  xQueueGenericCreate          
00003a05  xQueueGenericReceive         
00004d05  xQueueGenericReset           
00004045  xQueueGenericSend            
00005919  xTaskCheckForTimeOut         
00003d41  xTaskGenericCreate           
00003e45  xTaskIncrementTick           
00004e09  xTaskPriorityDisinherit      
00004f01  xTaskRemoveFromEventList     
0000412d  xTaskResumeAll               


GLOBAL SYMBOLS: SORTED BY Symbol Address 

address   name                         
-------   ----                         
00000000  __TI_static_base__           
00000000  g_pfnVectors                 
00000008  __SYSMEM_SIZE                
00000200  __STACK_SIZE                 
00001021  __TI_printfi                 
00001329  pow                          
000017c1  minit                        
0000184f  malloc                       
000018b7  free                         
00001979  realloc                      
00001a85  memalign                     
00001b69  calloc                       
00001b9d  keyboardTask                 
00001f39  write                        
00001fc9  remove                       
00001fc9  unlink                       
00001fed  rename                       
0000202b  remove_device                
00002053  read                         
00002077  open                         
00002125  lseek                        
00002149  close                        
00002199  add_device                   
00002245  _Log                         
00002531  HOSTwrite                    
0000257d  HOSTunlink                   
000025b5  HOSTtime                     
000025ef  HOSTrename                   
0000264d  HOSTread                     
00002699  HOSTopen                     
000026eb  HOSTlseek                    
00002747  HOSTgetenv                   
00002785  HOSTclose                    
000027bd  HOSTclock                    
00002805  strtod                       
00002805  strtold                      
00002a41  _Exp                         
00002c3d  __aeabi_uldivmod             
00002e31  packet_division              
000030e5  __TI_cleanup                 
00003111  freopen                      
0000313b  fopen                        
000031e1  __aeabi_dsub                 
000031eb  __aeabi_dadd                 
00003399  date_init                    
0000350d  main                         
00003665  __aeabi_ddiv                 
0000379d  fputs                        
000038a9  puts                         
000038d1  GPIOPadConfigSet             
00003a03  vApplicationStackOverflowHook
00003a05  xQueueGenericReceive         
00003b21  SysCtlClockGet               
00003c31  _Dscale                      
00003d41  xTaskGenericCreate           
00003e45  xTaskIncrementTick           
00003f49  __aeabi_dmul                 
00004045  xQueueGenericSend            
0000412d  xTaskResumeAll               
00004211  setvbuf                      
000042fd  ulPortGetIPSR                
00004315  xPortPendSVHandler           
00004375  vPortSVCHandler              
00004395  vPortStartFirstTask          
000043b1  vPortEnableVFP               
000043c1  __TI_doflush                 
0000440d  fflush                       
00004489  _Dint                        
00004549  _Dnorm                       
00004609  pvPortMalloc                 
000046b5  __TI_wrt_ok                  
00004717  __TI_rd_ok                   
00004761  __aeabi_memcpy               
00004761  __aeabi_memcpy4              
00004761  __aeabi_memcpy8              
00004761  memcpy                       
000047fd  add_second                   
00004895  __TI_closefile               
000048fb  fclose                       
0000492d  fputc                        
0000492d  putc                         
000049b1  putchar                      
000049c5  vTaskPriorityInherit         
00004a59  keyboard_reader              
00004ae9  vTaskSwitchContext           
00004b75  __aeabi_cdcmpeq              
00004b75  __aeabi_cdcmple              
00004bfb  __aeabi_cdrcmple             
00004c81  ftoa                         
00004d05  xQueueGenericReset           
00004d89  uartTask                     
00004e09  xTaskPriorityDisinherit      
00004e85  __aeabi_memclr               
00004e85  __aeabi_memclr4              
00004e85  __aeabi_memclr8              
00004e87  __aeabi_memset               
00004e87  __aeabi_memset4              
00004e87  __aeabi_memset8              
00004e8d  memset                       
00004f01  xTaskRemoveFromEventList     
00004ff1  printf                       
00005059  __aeabi_d2f                  
000050c9  I2Cinit                      
00005135  __TI_auto_init               
0000520d  IntEnable                    
00005275  UART_init                    
000052dd  __TI_writemsg                
0000530b  C$$IO$$                      
0000530f  __TI_readmsg                 
00005345  _Dunscale                    
000053ad  fseek                        
00005411  vTaskPlaceOnEventList        
000054d9  TimerConfigure               
00005599  vTaskStartScheduler          
000055f9  Lcd_Init                     
00005659  Lcd_Write_Char               
000056b5  buzzerTask                   
00005711  vTaskDelay                   
000057c5  ltoa                         
0000581d  I2CReceiveTemp               
00005871  Lcd_Port                     
00005919  xTaskCheckForTimeOut         
0000596d  ldexp                        
000059c1  _c_int00                     
00005a11  I2CMasterInitExpClk          
00005af5  atoi                         
00005b41  copy_in                      
00005b8d  timer_init                   
00005bd9  GPIOPinConfigure             
00005c21  I2CSend                      
00005c69  Lcd_pin_Init                 
00005cb1  intToStr                     
00005cf9  keyboard_init                
00005d41  __aeabi_d2iz                 
00005d89  tempTask                     
00005dd1  UARTConfigSetExpClk          
00005e19  C$$EXIT                      
00005e1d  abort                        
00005e25  exit                         
00005e5d  vPortFree                    
00005ea1  Lcd_Cmd                      
00005ee1  signal                       
00005f21  xPortStartScheduler          
00005f61  xQueueGenericCreate          
00005fd9  SysCtlPeripheralReady        
00006011  __aeabi_f2d                  
00006049  vListInsert                  
00006081  IntRegister                  
000060b5  SysCtlPeripheralEnable       
000060e9  feraiseexcept                
0000614d  strncpy                      
0000617d  _Dclass                      
000061ad  _Feraise                     
000061dd  __aeabi_i2d                  
0000620b  raise                        
00006239  xPortSysTickHandler          
00006265  GPIODirModeSet               
0000628f  frexp                        
000062b9  buzzer_init                  
00006309  pxPortInitialiseStack        
00006357  reverse                      
0000637d  Lcd_Set_Cursor               
000063a1  UARTDisable                  
000063c1  memchr                       
000063e1  uxListRemove                 
00006401  key_reader                   
00006439  memccpy                      
00006455  vPortEnterCritical           
0000648b  log                          
000064a5  GPIOPinTypeGPIOOutput        
000064bd  TimerIntRegister             
000064d5  conversao                    
000064ed  pvTaskIncrementMutexHeldCount
00006505  _args_main                   
0000651d  strcmp                       
00006535  vListInsertEnd               
0000654d  vPortExitCritical            
00006565  vTaskSetTimeOutState         
0000657d  strchr                       
00006593  vListInitialise              
000065a9  Lcd_Write_String             
000065bd  UARTEnable                   
000065d1  _register_unlock             
000065d7  _register_lock               
000065df  _nop                         
000065e5  strcpy                       
000065f9  strlen                       
0000660d  vPortSetupTimerInterrupt     
00006621  GPIOPinTypeGPIOInput         
00006633  GPIOPinTypeI2C               
00006645  GPIOPinTypeI2CSCL            
00006657  GPIOPinTypeUART              
00006669  TimerLoadSet                 
0000668d  IntMasterEnable              
0000669d  Lcd_Clear                    
000066bd  vTaskSuspendAll              
000066cd  TimerEnable                  
000066db  UARTCharsAvail               
000066e9  __TI_decompress_none         
000066f7  CPUcpsie                     
00006703  __TI_zero_init               
00006711  vTaskMissedYield             
0000671d  I2CMasterEnable              
00006727  UARTCharGet                  
00006731  I2CMasterBusy                
00006739  I2CMasterSlaveAddrSet        
00006741  TimerIntEnable               
00006751  GPIOPinRead                  
00006757  GPIOPinWrite                 
0000675d  ResetISR                     
00006763  SysCtlDelay                  
00006769  __TI_decompress_rle24        
0000676f  vListInitialiseItem          
00006775  I2CMasterControl             
00006779  I2CMasterDataGet             
0000677d  I2CMasterDataPut             
00006781  TimerIntClear                
00006785  _system_pre_init             
00006788  _ctypes_                     
0000688c  ulMaxSyscallInterruptPriority
00006cd8  __TI_Handler_Table_Base      
00006ce4  __TI_Handler_Table_Limit     
00006cf8  __TI_CINIT_Base              
00006d10  __TI_CINIT_Limit             
20000000  g_pfnRAMVectors              
20003e44  __CIOBUF_                    
20003f64  __TI_tmpnams                 
20004004  packet                       
20004020  date                         
200040b4  buzzer_queue                 
200040c0  temp_queue                   
200040c4  uart_queue                   
200040c8  _ftable                      
20004338  _Denorm                      
20004348  _Eps                         
20004358  _Hugeval                     
20004368  _Inf                         
20004378  _Nan                         
20004388  _Snan                        
20004398  _Rteps                       
200043a8  _Xbig                        
200043b0  _Zero                        
200043b8  _FDenorm                     
200043c8  _FEps                        
200043d8  _FInf                        
200043e8  _FNan                        
200043f8  _FSnan                       
20004408  _FRteps                      
20004418  _FXbig                       
2000441c  _FZero                       
20004420  pxCurrentTCB                 
20004450  __TI_ft_end                  
20004454  __aeabi_stdin                
20004458  __aeabi_stdout               
2000445c  __aeabi_stderr               
20004474  _lock                        
20004478  _unlock                      
2000447c  __TI_cleanup_ptr             
20004480  __TI_dtors_ptr               
20004484  _Fenv                        
20004488  _Tls_setup__Fenv             
20004490  _Errno                       
20004498  main_func_sp                 
2000449c  __stack                      
2000469c  __STACK_END                  
2000469c  __STACK_TOP                  
200046a0  _sys_memory                  
ffffffff  __binit__                    
ffffffff  __c_args__                   
ffffffff  binit                        
UNDEFED   SHT$$INIT_ARRAY$$Base        
UNDEFED   SHT$$INIT_ARRAY$$Limit       

[272 symbols]
