<?xml version="1.0"?>
<link_info>
   <banner>TI ARM Linker PC v5.2.6</banner>
   <copyright>Copyright (c) 1996-2015 Texas Instruments Incorporated</copyright>
   <link_time>0x658430cd</link_time>
   <link_errors>0x0</link_errors>
   <output_file>freertos_demo.out</output_file>
   <entry_point>
      <name>_c_int00</name>
      <address>0x4ef1</address>
   </entry_point>
   <input_file_list>
      <input_file id="fl-2">
         <path>.\</path>
         <kind>object</kind>
         <file>I2C.obj</file>
         <name>I2C.obj</name>
      </input_file>
      <input_file id="fl-3">
         <path>.\</path>
         <kind>object</kind>
         <file>LCD.obj</file>
         <name>LCD.obj</name>
      </input_file>
      <input_file id="fl-4">
         <path>.\</path>
         <kind>object</kind>
         <file>UART.obj</file>
         <name>UART.obj</name>
      </input_file>
      <input_file id="fl-5">
         <path>.\</path>
         <kind>object</kind>
         <file>blinky.obj</file>
         <name>blinky.obj</name>
      </input_file>
      <input_file id="fl-6">
         <path>.\</path>
         <kind>object</kind>
         <file>buzzer.obj</file>
         <name>buzzer.obj</name>
      </input_file>
      <input_file id="fl-7">
         <path>.\</path>
         <kind>object</kind>
         <file>freertos_demo.obj</file>
         <name>freertos_demo.obj</name>
      </input_file>
      <input_file id="fl-8">
         <path>.\</path>
         <kind>object</kind>
         <file>keyboard.obj</file>
         <name>keyboard.obj</name>
      </input_file>
      <input_file id="fl-9">
         <path>.\</path>
         <kind>object</kind>
         <file>lcd1.obj</file>
         <name>lcd1.obj</name>
      </input_file>
      <input_file id="fl-a">
         <path>.\</path>
         <kind>object</kind>
         <file>led_task.obj</file>
         <name>led_task.obj</name>
      </input_file>
      <input_file id="fl-b">
         <path>.\</path>
         <kind>object</kind>
         <file>startup_ccs.obj</file>
         <name>startup_ccs.obj</name>
      </input_file>
      <input_file id="fl-c">
         <path>.\</path>
         <kind>object</kind>
         <file>switch_task.obj</file>
         <name>switch_task.obj</name>
      </input_file>
      <input_file id="fl-d">
         <path>.\drivers\</path>
         <kind>object</kind>
         <file>buttons.obj</file>
         <name>buttons.obj</name>
      </input_file>
      <input_file id="fl-e">
         <path>.\drivers\</path>
         <kind>object</kind>
         <file>rgb.obj</file>
         <name>rgb.obj</name>
      </input_file>
      <input_file id="fl-f">
         <path>.\third_party\FreeRTOS\Source\</path>
         <kind>object</kind>
         <file>list.obj</file>
         <name>list.obj</name>
      </input_file>
      <input_file id="fl-10">
         <path>.\third_party\FreeRTOS\Source\</path>
         <kind>object</kind>
         <file>queue.obj</file>
         <name>queue.obj</name>
      </input_file>
      <input_file id="fl-11">
         <path>.\third_party\FreeRTOS\Source\</path>
         <kind>object</kind>
         <file>tasks.obj</file>
         <name>tasks.obj</name>
      </input_file>
      <input_file id="fl-12">
         <path>.\third_party\FreeRTOS\Source\portable\CCS\ARM_CM4F\</path>
         <kind>object</kind>
         <file>port.obj</file>
         <name>port.obj</name>
      </input_file>
      <input_file id="fl-13">
         <path>.\third_party\FreeRTOS\Source\portable\CCS\ARM_CM4F\</path>
         <kind>object</kind>
         <file>portasm.obj</file>
         <name>portasm.obj</name>
      </input_file>
      <input_file id="fl-14">
         <path>.\third_party\FreeRTOS\Source\portable\MemMang\</path>
         <kind>object</kind>
         <file>heap_2.obj</file>
         <name>heap_2.obj</name>
      </input_file>
      <input_file id="fl-15">
         <path>.\utils\</path>
         <kind>object</kind>
         <file>uartstdio.obj</file>
         <name>uartstdio.obj</name>
      </input_file>
      <input_file id="fl-16">
         <path>.\utils\</path>
         <kind>object</kind>
         <file>ustdlib.obj</file>
         <name>ustdlib.obj</name>
      </input_file>
      <input_file id="fl-13d">
         <path>C:\ti\ccs1250\ccs\tools\compiler\ti-cgt-arm_5.2.6\lib\</path>
         <kind>archive</kind>
         <file>rtsv7M4_T_le_v4SPD16_eabi.lib</file>
         <name>boot.obj</name>
      </input_file>
      <input_file id="fl-13e">
         <path>C:\ti\ccs1250\ccs\tools\compiler\ti-cgt-arm_5.2.6\lib\</path>
         <kind>archive</kind>
         <file>rtsv7M4_T_le_v4SPD16_eabi.lib</file>
         <name>copy_decompress_none.obj</name>
      </input_file>
      <input_file id="fl-13f">
         <path>C:\ti\ccs1250\ccs\tools\compiler\ti-cgt-arm_5.2.6\lib\</path>
         <kind>archive</kind>
         <file>rtsv7M4_T_le_v4SPD16_eabi.lib</file>
         <name>copy_decompress_rle.obj</name>
      </input_file>
      <input_file id="fl-140">
         <path>C:\ti\ccs1250\ccs\tools\compiler\ti-cgt-arm_5.2.6\lib\</path>
         <kind>archive</kind>
         <file>rtsv7M4_T_le_v4SPD16_eabi.lib</file>
         <name>copy_zero_init.obj</name>
      </input_file>
      <input_file id="fl-141">
         <path>C:\ti\ccs1250\ccs\tools\compiler\ti-cgt-arm_5.2.6\lib\</path>
         <kind>archive</kind>
         <file>rtsv7M4_T_le_v4SPD16_eabi.lib</file>
         <name>exit.obj</name>
      </input_file>
      <input_file id="fl-142">
         <path>C:\ti\ccs1250\ccs\tools\compiler\ti-cgt-arm_5.2.6\lib\</path>
         <kind>archive</kind>
         <file>rtsv7M4_T_le_v4SPD16_eabi.lib</file>
         <name>fd_mul_t2.obj</name>
      </input_file>
      <input_file id="fl-143">
         <path>C:\ti\ccs1250\ccs\tools\compiler\ti-cgt-arm_5.2.6\lib\</path>
         <kind>archive</kind>
         <file>rtsv7M4_T_le_v4SPD16_eabi.lib</file>
         <name>fd_tos_t2.obj</name>
      </input_file>
      <input_file id="fl-144">
         <path>C:\ti\ccs1250\ccs\tools\compiler\ti-cgt-arm_5.2.6\lib\</path>
         <kind>archive</kind>
         <file>rtsv7M4_T_le_v4SPD16_eabi.lib</file>
         <name>fs_tod_t2.obj</name>
      </input_file>
      <input_file id="fl-145">
         <path>C:\ti\ccs1250\ccs\tools\compiler\ti-cgt-arm_5.2.6\lib\</path>
         <kind>archive</kind>
         <file>rtsv7M4_T_le_v4SPD16_eabi.lib</file>
         <name>fs_toull_t2.obj</name>
      </input_file>
      <input_file id="fl-146">
         <path>C:\ti\ccs1250\ccs\tools\compiler\ti-cgt-arm_5.2.6\lib\</path>
         <kind>archive</kind>
         <file>rtsv7M4_T_le_v4SPD16_eabi.lib</file>
         <name>i_tofd_t2.obj</name>
      </input_file>
      <input_file id="fl-147">
         <path>C:\ti\ccs1250\ccs\tools\compiler\ti-cgt-arm_5.2.6\lib\</path>
         <kind>archive</kind>
         <file>rtsv7M4_T_le_v4SPD16_eabi.lib</file>
         <name>memcpy_t2.obj</name>
      </input_file>
      <input_file id="fl-148">
         <path>C:\ti\ccs1250\ccs\tools\compiler\ti-cgt-arm_5.2.6\lib\</path>
         <kind>archive</kind>
         <file>rtsv7M4_T_le_v4SPD16_eabi.lib</file>
         <name>memset_t2.obj</name>
      </input_file>
      <input_file id="fl-149">
         <path>C:\ti\ccs1250\ccs\tools\compiler\ti-cgt-arm_5.2.6\lib\</path>
         <kind>archive</kind>
         <file>rtsv7M4_T_le_v4SPD16_eabi.lib</file>
         <name>pow.obj</name>
      </input_file>
      <input_file id="fl-14a">
         <path>C:\ti\ccs1250\ccs\tools\compiler\ti-cgt-arm_5.2.6\lib\</path>
         <kind>archive</kind>
         <file>rtsv7M4_T_le_v4SPD16_eabi.lib</file>
         <name>pre_init.obj</name>
      </input_file>
      <input_file id="fl-14b">
         <path>C:\ti\ccs1250\ccs\tools\compiler\ti-cgt-arm_5.2.6\lib\</path>
         <kind>archive</kind>
         <file>rtsv7M4_T_le_v4SPD16_eabi.lib</file>
         <name>printf.obj</name>
      </input_file>
      <input_file id="fl-14c">
         <path>C:\ti\ccs1250\ccs\tools\compiler\ti-cgt-arm_5.2.6\lib\</path>
         <kind>archive</kind>
         <file>rtsv7M4_T_le_v4SPD16_eabi.lib</file>
         <name>stkdepth_vars.obj</name>
      </input_file>
      <input_file id="fl-14d">
         <path>C:\ti\ccs1250\ccs\tools\compiler\ti-cgt-arm_5.2.6\lib\</path>
         <kind>archive</kind>
         <file>rtsv7M4_T_le_v4SPD16_eabi.lib</file>
         <name>u_divt2.obj</name>
      </input_file>
      <input_file id="fl-14e">
         <path>C:\ti\ccs1250\ccs\tools\compiler\ti-cgt-arm_5.2.6\lib\</path>
         <kind>archive</kind>
         <file>rtsv7M4_T_le_v4SPD16_eabi.lib</file>
         <name>xdint.obj</name>
      </input_file>
      <input_file id="fl-14f">
         <path>C:\ti\ccs1250\ccs\tools\compiler\ti-cgt-arm_5.2.6\lib\</path>
         <kind>archive</kind>
         <file>rtsv7M4_T_le_v4SPD16_eabi.lib</file>
         <name>xdunscal.obj</name>
      </input_file>
      <input_file id="fl-150">
         <path>C:\ti\ccs1250\ccs\tools\compiler\ti-cgt-arm_5.2.6\lib\</path>
         <kind>archive</kind>
         <file>rtsv7M4_T_le_v4SPD16_eabi.lib</file>
         <name>xexp.obj</name>
      </input_file>
      <input_file id="fl-151">
         <path>C:\ti\ccs1250\ccs\tools\compiler\ti-cgt-arm_5.2.6\lib\</path>
         <kind>archive</kind>
         <file>rtsv7M4_T_le_v4SPD16_eabi.lib</file>
         <name>xferaise.obj</name>
      </input_file>
      <input_file id="fl-152">
         <path>C:\ti\ccs1250\ccs\tools\compiler\ti-cgt-arm_5.2.6\lib\</path>
         <kind>archive</kind>
         <file>rtsv7M4_T_le_v4SPD16_eabi.lib</file>
         <name>xvalues.obj</name>
      </input_file>
      <input_file id="fl-153">
         <path>C:\ti\ccs1250\ccs\tools\compiler\ti-cgt-arm_5.2.6\lib\</path>
         <kind>archive</kind>
         <file>rtsv7M4_T_le_v4SPD16_eabi.lib</file>
         <name>_lock.obj</name>
      </input_file>
      <input_file id="fl-154">
         <path>C:\ti\ccs1250\ccs\tools\compiler\ti-cgt-arm_5.2.6\lib\</path>
         <kind>archive</kind>
         <file>rtsv7M4_T_le_v4SPD16_eabi.lib</file>
         <name>_printfi.obj</name>
      </input_file>
      <input_file id="fl-155">
         <path>C:\ti\ccs1250\ccs\tools\compiler\ti-cgt-arm_5.2.6\lib\</path>
         <kind>archive</kind>
         <file>rtsv7M4_T_le_v4SPD16_eabi.lib</file>
         <name>args_main.obj</name>
      </input_file>
      <input_file id="fl-156">
         <path>C:\ti\ccs1250\ccs\tools\compiler\ti-cgt-arm_5.2.6\lib\</path>
         <kind>archive</kind>
         <file>rtsv7M4_T_le_v4SPD16_eabi.lib</file>
         <name>atoi.obj</name>
      </input_file>
      <input_file id="fl-157">
         <path>C:\ti\ccs1250\ccs\tools\compiler\ti-cgt-arm_5.2.6\lib\</path>
         <kind>archive</kind>
         <file>rtsv7M4_T_le_v4SPD16_eabi.lib</file>
         <name>autoinit.obj</name>
      </input_file>
      <input_file id="fl-158">
         <path>C:\ti\ccs1250\ccs\tools\compiler\ti-cgt-arm_5.2.6\lib\</path>
         <kind>archive</kind>
         <file>rtsv7M4_T_le_v4SPD16_eabi.lib</file>
         <name>cpy_tbl.obj</name>
      </input_file>
      <input_file id="fl-159">
         <path>C:\ti\ccs1250\ccs\tools\compiler\ti-cgt-arm_5.2.6\lib\</path>
         <kind>archive</kind>
         <file>rtsv7M4_T_le_v4SPD16_eabi.lib</file>
         <name>ctype.obj</name>
      </input_file>
      <input_file id="fl-15a">
         <path>C:\ti\ccs1250\ccs\tools\compiler\ti-cgt-arm_5.2.6\lib\</path>
         <kind>archive</kind>
         <file>rtsv7M4_T_le_v4SPD16_eabi.lib</file>
         <name>defs.obj</name>
      </input_file>
      <input_file id="fl-15b">
         <path>C:\ti\ccs1250\ccs\tools\compiler\ti-cgt-arm_5.2.6\lib\</path>
         <kind>archive</kind>
         <file>rtsv7M4_T_le_v4SPD16_eabi.lib</file>
         <name>errno.obj</name>
      </input_file>
      <input_file id="fl-15c">
         <path>C:\ti\ccs1250\ccs\tools\compiler\ti-cgt-arm_5.2.6\lib\</path>
         <kind>archive</kind>
         <file>rtsv7M4_T_le_v4SPD16_eabi.lib</file>
         <name>fd_add_t2.obj</name>
      </input_file>
      <input_file id="fl-15d">
         <path>C:\ti\ccs1250\ccs\tools\compiler\ti-cgt-arm_5.2.6\lib\</path>
         <kind>archive</kind>
         <file>rtsv7M4_T_le_v4SPD16_eabi.lib</file>
         <name>fd_cmp_t2.obj</name>
      </input_file>
      <input_file id="fl-15e">
         <path>C:\ti\ccs1250\ccs\tools\compiler\ti-cgt-arm_5.2.6\lib\</path>
         <kind>archive</kind>
         <file>rtsv7M4_T_le_v4SPD16_eabi.lib</file>
         <name>fd_div_t2.obj</name>
      </input_file>
      <input_file id="fl-15f">
         <path>C:\ti\ccs1250\ccs\tools\compiler\ti-cgt-arm_5.2.6\lib\</path>
         <kind>archive</kind>
         <file>rtsv7M4_T_le_v4SPD16_eabi.lib</file>
         <name>fd_toi_t2.obj</name>
      </input_file>
      <input_file id="fl-160">
         <path>C:\ti\ccs1250\ccs\tools\compiler\ti-cgt-arm_5.2.6\lib\</path>
         <kind>archive</kind>
         <file>rtsv7M4_T_le_v4SPD16_eabi.lib</file>
         <name>feraiseexcept.obj</name>
      </input_file>
      <input_file id="fl-161">
         <path>C:\ti\ccs1250\ccs\tools\compiler\ti-cgt-arm_5.2.6\lib\</path>
         <kind>archive</kind>
         <file>rtsv7M4_T_le_v4SPD16_eabi.lib</file>
         <name>fputc.obj</name>
      </input_file>
      <input_file id="fl-162">
         <path>C:\ti\ccs1250\ccs\tools\compiler\ti-cgt-arm_5.2.6\lib\</path>
         <kind>archive</kind>
         <file>rtsv7M4_T_le_v4SPD16_eabi.lib</file>
         <name>fputs.obj</name>
      </input_file>
      <input_file id="fl-163">
         <path>C:\ti\ccs1250\ccs\tools\compiler\ti-cgt-arm_5.2.6\lib\</path>
         <kind>archive</kind>
         <file>rtsv7M4_T_le_v4SPD16_eabi.lib</file>
         <name>frexp.obj</name>
      </input_file>
      <input_file id="fl-164">
         <path>C:\ti\ccs1250\ccs\tools\compiler\ti-cgt-arm_5.2.6\lib\</path>
         <kind>archive</kind>
         <file>rtsv7M4_T_le_v4SPD16_eabi.lib</file>
         <name>i_div0.obj</name>
      </input_file>
      <input_file id="fl-165">
         <path>C:\ti\ccs1250\ccs\tools\compiler\ti-cgt-arm_5.2.6\lib\</path>
         <kind>archive</kind>
         <file>rtsv7M4_T_le_v4SPD16_eabi.lib</file>
         <name>ldexp.obj</name>
      </input_file>
      <input_file id="fl-166">
         <path>C:\ti\ccs1250\ccs\tools\compiler\ti-cgt-arm_5.2.6\lib\</path>
         <kind>archive</kind>
         <file>rtsv7M4_T_le_v4SPD16_eabi.lib</file>
         <name>log.obj</name>
      </input_file>
      <input_file id="fl-167">
         <path>C:\ti\ccs1250\ccs\tools\compiler\ti-cgt-arm_5.2.6\lib\</path>
         <kind>archive</kind>
         <file>rtsv7M4_T_le_v4SPD16_eabi.lib</file>
         <name>lowlev.obj</name>
      </input_file>
      <input_file id="fl-168">
         <path>C:\ti\ccs1250\ccs\tools\compiler\ti-cgt-arm_5.2.6\lib\</path>
         <kind>archive</kind>
         <file>rtsv7M4_T_le_v4SPD16_eabi.lib</file>
         <name>ltoa.obj</name>
      </input_file>
      <input_file id="fl-169">
         <path>C:\ti\ccs1250\ccs\tools\compiler\ti-cgt-arm_5.2.6\lib\</path>
         <kind>archive</kind>
         <file>rtsv7M4_T_le_v4SPD16_eabi.lib</file>
         <name>memccpy.obj</name>
      </input_file>
      <input_file id="fl-16a">
         <path>C:\ti\ccs1250\ccs\tools\compiler\ti-cgt-arm_5.2.6\lib\</path>
         <kind>archive</kind>
         <file>rtsv7M4_T_le_v4SPD16_eabi.lib</file>
         <name>memchr.obj</name>
      </input_file>
      <input_file id="fl-16b">
         <path>C:\ti\ccs1250\ccs\tools\compiler\ti-cgt-arm_5.2.6\lib\</path>
         <kind>archive</kind>
         <file>rtsv7M4_T_le_v4SPD16_eabi.lib</file>
         <name>raise.obj</name>
      </input_file>
      <input_file id="fl-16c">
         <path>C:\ti\ccs1250\ccs\tools\compiler\ti-cgt-arm_5.2.6\lib\</path>
         <kind>archive</kind>
         <file>rtsv7M4_T_le_v4SPD16_eabi.lib</file>
         <name>signal.obj</name>
      </input_file>
      <input_file id="fl-16d">
         <path>C:\ti\ccs1250\ccs\tools\compiler\ti-cgt-arm_5.2.6\lib\</path>
         <kind>archive</kind>
         <file>rtsv7M4_T_le_v4SPD16_eabi.lib</file>
         <name>strchr.obj</name>
      </input_file>
      <input_file id="fl-16e">
         <path>C:\ti\ccs1250\ccs\tools\compiler\ti-cgt-arm_5.2.6\lib\</path>
         <kind>archive</kind>
         <file>rtsv7M4_T_le_v4SPD16_eabi.lib</file>
         <name>strcmp.obj</name>
      </input_file>
      <input_file id="fl-16f">
         <path>C:\ti\ccs1250\ccs\tools\compiler\ti-cgt-arm_5.2.6\lib\</path>
         <kind>archive</kind>
         <file>rtsv7M4_T_le_v4SPD16_eabi.lib</file>
         <name>strlen.obj</name>
      </input_file>
      <input_file id="fl-170">
         <path>C:\ti\ccs1250\ccs\tools\compiler\ti-cgt-arm_5.2.6\lib\</path>
         <kind>archive</kind>
         <file>rtsv7M4_T_le_v4SPD16_eabi.lib</file>
         <name>strncpy.obj</name>
      </input_file>
      <input_file id="fl-171">
         <path>C:\ti\ccs1250\ccs\tools\compiler\ti-cgt-arm_5.2.6\lib\</path>
         <kind>archive</kind>
         <file>rtsv7M4_T_le_v4SPD16_eabi.lib</file>
         <name>trgdrv.obj</name>
      </input_file>
      <input_file id="fl-172">
         <path>C:\ti\ccs1250\ccs\tools\compiler\ti-cgt-arm_5.2.6\lib\</path>
         <kind>archive</kind>
         <file>rtsv7M4_T_le_v4SPD16_eabi.lib</file>
         <name>trgmsg.obj</name>
      </input_file>
      <input_file id="fl-173">
         <path>C:\ti\ccs1250\ccs\tools\compiler\ti-cgt-arm_5.2.6\lib\</path>
         <kind>archive</kind>
         <file>rtsv7M4_T_le_v4SPD16_eabi.lib</file>
         <name>ull_div_t2.obj</name>
      </input_file>
      <input_file id="fl-174">
         <path>C:\ti\ccs1250\ccs\tools\compiler\ti-cgt-arm_5.2.6\lib\</path>
         <kind>archive</kind>
         <file>rtsv7M4_T_le_v4SPD16_eabi.lib</file>
         <name>xdclass.obj</name>
      </input_file>
      <input_file id="fl-175">
         <path>C:\ti\ccs1250\ccs\tools\compiler\ti-cgt-arm_5.2.6\lib\</path>
         <kind>archive</kind>
         <file>rtsv7M4_T_le_v4SPD16_eabi.lib</file>
         <name>xdnorm.obj</name>
      </input_file>
      <input_file id="fl-176">
         <path>C:\ti\ccs1250\ccs\tools\compiler\ti-cgt-arm_5.2.6\lib\</path>
         <kind>archive</kind>
         <file>rtsv7M4_T_le_v4SPD16_eabi.lib</file>
         <name>xdscale.obj</name>
      </input_file>
      <input_file id="fl-177">
         <path>C:\ti\ccs1250\ccs\tools\compiler\ti-cgt-arm_5.2.6\lib\</path>
         <kind>archive</kind>
         <file>rtsv7M4_T_le_v4SPD16_eabi.lib</file>
         <name>xlog.obj</name>
      </input_file>
      <input_file id="fl-178">
         <path>C:\ti\ccs1250\ccs\tools\compiler\ti-cgt-arm_5.2.6\lib\</path>
         <kind>archive</kind>
         <file>rtsv7M4_T_le_v4SPD16_eabi.lib</file>
         <name>_io_perm.obj</name>
      </input_file>
      <input_file id="fl-179">
         <path>C:\ti\ccs1250\ccs\tools\compiler\ti-cgt-arm_5.2.6\lib\</path>
         <kind>archive</kind>
         <file>rtsv7M4_T_le_v4SPD16_eabi.lib</file>
         <name>fflush.obj</name>
      </input_file>
      <input_file id="fl-17a">
         <path>C:\ti\ccs1250\ccs\tools\compiler\ti-cgt-arm_5.2.6\lib\</path>
         <kind>archive</kind>
         <file>rtsv7M4_T_le_v4SPD16_eabi.lib</file>
         <name>fseek.obj</name>
      </input_file>
      <input_file id="fl-17b">
         <path>C:\ti\ccs1250\ccs\tools\compiler\ti-cgt-arm_5.2.6\lib\</path>
         <kind>archive</kind>
         <file>rtsv7M4_T_le_v4SPD16_eabi.lib</file>
         <name>setvbuf.obj</name>
      </input_file>
      <input_file id="fl-17c">
         <path>C:\ti\ccs1250\ccs\tools\compiler\ti-cgt-arm_5.2.6\lib\</path>
         <kind>archive</kind>
         <file>rtsv7M4_T_le_v4SPD16_eabi.lib</file>
         <name>strcpy.obj</name>
      </input_file>
      <input_file id="fl-17d">
         <path>C:\ti\ccs1250\ccs\tools\compiler\ti-cgt-arm_5.2.6\lib\</path>
         <kind>archive</kind>
         <file>rtsv7M4_T_le_v4SPD16_eabi.lib</file>
         <name>xfvalues.obj</name>
      </input_file>
      <input_file id="fl-17e">
         <path>C:\ti\ccs1250\ccs\tools\compiler\ti-cgt-arm_5.2.6\lib\</path>
         <kind>archive</kind>
         <file>rtsv7M4_T_le_v4SPD16_eabi.lib</file>
         <name>fopen.obj</name>
      </input_file>
      <input_file id="fl-17f">
         <path>C:\ti\ccs1250\ccs\tools\compiler\ti-cgt-arm_5.2.6\lib\</path>
         <kind>archive</kind>
         <file>rtsv7M4_T_le_v4SPD16_eabi.lib</file>
         <name>memory.obj</name>
      </input_file>
      <input_file id="fl-180">
         <path>C:\ti\ccs1250\ccs\tools\compiler\ti-cgt-arm_5.2.6\lib\</path>
         <kind>archive</kind>
         <file>rtsv7M4_T_le_v4SPD16_eabi.lib</file>
         <name>fclose.obj</name>
      </input_file>
      <input_file id="fl-181">
         <path>C:\ti\ccs1250\ccs\tools\compiler\ti-cgt-arm_5.2.6\lib\</path>
         <kind>archive</kind>
         <file>rtsv7M4_T_le_v4SPD16_eabi.lib</file>
         <name>remove.obj</name>
      </input_file>
      <input_file id="fl-182">
         <path>C:\ti\tivaware_c_series_2_1_4_178\driverlib\ccs\Debug\</path>
         <kind>archive</kind>
         <file>driverlib.lib</file>
         <name>gpio.obj</name>
      </input_file>
      <input_file id="fl-183">
         <path>C:\ti\tivaware_c_series_2_1_4_178\driverlib\ccs\Debug\</path>
         <kind>archive</kind>
         <file>driverlib.lib</file>
         <name>i2c.obj</name>
      </input_file>
      <input_file id="fl-184">
         <path>C:\ti\tivaware_c_series_2_1_4_178\driverlib\ccs\Debug\</path>
         <kind>archive</kind>
         <file>driverlib.lib</file>
         <name>interrupt.obj</name>
      </input_file>
      <input_file id="fl-185">
         <path>C:\ti\tivaware_c_series_2_1_4_178\driverlib\ccs\Debug\</path>
         <kind>archive</kind>
         <file>driverlib.lib</file>
         <name>sysctl.obj</name>
      </input_file>
      <input_file id="fl-186">
         <path>C:\ti\tivaware_c_series_2_1_4_178\driverlib\ccs\Debug\</path>
         <kind>archive</kind>
         <file>driverlib.lib</file>
         <name>uart.obj</name>
      </input_file>
      <input_file id="fl-187">
         <path>C:\ti\tivaware_c_series_2_1_4_178\driverlib\ccs\Debug\</path>
         <kind>archive</kind>
         <file>driverlib.lib</file>
         <name>cpu.obj</name>
      </input_file>
   </input_file_list>
   <object_component_list>
      <object_component id="oc-f">
         <name>.intvecs</name>
         <load_address>0x0</load_address>
         <run_address>0x0</run_address>
         <size>0x26c</size>
         <input_file_ref idref="fl-b"/>
      </object_component>
      <object_component id="oc-23d">
         <name>.text</name>
         <load_address>0x26c</load_address>
         <run_address>0x26c</run_address>
         <size>0x10ba</size>
         <input_file_ref idref="fl-154"/>
      </object_component>
      <object_component id="oc-39">
         <name>.text:FaultISR</name>
         <load_address>0x1326</load_address>
         <run_address>0x1326</run_address>
         <size>0x2</size>
         <input_file_ref idref="fl-b"/>
      </object_component>
      <object_component id="oc-424">
         <name>.text</name>
         <load_address>0x1328</load_address>
         <run_address>0x1328</run_address>
         <size>0x498</size>
         <input_file_ref idref="fl-149"/>
      </object_component>
      <object_component id="oc-578">
         <name>.text</name>
         <load_address>0x17c0</load_address>
         <run_address>0x17c0</run_address>
         <size>0x3dc</size>
         <input_file_ref idref="fl-17f"/>
      </object_component>
      <object_component id="oc-327">
         <name>.text</name>
         <load_address>0x1b9c</load_address>
         <run_address>0x1b9c</run_address>
         <size>0x30c</size>
         <input_file_ref idref="fl-167"/>
      </object_component>
      <object_component id="oc-5d5">
         <name>.text</name>
         <load_address>0x1ea8</load_address>
         <run_address>0x1ea8</run_address>
         <size>0x2ec</size>
         <input_file_ref idref="fl-177"/>
      </object_component>
      <object_component id="oc-595">
         <name>.text</name>
         <load_address>0x2194</load_address>
         <run_address>0x2194</run_address>
         <size>0x2d4</size>
         <input_file_ref idref="fl-171"/>
      </object_component>
      <object_component id="oc-54c">
         <name>.text</name>
         <load_address>0x2468</load_address>
         <run_address>0x2468</run_address>
         <size>0x1fc</size>
         <input_file_ref idref="fl-150"/>
      </object_component>
      <object_component id="oc-33d">
         <name>.text</name>
         <load_address>0x2664</load_address>
         <run_address>0x2664</run_address>
         <size>0x1f4</size>
         <input_file_ref idref="fl-173"/>
      </object_component>
      <object_component id="oc-57e">
         <name>.text</name>
         <load_address>0x2858</load_address>
         <run_address>0x2858</run_address>
         <size>0x1c4</size>
         <input_file_ref idref="fl-17e"/>
      </object_component>
      <object_component id="oc-366">
         <name>.text</name>
         <load_address>0x2a1c</load_address>
         <run_address>0x2a1c</run_address>
         <size>0x1b6</size>
         <input_file_ref idref="fl-15c"/>
      </object_component>
      <object_component id="oc-34c">
         <name>.text</name>
         <load_address>0x2bd2</load_address>
         <run_address>0x2bd2</run_address>
         <size>0x136</size>
         <input_file_ref idref="fl-15e"/>
      </object_component>
      <object_component id="oc-237">
         <name>.text</name>
         <load_address>0x2d08</load_address>
         <run_address>0x2d08</run_address>
         <size>0x134</size>
         <input_file_ref idref="fl-162"/>
      </object_component>
      <object_component id="oc-2c2">
         <name>.text:GPIOPadConfigSet</name>
         <load_address>0x2e3c</load_address>
         <run_address>0x2e3c</run_address>
         <size>0x132</size>
         <input_file_ref idref="fl-182"/>
      </object_component>
      <object_component id="oc-3f">
         <name>.text:IntDefaultHandler</name>
         <load_address>0x2f6e</load_address>
         <run_address>0x2f6e</run_address>
         <size>0x2</size>
         <input_file_ref idref="fl-b"/>
      </object_component>
      <object_component id="oc-28d">
         <name>.text:xQueueGenericReceive</name>
         <load_address>0x2f70</load_address>
         <run_address>0x2f70</run_address>
         <size>0x11c</size>
         <input_file_ref idref="fl-10"/>
      </object_component>
      <object_component id="oc-d8">
         <name>.text:main</name>
         <load_address>0x308c</load_address>
         <run_address>0x308c</run_address>
         <size>0x114</size>
         <input_file_ref idref="fl-7"/>
      </object_component>
      <object_component id="oc-201">
         <name>.text:SysCtlClockGet</name>
         <load_address>0x31a0</load_address>
         <run_address>0x31a0</run_address>
         <size>0x110</size>
         <input_file_ref idref="fl-185"/>
      </object_component>
      <object_component id="oc-4ec">
         <name>.text</name>
         <load_address>0x32b0</load_address>
         <run_address>0x32b0</run_address>
         <size>0x110</size>
         <input_file_ref idref="fl-176"/>
      </object_component>
      <object_component id="oc-16b">
         <name>.text:xTaskGenericCreate</name>
         <load_address>0x33c0</load_address>
         <run_address>0x33c0</run_address>
         <size>0x104</size>
         <input_file_ref idref="fl-11"/>
      </object_component>
      <object_component id="oc-a9">
         <name>.text:xTaskIncrementTick</name>
         <load_address>0x34c4</load_address>
         <run_address>0x34c4</run_address>
         <size>0x104</size>
         <input_file_ref idref="fl-11"/>
      </object_component>
      <object_component id="oc-347">
         <name>.text</name>
         <load_address>0x35c8</load_address>
         <run_address>0x35c8</run_address>
         <size>0xfc</size>
         <input_file_ref idref="fl-142"/>
      </object_component>
      <object_component id="oc-299">
         <name>.text:xQueueGenericSend</name>
         <load_address>0x36c4</load_address>
         <run_address>0x36c4</run_address>
         <size>0xe8</size>
         <input_file_ref idref="fl-10"/>
      </object_component>
      <object_component id="oc-17a">
         <name>.text:keyboardTask</name>
         <load_address>0x37ac</load_address>
         <run_address>0x37ac</run_address>
         <size>0xe4</size>
         <input_file_ref idref="fl-7"/>
      </object_component>
      <object_component id="oc-2f9">
         <name>.text:xTaskResumeAll</name>
         <load_address>0x3890</load_address>
         <run_address>0x3890</run_address>
         <size>0xe4</size>
         <input_file_ref idref="fl-11"/>
      </object_component>
      <object_component id="oc-4ae">
         <name>.text</name>
         <load_address>0x3974</load_address>
         <run_address>0x3974</run_address>
         <size>0xdc</size>
         <input_file_ref idref="fl-17b"/>
      </object_component>
      <object_component id="oc-45">
         <name>.text</name>
         <load_address>0x3a50</load_address>
         <run_address>0x3a50</run_address>
         <size>0xd2</size>
         <input_file_ref idref="fl-13"/>
      </object_component>
      <object_component id="oc-33">
         <name>.text:NmiSR</name>
         <load_address>0x3b22</load_address>
         <run_address>0x3b22</run_address>
         <size>0x2</size>
         <input_file_ref idref="fl-b"/>
      </object_component>
      <object_component id="oc-321">
         <name>.text</name>
         <load_address>0x3b24</load_address>
         <run_address>0x3b24</run_address>
         <size>0xc8</size>
         <input_file_ref idref="fl-179"/>
      </object_component>
      <object_component id="oc-540">
         <name>.text</name>
         <load_address>0x3bec</load_address>
         <run_address>0x3bec</run_address>
         <size>0xc0</size>
         <input_file_ref idref="fl-14e"/>
      </object_component>
      <object_component id="oc-5aa">
         <name>.text</name>
         <load_address>0x3cac</load_address>
         <run_address>0x3cac</run_address>
         <size>0xbe</size>
         <input_file_ref idref="fl-175"/>
      </object_component>
      <object_component id="oc-103">
         <name>.text:vApplicationStackOverflowHook</name>
         <load_address>0x3d6a</load_address>
         <run_address>0x3d6a</run_address>
         <size>0x2</size>
         <input_file_ref idref="fl-7"/>
      </object_component>
      <object_component id="oc-21e">
         <name>.text:pvPortMalloc</name>
         <load_address>0x3d6c</load_address>
         <run_address>0x3d6c</run_address>
         <size>0xac</size>
         <input_file_ref idref="fl-14"/>
      </object_component>
      <object_component id="oc-31b">
         <name>.text</name>
         <load_address>0x3e18</load_address>
         <run_address>0x3e18</run_address>
         <size>0xac</size>
         <input_file_ref idref="fl-178"/>
      </object_component>
      <object_component id="oc-53">
         <name>.text</name>
         <load_address>0x3ec4</load_address>
         <run_address>0x3ec4</run_address>
         <size>0x9c</size>
         <input_file_ref idref="fl-147"/>
      </object_component>
      <object_component id="oc-5f5">
         <name>.text</name>
         <load_address>0x3f60</load_address>
         <run_address>0x3f60</run_address>
         <size>0x98</size>
         <input_file_ref idref="fl-180"/>
      </object_component>
      <object_component id="oc-231">
         <name>.text</name>
         <load_address>0x3ff8</load_address>
         <run_address>0x3ff8</run_address>
         <size>0x98</size>
         <input_file_ref idref="fl-161"/>
      </object_component>
      <object_component id="oc-400">
         <name>.text:vTaskPriorityInherit</name>
         <load_address>0x4090</load_address>
         <run_address>0x4090</run_address>
         <size>0x94</size>
         <input_file_ref idref="fl-11"/>
      </object_component>
      <object_component id="oc-281">
         <name>.text:keyboard_reader</name>
         <load_address>0x4124</load_address>
         <run_address>0x4124</run_address>
         <size>0x90</size>
         <input_file_ref idref="fl-8"/>
      </object_component>
      <object_component id="oc-a2">
         <name>.text:vTaskSwitchContext</name>
         <load_address>0x41b4</load_address>
         <run_address>0x41b4</run_address>
         <size>0x8c</size>
         <input_file_ref idref="fl-11"/>
      </object_component>
      <object_component id="oc-342">
         <name>.text:__aeabi_cdcmple</name>
         <load_address>0x4240</load_address>
         <run_address>0x4240</run_address>
         <size>0x86</size>
         <input_file_ref idref="fl-15d"/>
      </object_component>
      <object_component id="oc-351">
         <name>.text:__aeabi_cdrcmple</name>
         <load_address>0x42c6</load_address>
         <run_address>0x42c6</run_address>
         <size>0x86</size>
         <input_file_ref idref="fl-15d"/>
      </object_component>
      <object_component id="oc-293">
         <name>.text:ftoa</name>
         <load_address>0x434c</load_address>
         <run_address>0x434c</run_address>
         <size>0x84</size>
         <input_file_ref idref="fl-5"/>
      </object_component>
      <object_component id="oc-224">
         <name>.text:xQueueGenericReset</name>
         <load_address>0x43d0</load_address>
         <run_address>0x43d0</run_address>
         <size>0x84</size>
         <input_file_ref idref="fl-10"/>
      </object_component>
      <object_component id="oc-55b">
         <name>.text:xTaskPriorityDisinherit</name>
         <load_address>0x4454</load_address>
         <run_address>0x4454</run_address>
         <size>0x7c</size>
         <input_file_ref idref="fl-11"/>
      </object_component>
      <object_component id="oc-6c">
         <name>.text</name>
         <load_address>0x44d0</load_address>
         <run_address>0x44d0</run_address>
         <size>0x7a</size>
         <input_file_ref idref="fl-148"/>
      </object_component>
      <object_component id="oc-307">
         <name>.text:xTaskRemoveFromEventList</name>
         <load_address>0x454c</load_address>
         <run_address>0x454c</run_address>
         <size>0x74</size>
         <input_file_ref idref="fl-11"/>
      </object_component>
      <object_component id="oc-437">
         <name>.text:prvCopyDataToQueue</name>
         <load_address>0x45c0</load_address>
         <run_address>0x45c0</run_address>
         <size>0x72</size>
         <input_file_ref idref="fl-10"/>
      </object_component>
      <object_component id="oc-165">
         <name>.text</name>
         <load_address>0x4634</load_address>
         <run_address>0x4634</run_address>
         <size>0x70</size>
         <input_file_ref idref="fl-14b"/>
      </object_component>
      <object_component id="oc-42a">
         <name>.text</name>
         <load_address>0x46a4</load_address>
         <run_address>0x46a4</run_address>
         <size>0x6e</size>
         <input_file_ref idref="fl-143"/>
      </object_component>
      <object_component id="oc-2a0">
         <name>.text:I2Cinit</name>
         <load_address>0x4714</load_address>
         <run_address>0x4714</run_address>
         <size>0x6c</size>
         <input_file_ref idref="fl-2"/>
      </object_component>
      <object_component id="oc-7e">
         <name>.text</name>
         <load_address>0x4780</load_address>
         <run_address>0x4780</run_address>
         <size>0x6c</size>
         <input_file_ref idref="fl-157"/>
      </object_component>
      <object_component id="oc-5f">
         <name>.text</name>
         <load_address>0x47ec</load_address>
         <run_address>0x47ec</run_address>
         <size>0x6a</size>
         <input_file_ref idref="fl-13f"/>
      </object_component>
      <object_component id="oc-147">
         <name>.text:UART_init</name>
         <load_address>0x4858</load_address>
         <run_address>0x4858</run_address>
         <size>0x68</size>
         <input_file_ref idref="fl-4"/>
      </object_component>
      <object_component id="oc-604">
         <name>.text</name>
         <load_address>0x48c0</load_address>
         <run_address>0x48c0</run_address>
         <size>0x68</size>
         <input_file_ref idref="fl-172"/>
      </object_component>
      <object_component id="oc-4e4">
         <name>.text</name>
         <load_address>0x4928</load_address>
         <run_address>0x4928</run_address>
         <size>0x66</size>
         <input_file_ref idref="fl-14f"/>
      </object_component>
      <object_component id="oc-4a8">
         <name>.text</name>
         <load_address>0x4990</load_address>
         <run_address>0x4990</run_address>
         <size>0x64</size>
         <input_file_ref idref="fl-17a"/>
      </object_component>
      <object_component id="oc-406">
         <name>.text:vTaskPlaceOnEventList</name>
         <load_address>0x49f4</load_address>
         <run_address>0x49f4</run_address>
         <size>0x64</size>
         <input_file_ref idref="fl-11"/>
      </object_component>
      <object_component id="oc-3f4">
         <name>.text:prvUnlockQueue</name>
         <load_address>0x4a58</load_address>
         <run_address>0x4a58</run_address>
         <size>0x62</size>
         <input_file_ref idref="fl-10"/>
      </object_component>
      <object_component id="oc-265">
         <name>.text:prvInitialiseTaskLists</name>
         <load_address>0x4abc</load_address>
         <run_address>0x4abc</run_address>
         <size>0x60</size>
         <input_file_ref idref="fl-11"/>
      </object_component>
      <object_component id="oc-171">
         <name>.text:vTaskStartScheduler</name>
         <load_address>0x4b1c</load_address>
         <run_address>0x4b1c</run_address>
         <size>0x60</size>
         <input_file_ref idref="fl-11"/>
      </object_component>
      <object_component id="oc-141">
         <name>.text:Lcd_Init</name>
         <load_address>0x4b7c</load_address>
         <run_address>0x4b7c</run_address>
         <size>0x5e</size>
         <input_file_ref idref="fl-3"/>
      </object_component>
      <object_component id="oc-159">
         <name>.text:Lcd_Write_Char</name>
         <load_address>0x4bdc</load_address>
         <run_address>0x4bdc</run_address>
         <size>0x5c</size>
         <input_file_ref idref="fl-3"/>
      </object_component>
      <object_component id="oc-186">
         <name>.text:buzzerTask</name>
         <load_address>0x4c38</load_address>
         <run_address>0x4c38</run_address>
         <size>0x5c</size>
         <input_file_ref idref="fl-7"/>
      </object_component>
      <object_component id="oc-2b2">
         <name>.text:vTaskDelay</name>
         <load_address>0x4c94</load_address>
         <run_address>0x4c94</run_address>
         <size>0x5c</size>
         <input_file_ref idref="fl-11"/>
      </object_component>
      <object_component id="oc-3d2">
         <name>.text:prvCheckTasksWaitingTermination</name>
         <load_address>0x4cf0</load_address>
         <run_address>0x4cf0</run_address>
         <size>0x58</size>
         <input_file_ref idref="fl-11"/>
      </object_component>
      <object_component id="oc-35b">
         <name>.text</name>
         <load_address>0x4d48</load_address>
         <run_address>0x4d48</run_address>
         <size>0x56</size>
         <input_file_ref idref="fl-168"/>
      </object_component>
      <object_component id="oc-1e7">
         <name>.text:Lcd_Port</name>
         <load_address>0x4da0</load_address>
         <run_address>0x4da0</run_address>
         <size>0x54</size>
         <input_file_ref idref="fl-3"/>
      </object_component>
      <object_component id="oc-253">
         <name>.text:prvInitialiseTCBVariables</name>
         <load_address>0x4df4</load_address>
         <run_address>0x4df4</run_address>
         <size>0x54</size>
         <input_file_ref idref="fl-11"/>
      </object_component>
      <object_component id="oc-3ee">
         <name>.text:xTaskCheckForTimeOut</name>
         <load_address>0x4e48</load_address>
         <run_address>0x4e48</run_address>
         <size>0x54</size>
         <input_file_ref idref="fl-11"/>
      </object_component>
      <object_component id="oc-371">
         <name>.text</name>
         <load_address>0x4e9c</load_address>
         <run_address>0x4e9c</run_address>
         <size>0x52</size>
         <input_file_ref idref="fl-165"/>
      </object_component>
      <object_component id="oc-24">
         <name>.text</name>
         <load_address>0x4ef0</load_address>
         <run_address>0x4ef0</run_address>
         <size>0x50</size>
         <input_file_ref idref="fl-13d"/>
      </object_component>
      <object_component id="oc-44a">
         <name>.text:I2CMasterInitExpClk</name>
         <load_address>0x4f40</load_address>
         <run_address>0x4f40</run_address>
         <size>0x4c</size>
         <input_file_ref idref="fl-183"/>
      </object_component>
      <object_component id="oc-47d">
         <name>.text:prvAddCurrentTaskToDelayedList</name>
         <load_address>0x4f8c</load_address>
         <run_address>0x4f8c</run_address>
         <size>0x4c</size>
         <input_file_ref idref="fl-11"/>
      </object_component>
      <object_component id="oc-389">
         <name>.text</name>
         <load_address>0x4fd8</load_address>
         <run_address>0x4fd8</run_address>
         <size>0x4c</size>
         <input_file_ref idref="fl-156"/>
      </object_component>
      <object_component id="oc-d0">
         <name>.text</name>
         <load_address>0x5024</load_address>
         <run_address>0x5024</run_address>
         <size>0x4c</size>
         <input_file_ref idref="fl-158"/>
      </object_component>
      <object_component id="oc-1f5">
         <name>.text:GPIOPinConfigure</name>
         <load_address>0x5070</load_address>
         <run_address>0x5070</run_address>
         <size>0x48</size>
         <input_file_ref idref="fl-182"/>
      </object_component>
      <object_component id="oc-2ac">
         <name>.text:I2CReceiveTemp</name>
         <load_address>0x50b8</load_address>
         <run_address>0x50b8</run_address>
         <size>0x48</size>
         <input_file_ref idref="fl-2"/>
      </object_component>
      <object_component id="oc-13b">
         <name>.text:Lcd_pin_Init</name>
         <load_address>0x5100</load_address>
         <run_address>0x5100</run_address>
         <size>0x48</size>
         <input_file_ref idref="fl-9"/>
      </object_component>
      <object_component id="oc-419">
         <name>.text:intToStr</name>
         <load_address>0x5148</load_address>
         <run_address>0x5148</run_address>
         <size>0x48</size>
         <input_file_ref idref="fl-5"/>
      </object_component>
      <object_component id="oc-14d">
         <name>.text:keyboard_init</name>
         <load_address>0x5190</load_address>
         <run_address>0x5190</run_address>
         <size>0x48</size>
         <input_file_ref idref="fl-8"/>
      </object_component>
      <object_component id="oc-356">
         <name>.text</name>
         <load_address>0x51d8</load_address>
         <run_address>0x51d8</run_address>
         <size>0x48</size>
         <input_file_ref idref="fl-15f"/>
      </object_component>
      <object_component id="oc-207">
         <name>.text:UARTConfigSetExpClk</name>
         <load_address>0x5220</load_address>
         <run_address>0x5220</run_address>
         <size>0x46</size>
         <input_file_ref idref="fl-186"/>
      </object_component>
      <object_component id="oc-8a">
         <name>.text</name>
         <load_address>0x5268</load_address>
         <run_address>0x5268</run_address>
         <size>0x44</size>
         <input_file_ref idref="fl-141"/>
      </object_component>
      <object_component id="oc-3ab">
         <name>.text:vPortFree</name>
         <load_address>0x52ac</load_address>
         <run_address>0x52ac</run_address>
         <size>0x44</size>
         <input_file_ref idref="fl-14"/>
      </object_component>
      <object_component id="oc-1ee">
         <name>.text:Lcd_Cmd</name>
         <load_address>0x52f0</load_address>
         <run_address>0x52f0</run_address>
         <size>0x40</size>
         <input_file_ref idref="fl-3"/>
      </object_component>
      <object_component id="oc-64f">
         <name>.text</name>
         <load_address>0x5330</load_address>
         <run_address>0x5330</run_address>
         <size>0x40</size>
         <input_file_ref idref="fl-16c"/>
      </object_component>
      <object_component id="oc-272">
         <name>.text:xPortStartScheduler</name>
         <load_address>0x5370</load_address>
         <run_address>0x5370</run_address>
         <size>0x40</size>
         <input_file_ref idref="fl-12"/>
      </object_component>
      <object_component id="oc-180">
         <name>.text:tempTask</name>
         <load_address>0x53b0</load_address>
         <run_address>0x53b0</run_address>
         <size>0x3c</size>
         <input_file_ref idref="fl-7"/>
      </object_component>
      <object_component id="oc-15f">
         <name>.text:xQueueGenericCreate</name>
         <load_address>0x53ec</load_address>
         <run_address>0x53ec</run_address>
         <size>0x3c</size>
         <input_file_ref idref="fl-10"/>
      </object_component>
      <object_component id="oc-24d">
         <name>.text:prvAllocateTCBAndStack</name>
         <load_address>0x5428</load_address>
         <run_address>0x5428</run_address>
         <size>0x3a</size>
         <input_file_ref idref="fl-11"/>
      </object_component>
      <object_component id="oc-2a6">
         <name>.text:I2CSend</name>
         <load_address>0x5464</load_address>
         <run_address>0x5464</run_address>
         <size>0x38</size>
         <input_file_ref idref="fl-2"/>
      </object_component>
      <object_component id="oc-1d9">
         <name>.text:SysCtlPeripheralReady</name>
         <load_address>0x549c</load_address>
         <run_address>0x549c</run_address>
         <size>0x38</size>
         <input_file_ref idref="fl-185"/>
      </object_component>
      <object_component id="oc-41f">
         <name>.text</name>
         <load_address>0x54d4</load_address>
         <run_address>0x54d4</run_address>
         <size>0x38</size>
         <input_file_ref idref="fl-144"/>
      </object_component>
      <object_component id="oc-52f">
         <name>.text:vListInsert</name>
         <load_address>0x550c</load_address>
         <run_address>0x550c</run_address>
         <size>0x38</size>
         <input_file_ref idref="fl-f"/>
      </object_component>
      <object_component id="oc-1d3">
         <name>.text:SysCtlPeripheralEnable</name>
         <load_address>0x5544</load_address>
         <run_address>0x5544</run_address>
         <size>0x34</size>
         <input_file_ref idref="fl-185"/>
      </object_component>
      <object_component id="oc-5b6">
         <name>.text</name>
         <load_address>0x5578</load_address>
         <run_address>0x5578</run_address>
         <size>0x34</size>
         <input_file_ref idref="fl-160"/>
      </object_component>
      <object_component id="oc-2f3">
         <name>.text:prvHeapInit</name>
         <load_address>0x55ac</load_address>
         <run_address>0x55ac</run_address>
         <size>0x30</size>
         <input_file_ref idref="fl-14"/>
      </object_component>
      <object_component id="oc-4c1">
         <name>.text</name>
         <load_address>0x55dc</load_address>
         <run_address>0x55dc</run_address>
         <size>0x30</size>
         <input_file_ref idref="fl-170"/>
      </object_component>
      <object_component id="oc-37d">
         <name>.text</name>
         <load_address>0x560c</load_address>
         <run_address>0x560c</run_address>
         <size>0x30</size>
         <input_file_ref idref="fl-174"/>
      </object_component>
      <object_component id="oc-4f2">
         <name>.text</name>
         <load_address>0x563c</load_address>
         <run_address>0x563c</run_address>
         <size>0x30</size>
         <input_file_ref idref="fl-151"/>
      </object_component>
      <object_component id="oc-361">
         <name>.text</name>
         <load_address>0x566c</load_address>
         <run_address>0x566c</run_address>
         <size>0x2e</size>
         <input_file_ref idref="fl-146"/>
      </object_component>
      <object_component id="oc-61f">
         <name>.text</name>
         <load_address>0x569a</load_address>
         <run_address>0x569a</run_address>
         <size>0x2e</size>
         <input_file_ref idref="fl-16b"/>
      </object_component>
      <object_component id="oc-476">
         <name>.text:conversao</name>
         <load_address>0x56c8</load_address>
         <run_address>0x56c8</run_address>
         <size>0x2c</size>
         <input_file_ref idref="fl-2"/>
      </object_component>
      <object_component id="oc-4a">
         <name>.text:xPortSysTickHandler</name>
         <load_address>0x56f4</load_address>
         <run_address>0x56f4</run_address>
         <size>0x2c</size>
         <input_file_ref idref="fl-12"/>
      </object_component>
      <object_component id="oc-2c8">
         <name>.text:GPIODirModeSet</name>
         <load_address>0x5720</load_address>
         <run_address>0x5720</run_address>
         <size>0x2a</size>
         <input_file_ref idref="fl-182"/>
      </object_component>
      <object_component id="oc-36b">
         <name>.text</name>
         <load_address>0x574a</load_address>
         <run_address>0x574a</run_address>
         <size>0x2a</size>
         <input_file_ref idref="fl-163"/>
      </object_component>
      <object_component id="oc-135">
         <name>.text:buzzer_init</name>
         <load_address>0x5774</load_address>
         <run_address>0x5774</run_address>
         <size>0x28</size>
         <input_file_ref idref="fl-6"/>
      </object_component>
      <object_component id="oc-10d">
         <name>.text:prvResetNextTaskUnblockTime</name>
         <load_address>0x579c</load_address>
         <run_address>0x579c</run_address>
         <size>0x28</size>
         <input_file_ref idref="fl-11"/>
      </object_component>
      <object_component id="oc-259">
         <name>.text:pxPortInitialiseStack</name>
         <load_address>0x57c4</load_address>
         <run_address>0x57c4</run_address>
         <size>0x28</size>
         <input_file_ref idref="fl-12"/>
      </object_component>
      <object_component id="oc-40c">
         <name>.text:prvCopyDataFromQueue</name>
         <load_address>0x57ec</load_address>
         <run_address>0x57ec</run_address>
         <size>0x26</size>
         <input_file_ref idref="fl-10"/>
      </object_component>
      <object_component id="oc-538">
         <name>.text:reverse</name>
         <load_address>0x5812</load_address>
         <run_address>0x5812</run_address>
         <size>0x26</size>
         <input_file_ref idref="fl-5"/>
      </object_component>
      <object_component id="oc-2db">
         <name>.text:UARTDisable</name>
         <load_address>0x5838</load_address>
         <run_address>0x5838</run_address>
         <size>0x20</size>
         <input_file_ref idref="fl-186"/>
      </object_component>
      <object_component id="oc-335">
         <name>.text</name>
         <load_address>0x5858</load_address>
         <run_address>0x5858</run_address>
         <size>0x20</size>
         <input_file_ref idref="fl-16a"/>
      </object_component>
      <object_component id="oc-113">
         <name>.text:uxListRemove</name>
         <load_address>0x5878</load_address>
         <run_address>0x5878</run_address>
         <size>0x20</size>
         <input_file_ref idref="fl-f"/>
      </object_component>
      <object_component id="oc-431">
         <name>.text:prvIsQueueFull</name>
         <load_address>0x5898</load_address>
         <run_address>0x5898</run_address>
         <size>0x1c</size>
         <input_file_ref idref="fl-10"/>
      </object_component>
      <object_component id="oc-383">
         <name>.text</name>
         <load_address>0x58b4</load_address>
         <run_address>0x58b4</run_address>
         <size>0x1c</size>
         <input_file_ref idref="fl-169"/>
      </object_component>
      <object_component id="oc-25f">
         <name>.text:vPortEnterCritical</name>
         <load_address>0x58d0</load_address>
         <run_address>0x58d0</run_address>
         <size>0x1c</size>
         <input_file_ref idref="fl-12"/>
      </object_component>
      <object_component id="oc-3fa">
         <name>.text:prvIsQueueEmpty</name>
         <load_address>0x58ec</load_address>
         <run_address>0x58ec</run_address>
         <size>0x1a</size>
         <input_file_ref idref="fl-10"/>
      </object_component>
      <object_component id="oc-546">
         <name>.text</name>
         <load_address>0x5906</load_address>
         <run_address>0x5906</run_address>
         <size>0x1a</size>
         <input_file_ref idref="fl-166"/>
      </object_component>
      <object_component id="oc-1df">
         <name>.text:GPIOPinTypeGPIOOutput</name>
         <load_address>0x5920</load_address>
         <run_address>0x5920</run_address>
         <size>0x18</size>
         <input_file_ref idref="fl-182"/>
      </object_component>
      <object_component id="oc-412">
         <name>.text:pvTaskIncrementMutexHeldCount</name>
         <load_address>0x5938</load_address>
         <run_address>0x5938</run_address>
         <size>0x18</size>
         <input_file_ref idref="fl-11"/>
      </object_component>
      <object_component id="oc-84">
         <name>.text</name>
         <load_address>0x5950</load_address>
         <run_address>0x5950</run_address>
         <size>0x18</size>
         <input_file_ref idref="fl-155"/>
      </object_component>
      <object_component id="oc-4bb">
         <name>.text</name>
         <load_address>0x5968</load_address>
         <run_address>0x5968</run_address>
         <size>0x18</size>
         <input_file_ref idref="fl-16e"/>
      </object_component>
      <object_component id="oc-119">
         <name>.text:vListInsertEnd</name>
         <load_address>0x5980</load_address>
         <run_address>0x5980</run_address>
         <size>0x18</size>
         <input_file_ref idref="fl-f"/>
      </object_component>
      <object_component id="oc-26b">
         <name>.text:vPortExitCritical</name>
         <load_address>0x5998</load_address>
         <run_address>0x5998</run_address>
         <size>0x18</size>
         <input_file_ref idref="fl-12"/>
      </object_component>
      <object_component id="oc-3e8">
         <name>.text:vTaskSetTimeOutState</name>
         <load_address>0x59b0</load_address>
         <run_address>0x59b0</run_address>
         <size>0x18</size>
         <input_file_ref idref="fl-11"/>
      </object_component>
      <object_component id="oc-377">
         <name>.text</name>
         <load_address>0x59c8</load_address>
         <run_address>0x59c8</run_address>
         <size>0x16</size>
         <input_file_ref idref="fl-16d"/>
      </object_component>
      <object_component id="oc-30d">
         <name>.text:vListInitialise</name>
         <load_address>0x59de</load_address>
         <run_address>0x59de</run_address>
         <size>0x16</size>
         <input_file_ref idref="fl-f"/>
      </object_component>
      <object_component id="oc-287">
         <name>.text:Lcd_Write_String</name>
         <load_address>0x59f4</load_address>
         <run_address>0x59f4</run_address>
         <size>0x14</size>
         <input_file_ref idref="fl-3"/>
      </object_component>
      <object_component id="oc-2e1">
         <name>.text:UARTEnable</name>
         <load_address>0x5a08</load_address>
         <run_address>0x5a08</run_address>
         <size>0x14</size>
         <input_file_ref idref="fl-186"/>
      </object_component>
      <object_component id="oc-195">
         <name>.text</name>
         <load_address>0x5a1c</load_address>
         <run_address>0x5a1c</run_address>
         <size>0x14</size>
         <input_file_ref idref="fl-153"/>
      </object_component>
      <object_component id="oc-60a">
         <name>.text</name>
         <load_address>0x5a30</load_address>
         <run_address>0x5a30</run_address>
         <size>0x14</size>
         <input_file_ref idref="fl-17c"/>
      </object_component>
      <object_component id="oc-32f">
         <name>.text</name>
         <load_address>0x5a44</load_address>
         <run_address>0x5a44</run_address>
         <size>0x14</size>
         <input_file_ref idref="fl-16f"/>
      </object_component>
      <object_component id="oc-3cb">
         <name>.text:vPortSetupTimerInterrupt</name>
         <load_address>0x5a58</load_address>
         <run_address>0x5a58</run_address>
         <size>0x14</size>
         <input_file_ref idref="fl-12"/>
      </object_component>
      <object_component id="oc-20e">
         <name>.text:GPIOPinTypeGPIOInput</name>
         <load_address>0x5a6c</load_address>
         <run_address>0x5a6c</run_address>
         <size>0x12</size>
         <input_file_ref idref="fl-182"/>
      </object_component>
      <object_component id="oc-444">
         <name>.text:GPIOPinTypeI2C</name>
         <load_address>0x5a7e</load_address>
         <run_address>0x5a7e</run_address>
         <size>0x12</size>
         <input_file_ref idref="fl-182"/>
      </object_component>
      <object_component id="oc-43e">
         <name>.text:GPIOPinTypeI2CSCL</name>
         <load_address>0x5a90</load_address>
         <run_address>0x5a90</run_address>
         <size>0x12</size>
         <input_file_ref idref="fl-182"/>
      </object_component>
      <object_component id="oc-1fb">
         <name>.text:GPIOPinTypeUART</name>
         <load_address>0x5aa2</load_address>
         <run_address>0x5aa2</run_address>
         <size>0x12</size>
         <input_file_ref idref="fl-182"/>
      </object_component>
      <object_component id="oc-516">
         <name>.text:prvDeleteTCB</name>
         <load_address>0x5ab4</load_address>
         <run_address>0x5ab4</run_address>
         <size>0x12</size>
         <input_file_ref idref="fl-11"/>
      </object_component>
      <object_component id="oc-153">
         <name>.text:Lcd_Clear</name>
         <load_address>0x5ac6</load_address>
         <run_address>0x5ac6</run_address>
         <size>0x10</size>
         <input_file_ref idref="fl-3"/>
      </object_component>
      <object_component id="oc-3b9">
         <name>.text:prvTaskExitError</name>
         <load_address>0x5ad6</load_address>
         <run_address>0x5ad6</run_address>
         <size>0x10</size>
         <input_file_ref idref="fl-12"/>
      </object_component>
      <object_component id="oc-2ed">
         <name>.text:vTaskSuspendAll</name>
         <load_address>0x5ae8</load_address>
         <run_address>0x5ae8</run_address>
         <size>0x10</size>
         <input_file_ref idref="fl-11"/>
      </object_component>
      <object_component id="oc-12">
         <name>.text:decompress:none</name>
         <load_address>0x5af8</load_address>
         <run_address>0x5af8</run_address>
         <size>0xe</size>
         <input_file_ref idref="fl-13e"/>
      </object_component>
      <object_component id="oc-1e">
         <name>.text:decompress:ZI</name>
         <load_address>0x5b06</load_address>
         <run_address>0x5b06</run_address>
         <size>0xc</size>
         <input_file_ref idref="fl-140"/>
      </object_component>
      <object_component id="oc-526">
         <name>.text:vTaskMissedYield</name>
         <load_address>0x5b14</load_address>
         <run_address>0x5b14</run_address>
         <size>0xc</size>
         <input_file_ref idref="fl-11"/>
      </object_component>
      <object_component id="oc-564">
         <name>.text:I2CMasterEnable</name>
         <load_address>0x5b20</load_address>
         <run_address>0x5b20</run_address>
         <size>0xa</size>
         <input_file_ref idref="fl-183"/>
      </object_component>
      <object_component id="oc-463">
         <name>.text:I2CMasterBusBusy</name>
         <load_address>0x5b2a</load_address>
         <run_address>0x5b2a</run_address>
         <size>0x8</size>
         <input_file_ref idref="fl-183"/>
      </object_component>
      <object_component id="oc-46a">
         <name>.text:I2CMasterBusy</name>
         <load_address>0x5b32</load_address>
         <run_address>0x5b32</run_address>
         <size>0x8</size>
         <input_file_ref idref="fl-183"/>
      </object_component>
      <object_component id="oc-451">
         <name>.text:I2CMasterSlaveAddrSet</name>
         <load_address>0x5b3a</load_address>
         <run_address>0x5b3a</run_address>
         <size>0x8</size>
         <input_file_ref idref="fl-183"/>
      </object_component>
      <object_component id="oc-278">
         <name>.text:prvIdleTask</name>
         <load_address>0x5b42</load_address>
         <run_address>0x5b42</run_address>
         <size>0x8</size>
         <input_file_ref idref="fl-11"/>
      </object_component>
      <object_component id="oc-3d9">
         <name>.text:GPIOPinRead</name>
         <load_address>0x5b4a</load_address>
         <run_address>0x5b4a</run_address>
         <size>0x6</size>
         <input_file_ref idref="fl-182"/>
      </object_component>
      <object_component id="oc-216">
         <name>.text:GPIOPinWrite</name>
         <load_address>0x5b50</load_address>
         <run_address>0x5b50</run_address>
         <size>0x6</size>
         <input_file_ref idref="fl-182"/>
      </object_component>
      <object_component id="oc-2d">
         <name>.text:ResetISR</name>
         <load_address>0x5b56</load_address>
         <run_address>0x5b56</run_address>
         <size>0x6</size>
         <input_file_ref idref="fl-b"/>
      </object_component>
      <object_component id="oc-1ed">
         <name>.text:SysCtlDelay</name>
         <load_address>0x5b5c</load_address>
         <run_address>0x5b5c</run_address>
         <size>0x6</size>
         <input_file_ref idref="fl-185"/>
      </object_component>
      <object_component id="oc-18">
         <name>.text:decompress:rle24</name>
         <load_address>0x5b62</load_address>
         <run_address>0x5b62</run_address>
         <size>0x6</size>
         <input_file_ref idref="fl-13f"/>
      </object_component>
      <object_component id="oc-3b2">
         <name>.text:vListInitialiseItem</name>
         <load_address>0x5b68</load_address>
         <run_address>0x5b68</run_address>
         <size>0x6</size>
         <input_file_ref idref="fl-f"/>
      </object_component>
      <object_component id="oc-45d">
         <name>.text:I2CMasterControl</name>
         <load_address>0x5b6e</load_address>
         <run_address>0x5b6e</run_address>
         <size>0x4</size>
         <input_file_ref idref="fl-183"/>
      </object_component>
      <object_component id="oc-470">
         <name>.text:I2CMasterDataGet</name>
         <load_address>0x5b72</load_address>
         <run_address>0x5b72</run_address>
         <size>0x4</size>
         <input_file_ref idref="fl-183"/>
      </object_component>
      <object_component id="oc-457">
         <name>.text:I2CMasterDataPut</name>
         <load_address>0x5b76</load_address>
         <run_address>0x5b76</run_address>
         <size>0x4</size>
         <input_file_ref idref="fl-183"/>
      </object_component>
      <object_component id="oc-78">
         <name>.text</name>
         <load_address>0x5b7a</load_address>
         <run_address>0x5b7a</run_address>
         <size>0x4</size>
         <input_file_ref idref="fl-14a"/>
      </object_component>
      <object_component id="oc-500">
         <name>.const:.string:_ctypes_</name>
         <load_address>0x5b80</load_address>
         <run_address>0x5b80</run_address>
         <size>0x101</size>
         <input_file_ref idref="fl-159"/>
      </object_component>
      <object_component id="oc-2d2">
         <name>.const:g_pui32GPIOBaseAddrs</name>
         <load_address>0x5c84</load_address>
         <run_address>0x5c84</run_address>
         <size>0x90</size>
         <input_file_ref idref="fl-182"/>
      </object_component>
      <object_component id="oc-2d7">
         <name>.const:g_pui32Xtals</name>
         <load_address>0x5d14</load_address>
         <run_address>0x5d14</run_address>
         <size>0x6c</size>
         <input_file_ref idref="fl-185"/>
      </object_component>
      <object_component id="oc-5dc">
         <name>.const</name>
         <load_address>0x5d80</load_address>
         <run_address>0x5d80</run_address>
         <size>0x48</size>
         <input_file_ref idref="fl-150"/>
      </object_component>
      <object_component id="oc-632">
         <name>.const:p</name>
         <load_address>0x5dc8</load_address>
         <run_address>0x5dc8</run_address>
         <size>0x38</size>
         <input_file_ref idref="fl-177"/>
      </object_component>
      <object_component id="oc-5d1">
         <name>.const</name>
         <load_address>0x5e00</load_address>
         <run_address>0x5e00</run_address>
         <size>0x30</size>
         <input_file_ref idref="fl-14e"/>
      </object_component>
      <object_component id="oc-3df">
         <name>.const</name>
         <load_address>0x5e30</load_address>
         <run_address>0x5e30</run_address>
         <size>0x10</size>
         <input_file_ref idref="fl-8"/>
      </object_component>
      <object_component id="oc-3e2">
         <name>.const:.string</name>
         <load_address>0x5e40</load_address>
         <run_address>0x5e40</run_address>
         <size>0x8</size>
         <input_file_ref idref="fl-8"/>
      </object_component>
      <object_component id="oc-9f">
         <name>.const</name>
         <load_address>0x5e48</load_address>
         <run_address>0x5e48</run_address>
         <size>0x4</size>
         <input_file_ref idref="fl-12"/>
      </object_component>
      <object_component id="oc-6a5">
         <name>.cinit..data.load</name>
         <load_address>0x5e50</load_address>
         <run_address>0x5e50</run_address>
         <size>0xd6</size>
      </object_component>
      <object_component id="oc-6a3">
         <name>__TI_handler_table</name>
         <load_address>0x5f28</load_address>
         <run_address>0x5f28</run_address>
         <size>0xc</size>
      </object_component>
      <object_component id="oc-6a6">
         <name>.cinit..bss.load</name>
         <load_address>0x5f38</load_address>
         <run_address>0x5f38</run_address>
         <size>0x8</size>
      </object_component>
      <object_component id="oc-6a4">
         <name>__TI_cinit_table</name>
         <load_address>0x5f40</load_address>
         <run_address>0x5f40</run_address>
         <size>0x10</size>
      </object_component>
      <object_component id="oc-2a">
         <name>.sysmem</name>
         <uninitialized>true</uninitialized>
         <run_address>0x20007e98</run_address>
         <size>0x8</size>
         <input_file_ref idref="fl-17f"/>
      </object_component>
      <object_component id="oc-6a8">
         <name>.sysmem</name>
         <uninitialized>true</uninitialized>
         <run_address>0x20007e98</run_address>
         <size>0x0</size>
      </object_component>
      <object_component id="oc-29">
         <name>.stack</name>
         <uninitialized>true</uninitialized>
         <run_address>0x20007c94</run_address>
         <size>0x0</size>
         <input_file_ref idref="fl-13d"/>
      </object_component>
      <object_component id="oc-6a7">
         <name>.stack</name>
         <uninitialized>true</uninitialized>
         <run_address>0x20007c94</run_address>
         <size>0x0</size>
      </object_component>
      <object_component id="oc-109">
         <name>.bss:pxReadyTasksLists</name>
         <uninitialized>true</uninitialized>
         <run_address>0x20007530</run_address>
         <size>0x140</size>
         <input_file_ref idref="fl-11"/>
      </object_component>
      <object_component id="oc-498">
         <name>.bss:ucHeap</name>
         <uninitialized>true</uninitialized>
         <run_address>0x20000000</run_address>
         <size>0x7530</size>
         <input_file_ref idref="fl-14"/>
      </object_component>
      <object_component id="oc-63d">
         <name>.bss:__TI_tmpnams</name>
         <uninitialized>true</uninitialized>
         <run_address>0x20007790</run_address>
         <size>0xa0</size>
         <input_file_ref idref="fl-15a"/>
      </object_component>
      <object_component id="oc-644">
         <name>.bss:__CIOBUF_</name>
         <uninitialized>true</uninitialized>
         <run_address>0x20007670</run_address>
         <size>0x120</size>
         <input_file_ref idref="fl-172"/>
      </object_component>
      <object_component id="oc-18c">
         <name>.common:temp_queue</name>
         <uninitialized>true</uninitialized>
         <run_address>0x200078b8</run_address>
         <size>0x4</size>
      </object_component>
      <object_component id="oc-177">
         <name>.common:buzzer_queue</name>
         <uninitialized>true</uninitialized>
         <run_address>0x200078ac</run_address>
         <size>0x4</size>
      </object_component>
      <object_component id="oc-3c4">
         <name>.common:xDelayedTaskList1</name>
         <uninitialized>true</uninitialized>
         <run_address>0x20007830</run_address>
         <size>0x14</size>
      </object_component>
      <object_component id="oc-3c5">
         <name>.common:xDelayedTaskList2</name>
         <uninitialized>true</uninitialized>
         <run_address>0x20007844</run_address>
         <size>0x14</size>
      </object_component>
      <object_component id="oc-11f">
         <name>.common:pxDelayedTaskList</name>
         <uninitialized>true</uninitialized>
         <run_address>0x200078b0</run_address>
         <size>0x4</size>
      </object_component>
      <object_component id="oc-120">
         <name>.common:pxOverflowDelayedTaskList</name>
         <uninitialized>true</uninitialized>
         <run_address>0x200078b4</run_address>
         <size>0x4</size>
      </object_component>
      <object_component id="oc-3c6">
         <name>.common:xPendingReadyList</name>
         <uninitialized>true</uninitialized>
         <run_address>0x20007858</run_address>
         <size>0x14</size>
      </object_component>
      <object_component id="oc-3c7">
         <name>.common:xTasksWaitingTermination</name>
         <uninitialized>true</uninitialized>
         <run_address>0x20007880</run_address>
         <size>0x14</size>
      </object_component>
      <object_component id="oc-3c8">
         <name>.common:xSuspendedTaskList</name>
         <uninitialized>true</uninitialized>
         <run_address>0x2000786c</run_address>
         <size>0x14</size>
      </object_component>
      <object_component id="oc-302">
         <name>.common:xStart</name>
         <uninitialized>true</uninitialized>
         <run_address>0x200078a4</run_address>
         <size>0x8</size>
      </object_component>
      <object_component id="oc-305">
         <name>.common:xEnd</name>
         <uninitialized>true</uninitialized>
         <run_address>0x2000789c</run_address>
         <size>0x8</size>
      </object_component>
      <object_component id="oc-610">
         <name>.common:parmbuf</name>
         <uninitialized>true</uninitialized>
         <run_address>0x20007894</run_address>
         <size>0x8</size>
      </object_component>
      <object_component id="oc-9c">
         <name>.data</name>
         <load_address>0x20007c18</load_address>
         <run_address>0x20007c18</run_address>
         <size>0x30</size>
         <input_file_ref idref="fl-11"/>
      </object_component>
      <object_component id="oc-3c0">
         <name>.data</name>
         <load_address>0x20007c84</load_address>
         <run_address>0x20007c84</run_address>
         <size>0x4</size>
         <input_file_ref idref="fl-12"/>
      </object_component>
      <object_component id="oc-2ff">
         <name>.data</name>
         <load_address>0x20007c64</load_address>
         <run_address>0x20007c64</run_address>
         <size>0x8</size>
         <input_file_ref idref="fl-14"/>
      </object_component>
      <object_component id="oc-e3">
         <name>.data</name>
         <load_address>0x20007c74</load_address>
         <run_address>0x20007c74</run_address>
         <size>0x8</size>
         <input_file_ref idref="fl-141"/>
      </object_component>
      <object_component id="oc-90">
         <name>.data</name>
         <load_address>0x20007c90</load_address>
         <run_address>0x20007c90</run_address>
         <size>0x4</size>
         <input_file_ref idref="fl-14c"/>
      </object_component>
      <object_component id="oc-552">
         <name>.data</name>
         <load_address>0x20007b30</load_address>
         <run_address>0x20007b30</run_address>
         <size>0x80</size>
         <input_file_ref idref="fl-152"/>
      </object_component>
      <object_component id="oc-e0">
         <name>.data</name>
         <load_address>0x20007c6c</load_address>
         <run_address>0x20007c6c</run_address>
         <size>0x8</size>
         <input_file_ref idref="fl-153"/>
      </object_component>
      <object_component id="oc-243">
         <name>.data:_ftable</name>
         <load_address>0x200078c0</load_address>
         <run_address>0x200078c0</run_address>
         <size>0xf0</size>
         <input_file_ref idref="fl-15a"/>
      </object_component>
      <object_component id="oc-4b6">
         <name>.data</name>
         <load_address>0x20007c48</load_address>
         <run_address>0x20007c48</run_address>
         <size>0x10</size>
         <input_file_ref idref="fl-15a"/>
      </object_component>
      <object_component id="oc-5bc">
         <name>.data</name>
         <load_address>0x20007c88</load_address>
         <run_address>0x20007c88</run_address>
         <size>0x4</size>
         <input_file_ref idref="fl-15b"/>
      </object_component>
      <object_component id="oc-625">
         <name>.data</name>
         <load_address>0x20007c7c</load_address>
         <run_address>0x20007c7c</run_address>
         <size>0x8</size>
         <input_file_ref idref="fl-160"/>
      </object_component>
      <object_component id="oc-4c7">
         <name>.data</name>
         <load_address>0x200079b0</load_address>
         <run_address>0x200079b0</run_address>
         <size>0xd0</size>
         <input_file_ref idref="fl-167"/>
      </object_component>
      <object_component id="oc-670">
         <name>.data:sigtable</name>
         <load_address>0x20007a80</load_address>
         <run_address>0x20007a80</run_address>
         <size>0xb0</size>
         <input_file_ref idref="fl-16c"/>
      </object_component>
      <object_component id="oc-62f">
         <name>.data</name>
         <load_address>0x20007bb0</load_address>
         <run_address>0x20007bb0</run_address>
         <size>0x68</size>
         <input_file_ref idref="fl-17d"/>
      </object_component>
      <object_component id="oc-5fb">
         <name>.data</name>
         <load_address>0x20007c8c</load_address>
         <run_address>0x20007c8c</run_address>
         <size>0x4</size>
         <input_file_ref idref="fl-17e"/>
      </object_component>
      <object_component id="oc-5f1">
         <name>.data</name>
         <load_address>0x20007c58</load_address>
         <run_address>0x20007c58</run_address>
         <size>0xc</size>
         <input_file_ref idref="fl-17f"/>
      </object_component>
      <object_component id="oc-3aa">
         <name>.debug_info</name>
         <load_address>0x0</load_address>
         <run_address>0x0</run_address>
         <size>0x3e0</size>
         <input_file_ref idref="fl-2"/>
      </object_component>
      <object_component id="oc-477">
         <name>.debug_info</name>
         <load_address>0x3e0</load_address>
         <run_address>0x3e0</run_address>
         <size>0x182</size>
         <input_file_ref idref="fl-2"/>
      </object_component>
      <object_component id="oc-2a2">
         <name>.debug_info</name>
         <load_address>0x562</load_address>
         <run_address>0x562</run_address>
         <size>0x1f0</size>
         <input_file_ref idref="fl-2"/>
      </object_component>
      <object_component id="oc-2a8">
         <name>.debug_info</name>
         <load_address>0x752</load_address>
         <run_address>0x752</run_address>
         <size>0x189</size>
         <input_file_ref idref="fl-2"/>
      </object_component>
      <object_component id="oc-2ae">
         <name>.debug_info</name>
         <load_address>0x8db</load_address>
         <run_address>0x8db</run_address>
         <size>0x1db</size>
         <input_file_ref idref="fl-2"/>
      </object_component>
      <object_component id="oc-122">
         <name>.debug_info</name>
         <load_address>0xab6</load_address>
         <run_address>0xab6</run_address>
         <size>0x8b</size>
         <input_file_ref idref="fl-2"/>
      </object_component>
      <object_component id="oc-b7">
         <name>.debug_info</name>
         <load_address>0xb41</load_address>
         <run_address>0xb41</run_address>
         <size>0x18b</size>
         <input_file_ref idref="fl-2"/>
      </object_component>
      <object_component id="oc-248">
         <name>.debug_info</name>
         <load_address>0xccc</load_address>
         <run_address>0xccc</run_address>
         <size>0x4e</size>
         <input_file_ref idref="fl-2"/>
      </object_component>
      <object_component id="oc-21d">
         <name>.debug_info</name>
         <load_address>0xd1a</load_address>
         <run_address>0xd1a</run_address>
         <size>0x1c3</size>
         <input_file_ref idref="fl-3"/>
      </object_component>
      <object_component id="oc-1e8">
         <name>.debug_info</name>
         <load_address>0xedd</load_address>
         <run_address>0xedd</run_address>
         <size>0x158</size>
         <input_file_ref idref="fl-3"/>
      </object_component>
      <object_component id="oc-15a">
         <name>.debug_info</name>
         <load_address>0x1035</load_address>
         <run_address>0x1035</run_address>
         <size>0x1b9</size>
         <input_file_ref idref="fl-3"/>
      </object_component>
      <object_component id="oc-288">
         <name>.debug_info</name>
         <load_address>0x11ee</load_address>
         <run_address>0x11ee</run_address>
         <size>0x126</size>
         <input_file_ref idref="fl-3"/>
      </object_component>
      <object_component id="oc-1ef">
         <name>.debug_info</name>
         <load_address>0x1314</load_address>
         <run_address>0x1314</run_address>
         <size>0x176</size>
         <input_file_ref idref="fl-3"/>
      </object_component>
      <object_component id="oc-142">
         <name>.debug_info</name>
         <load_address>0x148a</load_address>
         <run_address>0x148a</run_address>
         <size>0x1c7</size>
         <input_file_ref idref="fl-3"/>
      </object_component>
      <object_component id="oc-154">
         <name>.debug_info</name>
         <load_address>0x1651</load_address>
         <run_address>0x1651</run_address>
         <size>0x114</size>
         <input_file_ref idref="fl-3"/>
      </object_component>
      <object_component id="oc-1a5">
[...]
         <object_component_ref idref="oc-552"/>
      </symbol>
      <symbol id="sm-745">
         <name>_nop</name>
         <value>0x5a2b</value>
         <object_component_ref idref="oc-195"/>
      </symbol>
      <symbol id="sm-746">
         <name>_lock</name>
         <value>0x20007c6c</value>
         <object_component_ref idref="oc-e0"/>
      </symbol>
      <symbol id="sm-747">
         <name>_unlock</name>
         <value>0x20007c70</value>
         <object_component_ref idref="oc-e0"/>
      </symbol>
      <symbol id="sm-748">
         <name>_register_lock</name>
         <value>0x5a23</value>
         <object_component_ref idref="oc-195"/>
      </symbol>
      <symbol id="sm-749">
         <name>_register_unlock</name>
         <value>0x5a1d</value>
         <object_component_ref idref="oc-195"/>
      </symbol>
      <symbol id="sm-853">
         <name>__TI_printfi</name>
         <value>0x1021</value>
         <object_component_ref idref="oc-23d"/>
      </symbol>
      <symbol id="sm-868">
         <name>_args_main</name>
         <value>0x5951</value>
         <object_component_ref idref="oc-84"/>
      </symbol>
      <symbol id="sm-87e">
         <name>atoi</name>
         <value>0x4fd9</value>
         <object_component_ref idref="oc-389"/>
      </symbol>
      <symbol id="sm-8a4">
         <name>__TI_auto_init</name>
         <value>0x4781</value>
         <object_component_ref idref="oc-7e"/>
      </symbol>
      <symbol id="sm-8be">
         <name>copy_in</name>
         <value>0x5025</value>
         <object_component_ref idref="oc-d0"/>
      </symbol>
      <symbol id="sm-8c9">
         <name>_ctypes_</name>
         <value>0x5b80</value>
         <object_component_ref idref="oc-500"/>
      </symbol>
      <symbol id="sm-8e2">
         <name>__aeabi_stdout</name>
         <value>0x20007c50</value>
         <object_component_ref idref="oc-4b6"/>
      </symbol>
      <symbol id="sm-8e3">
         <name>__TI_tmpnams</name>
         <value>0x20007790</value>
         <object_component_ref idref="oc-63d"/>
      </symbol>
      <symbol id="sm-8e4">
         <name>__aeabi_stderr</name>
         <value>0x20007c54</value>
         <object_component_ref idref="oc-4b6"/>
      </symbol>
      <symbol id="sm-8e5">
         <name>__aeabi_stdin</name>
         <value>0x20007c4c</value>
         <object_component_ref idref="oc-4b6"/>
      </symbol>
      <symbol id="sm-8e6">
         <name>_ftable</name>
         <value>0x200078c0</value>
         <object_component_ref idref="oc-243"/>
      </symbol>
      <symbol id="sm-8e7">
         <name>__TI_ft_end</name>
         <value>0x20007c48</value>
         <object_component_ref idref="oc-4b6"/>
      </symbol>
      <symbol id="sm-8ef">
         <name>_Errno</name>
         <value>0x20007c88</value>
         <object_component_ref idref="oc-5bc"/>
      </symbol>
      <symbol id="sm-913">
         <name>__aeabi_dsub</name>
         <value>0x2a1d</value>
         <object_component_ref idref="oc-366"/>
      </symbol>
      <symbol id="sm-914">
         <name>__aeabi_dadd</name>
         <value>0x2a27</value>
         <object_component_ref idref="oc-366"/>
      </symbol>
      <symbol id="sm-93b">
         <name>__aeabi_cdcmpeq</name>
         <value>0x4241</value>
         <object_component_ref idref="oc-342"/>
      </symbol>
      <symbol id="sm-93c">
         <name>__aeabi_cdcmple</name>
         <value>0x4241</value>
         <object_component_ref idref="oc-342"/>
      </symbol>
      <symbol id="sm-93d">
         <name>__aeabi_cdrcmple</name>
         <value>0x42c7</value>
         <object_component_ref idref="oc-351"/>
      </symbol>
      <symbol id="sm-95d">
         <name>__aeabi_ddiv</name>
         <value>0x2bd3</value>
         <object_component_ref idref="oc-34c"/>
      </symbol>
      <symbol id="sm-96b">
         <name>__aeabi_d2iz</name>
         <value>0x51d9</value>
         <object_component_ref idref="oc-356"/>
      </symbol>
      <symbol id="sm-989">
         <name>feraiseexcept</name>
         <value>0x5579</value>
         <object_component_ref idref="oc-5b6"/>
      </symbol>
      <symbol id="sm-98a">
         <name>_Tls_setup__Fenv</name>
         <value>0x20007c80</value>
         <object_component_ref idref="oc-625"/>
      </symbol>
      <symbol id="sm-98b">
         <name>_Fenv</name>
         <value>0x20007c7c</value>
         <object_component_ref idref="oc-625"/>
      </symbol>
      <symbol id="sm-9a2">
         <name>putc</name>
         <value>0x3ff9</value>
         <object_component_ref idref="oc-231"/>
      </symbol>
      <symbol id="sm-9a3">
         <name>fputc</name>
         <value>0x3ff9</value>
         <object_component_ref idref="oc-231"/>
      </symbol>
      <symbol id="sm-9a4">
         <name>putchar</name>
         <value>0x407d</value>
         <object_component_ref idref="oc-231"/>
      </symbol>
      <symbol id="sm-9c6">
         <name>puts</name>
         <value>0x2e15</value>
         <object_component_ref idref="oc-237"/>
      </symbol>
      <symbol id="sm-9c7">
         <name>fputs</name>
         <value>0x2d09</value>
         <object_component_ref idref="oc-237"/>
      </symbol>
      <symbol id="sm-9d4">
         <name>frexp</name>
         <value>0x574b</value>
         <object_component_ref idref="oc-36b"/>
      </symbol>
      <symbol id="sm-9e6">
         <name>ldexp</name>
         <value>0x4e9d</value>
         <object_component_ref idref="oc-371"/>
      </symbol>
      <symbol id="sm-9f0">
         <name>log</name>
         <value>0x5907</value>
         <object_component_ref idref="oc-546"/>
      </symbol>
      <symbol id="sm-a42">
         <name>open</name>
         <value>0x1cdb</value>
         <object_component_ref idref="oc-327"/>
      </symbol>
      <symbol id="sm-a43">
         <name>add_device</name>
         <value>0x1dfd</value>
         <object_component_ref idref="oc-327"/>
      </symbol>
      <symbol id="sm-a44">
         <name>remove_device</name>
         <value>0x1c8f</value>
         <object_component_ref idref="oc-327"/>
      </symbol>
      <symbol id="sm-a45">
         <name>lseek</name>
         <value>0x1d89</value>
         <object_component_ref idref="oc-327"/>
      </symbol>
      <symbol id="sm-a46">
         <name>read</name>
         <value>0x1cb7</value>
         <object_component_ref idref="oc-327"/>
      </symbol>
      <symbol id="sm-a47">
         <name>rename</name>
         <value>0x1c51</value>
         <object_component_ref idref="oc-327"/>
      </symbol>
      <symbol id="sm-a48">
         <name>write</name>
         <value>0x1b9d</value>
         <object_component_ref idref="oc-327"/>
      </symbol>
      <symbol id="sm-a49">
         <name>close</name>
         <value>0x1dad</value>
         <object_component_ref idref="oc-327"/>
      </symbol>
      <symbol id="sm-a4a">
         <name>unlink</name>
         <value>0x1c2d</value>
         <object_component_ref idref="oc-327"/>
      </symbol>
      <symbol id="sm-a59">
         <name>ltoa</name>
         <value>0x4d49</value>
         <object_component_ref idref="oc-35b"/>
      </symbol>
      <symbol id="sm-a69">
         <name>memccpy</name>
         <value>0x58b5</value>
         <object_component_ref idref="oc-383"/>
      </symbol>
      <symbol id="sm-a79">
         <name>memchr</name>
         <value>0x5859</value>
         <object_component_ref idref="oc-335"/>
      </symbol>
      <symbol id="sm-a8d">
         <name>raise</name>
         <value>0x569b</value>
         <object_component_ref idref="oc-61f"/>
      </symbol>
      <symbol id="sm-aa7">
         <name>signal</name>
         <value>0x5331</value>
         <object_component_ref idref="oc-64f"/>
      </symbol>
      <symbol id="sm-ab7">
         <name>strchr</name>
         <value>0x59c9</value>
         <object_component_ref idref="oc-377"/>
      </symbol>
      <symbol id="sm-ac6">
         <name>strcmp</name>
         <value>0x5969</value>
         <object_component_ref idref="oc-4bb"/>
      </symbol>
      <symbol id="sm-ad4">
         <name>strlen</name>
         <value>0x5a45</value>
         <object_component_ref idref="oc-32f"/>
      </symbol>
      <symbol id="sm-ae4">
         <name>strncpy</name>
         <value>0x55dd</value>
         <object_component_ref idref="oc-4c1"/>
      </symbol>
      <symbol id="sm-b05">
         <name>HOSTgetenv</name>
         <value>0x23ab</value>
         <object_component_ref idref="oc-595"/>
      </symbol>
      <symbol id="sm-b06">
         <name>HOSTrename</name>
         <value>0x2253</value>
         <object_component_ref idref="oc-595"/>
      </symbol>
      <symbol id="sm-b07">
         <name>HOSTclose</name>
         <value>0x23e9</value>
         <object_component_ref idref="oc-595"/>
      </symbol>
      <symbol id="sm-b08">
         <name>HOSTunlink</name>
         <value>0x21e1</value>
         <object_component_ref idref="oc-595"/>
      </symbol>
      <symbol id="sm-b09">
         <name>HOSTlseek</name>
         <value>0x234f</value>
         <object_component_ref idref="oc-595"/>
      </symbol>
      <symbol id="sm-b0a">
         <name>HOSTopen</name>
         <value>0x22fd</value>
         <object_component_ref idref="oc-595"/>
      </symbol>
      <symbol id="sm-b0b">
         <name>HOSTclock</name>
         <value>0x2421</value>
         <object_component_ref idref="oc-595"/>
      </symbol>
      <symbol id="sm-b0c">
         <name>HOSTwrite</name>
         <value>0x2195</value>
         <object_component_ref idref="oc-595"/>
      </symbol>
      <symbol id="sm-b0d">
         <name>HOSTread</name>
         <value>0x22b1</value>
         <object_component_ref idref="oc-595"/>
      </symbol>
      <symbol id="sm-b0e">
         <name>HOSTtime</name>
         <value>0x2219</value>
         <object_component_ref idref="oc-595"/>
      </symbol>
      <symbol id="sm-b29">
         <name>__TI_readmsg</name>
         <value>0x48f3</value>
         <object_component_ref idref="oc-604"/>
      </symbol>
      <symbol id="sm-b2a">
         <name>C$$IO$$</name>
         <value>0x48ef</value>
         <object_component_ref idref="oc-604"/>
      </symbol>
      <symbol id="sm-b2b">
         <name>__CIOBUF_</name>
         <value>0x20007670</value>
         <object_component_ref idref="oc-644"/>
      </symbol>
      <symbol id="sm-b2c">
         <name>__TI_writemsg</name>
         <value>0x48c1</value>
         <object_component_ref idref="oc-604"/>
      </symbol>
      <symbol id="sm-b56">
         <name>__aeabi_uldivmod</name>
         <value>0x2665</value>
         <object_component_ref idref="oc-33d"/>
      </symbol>
      <symbol id="sm-b64">
         <name>_Dclass</name>
         <value>0x560d</value>
         <object_component_ref idref="oc-37d"/>
      </symbol>
      <symbol id="sm-b79">
         <name>_Dnorm</name>
         <value>0x3cad</value>
         <object_component_ref idref="oc-5aa"/>
      </symbol>
      <symbol id="sm-b95">
         <name>_Dscale</name>
         <value>0x32b1</value>
         <object_component_ref idref="oc-4ec"/>
      </symbol>
      <symbol id="sm-bc5">
         <name>_Log</name>
         <value>0x1ea9</value>
         <object_component_ref idref="oc-5d5"/>
      </symbol>
      <symbol id="sm-be3">
         <name>__TI_wrt_ok</name>
         <value>0x3e19</value>
         <object_component_ref idref="oc-31b"/>
      </symbol>
      <symbol id="sm-be4">
         <name>__TI_rd_ok</name>
         <value>0x3e7b</value>
         <object_component_ref idref="oc-31b"/>
      </symbol>
      <symbol id="sm-bfe">
         <name>__TI_doflush</name>
         <value>0x3b25</value>
         <object_component_ref idref="oc-321"/>
      </symbol>
      <symbol id="sm-bff">
         <name>fflush</name>
         <value>0x3b71</value>
         <object_component_ref idref="oc-321"/>
      </symbol>
      <symbol id="sm-c11">
         <name>fseek</name>
         <value>0x4991</value>
         <object_component_ref idref="oc-4a8"/>
      </symbol>
      <symbol id="sm-c2d">
         <name>setvbuf</name>
         <value>0x3975</value>
         <object_component_ref idref="oc-4ae"/>
      </symbol>
      <symbol id="sm-c3b">
         <name>strcpy</name>
         <value>0x5a31</value>
         <object_component_ref idref="oc-60a"/>
      </symbol>
      <symbol id="sm-c4a">
         <name>_FZero</name>
         <value>0x20007c14</value>
         <object_component_ref idref="oc-62f"/>
      </symbol>
      <symbol id="sm-c4b">
         <name>_FRteps</name>
         <value>0x20007c00</value>
         <object_component_ref idref="oc-62f"/>
      </symbol>
      <symbol id="sm-c4c">
         <name>_FSnan</name>
         <value>0x20007bf0</value>
         <object_component_ref idref="oc-62f"/>
      </symbol>
      <symbol id="sm-c4d">
         <name>_FNan</name>
         <value>0x20007be0</value>
         <object_component_ref idref="oc-62f"/>
      </symbol>
      <symbol id="sm-c4e">
         <name>_FInf</name>
         <value>0x20007bd0</value>
         <object_component_ref idref="oc-62f"/>
      </symbol>
      <symbol id="sm-c4f">
         <name>_FEps</name>
         <value>0x20007bc0</value>
         <object_component_ref idref="oc-62f"/>
      </symbol>
      <symbol id="sm-c50">
         <name>_FXbig</name>
         <value>0x20007c10</value>
         <object_component_ref idref="oc-62f"/>
      </symbol>
      <symbol id="sm-c51">
         <name>_FDenorm</name>
         <value>0x20007bb0</value>
         <object_component_ref idref="oc-62f"/>
      </symbol>
      <symbol id="sm-c88">
         <name>__TI_cleanup</name>
         <value>0x2921</value>
         <object_component_ref idref="oc-57e"/>
      </symbol>
      <symbol id="sm-c89">
         <name>freopen</name>
         <value>0x294d</value>
         <object_component_ref idref="oc-57e"/>
      </symbol>
      <symbol id="sm-c8a">
         <name>fopen</name>
         <value>0x2977</value>
         <object_component_ref idref="oc-57e"/>
      </symbol>
      <symbol id="sm-cfc">
         <name>_sys_memory</name>
         <value>0x20007e98</value>
         <object_component_ref idref="oc-2a"/>
      </symbol>
      <symbol id="sm-cfd">
         <name>free</name>
         <value>0x18b7</value>
         <object_component_ref idref="oc-578"/>
      </symbol>
      <symbol id="sm-cfe">
         <name>realloc</name>
         <value>0x1979</value>
         <object_component_ref idref="oc-578"/>
      </symbol>
      <symbol id="sm-cff">
         <name>memalign</name>
         <value>0x1a85</value>
         <object_component_ref idref="oc-578"/>
      </symbol>
      <symbol id="sm-d00">
         <name>calloc</name>
         <value>0x1b69</value>
         <object_component_ref idref="oc-578"/>
      </symbol>
      <symbol id="sm-d01">
         <name>malloc</name>
         <value>0x184f</value>
         <object_component_ref idref="oc-578"/>
      </symbol>
      <symbol id="sm-d02">
         <name>minit</name>
         <value>0x17c1</value>
         <object_component_ref idref="oc-578"/>
      </symbol>
      <symbol id="sm-d18">
         <name>__TI_closefile</name>
         <value>0x3f61</value>
         <object_component_ref idref="oc-5f5"/>
      </symbol>
      <symbol id="sm-d19">
         <name>fclose</name>
         <value>0x3fc7</value>
         <object_component_ref idref="oc-5f5"/>
      </symbol>
      <symbol id="sm-d7c">
         <name>GPIOPinConfigure</name>
         <value>0x5071</value>
         <object_component_ref idref="oc-1f5"/>
      </symbol>
      <symbol id="sm-d7d">
         <name>GPIOPinTypeI2CSCL</name>
         <value>0x5a91</value>
         <object_component_ref idref="oc-43e"/>
      </symbol>
      <symbol id="sm-d7e">
         <name>GPIOPinTypeI2C</name>
         <value>0x5a7f</value>
         <object_component_ref idref="oc-444"/>
      </symbol>
      <symbol id="sm-d7f">
         <name>GPIOPinTypeGPIOInput</name>
         <value>0x5a6d</value>
         <object_component_ref idref="oc-20e"/>
      </symbol>
      <symbol id="sm-d80">
         <name>GPIOPinTypeUART</name>
         <value>0x5aa3</value>
         <object_component_ref idref="oc-1fb"/>
      </symbol>
      <symbol id="sm-d81">
         <name>GPIOPinTypeGPIOOutput</name>
         <value>0x5921</value>
         <object_component_ref idref="oc-1df"/>
      </symbol>
      <symbol id="sm-d82">
         <name>GPIOPinRead</name>
         <value>0x5b4b</value>
         <object_component_ref idref="oc-3d9"/>
      </symbol>
      <symbol id="sm-d83">
         <name>GPIODirModeSet</name>
         <value>0x5721</value>
         <object_component_ref idref="oc-2c8"/>
      </symbol>
      <symbol id="sm-d84">
         <name>GPIOPinWrite</name>
         <value>0x5b51</value>
         <object_component_ref idref="oc-216"/>
      </symbol>
      <symbol id="sm-d85">
         <name>GPIOPadConfigSet</name>
         <value>0x2e3d</value>
         <object_component_ref idref="oc-2c2"/>
      </symbol>
      <symbol id="sm-dce">
         <name>I2CMasterBusBusy</name>
         <value>0x5b2b</value>
         <object_component_ref idref="oc-463"/>
      </symbol>
      <symbol id="sm-dcf">
         <name>I2CMasterDataPut</name>
         <value>0x5b77</value>
         <object_component_ref idref="oc-457"/>
      </symbol>
      <symbol id="sm-dd0">
         <name>I2CMasterInitExpClk</name>
         <value>0x4f41</value>
         <object_component_ref idref="oc-44a"/>
      </symbol>
      <symbol id="sm-dd1">
         <name>I2CMasterSlaveAddrSet</name>
         <value>0x5b3b</value>
         <object_component_ref idref="oc-451"/>
      </symbol>
      <symbol id="sm-dd2">
         <name>I2CMasterDataGet</name>
         <value>0x5b73</value>
         <object_component_ref idref="oc-470"/>
      </symbol>
      <symbol id="sm-dd3">
         <name>I2CMasterControl</name>
         <value>0x5b6f</value>
         <object_component_ref idref="oc-45d"/>
      </symbol>
      <symbol id="sm-dd4">
         <name>I2CMasterBusy</name>
         <value>0x5b33</value>
         <object_component_ref idref="oc-46a"/>
      </symbol>
      <symbol id="sm-dd5">
         <name>I2CMasterEnable</name>
         <value>0x5b21</value>
         <object_component_ref idref="oc-564"/>
      </symbol>
      <symbol id="sm-e1d">
         <name>SysCtlDelay</name>
         <value>0x5b5d</value>
         <object_component_ref idref="oc-1ed"/>
      </symbol>
      <symbol id="sm-e1e">
         <name>SysCtlPeripheralEnable</name>
         <value>0x5545</value>
         <object_component_ref idref="oc-1d3"/>
      </symbol>
      <symbol id="sm-e1f">
         <name>SysCtlClockGet</name>
         <value>0x31a1</value>
         <object_component_ref idref="oc-201"/>
      </symbol>
      <symbol id="sm-e20">
         <name>SysCtlPeripheralReady</name>
         <value>0x549d</value>
         <object_component_ref idref="oc-1d9"/>
      </symbol>
      <symbol id="sm-e41">
         <name>UARTConfigSetExpClk</name>
         <value>0x5221</value>
         <object_component_ref idref="oc-207"/>
      </symbol>
      <symbol id="sm-e42">
         <name>UARTDisable</name>
         <value>0x5839</value>
         <object_component_ref idref="oc-2db"/>
      </symbol>
      <symbol id="sm-e43">
         <name>UARTEnable</name>
         <value>0x5a09</value>
         <object_component_ref idref="oc-2e1"/>
      </symbol>
      <symbol id="sm-e45">
         <name>__TI_static_base__</name>
         <value>0x0</value>
      </symbol>
      <symbol id="sm-e48">
         <name>SHT$$INIT_ARRAY$$Limit</name>
         <value>0x0</value>
      </symbol>
      <symbol id="sm-e49">
         <name>SHT$$INIT_ARRAY$$Base</name>
         <value>0x0</value>
      </symbol>
      <symbol id="sm-e4a">
         <name>remove</name>
         <value>0x1c2d</value>
      </symbol>
   </symbol_table>
   <title>Link successful</title>
</link_info>
