******************************************************************************
                  TI ARM Linker PC v5.2.6                      
******************************************************************************
>> Linked Thu Dec 21 14:15:38 2023

OUTPUT FILE NAME:   <freertos_demo.out>
ENTRY POINT SYMBOL: "_c_int00"  address: 00004f85


MEMORY CONFIGURATION

         name            origin    length      used     unused   attr    fill
----------------------  --------  ---------  --------  --------  ----  --------
  FLASH                 00000000   00040000  00005f96  0003a06a  R  X
  SRAM                  20000000   00008000  00007e9c  00000164  RW X


SEGMENT ALLOCATION MAP

run origin  load origin   length   init length attrs members
----------  ----------- ---------- ----------- ----- -------
00000000    00000000    00005fa0   00005fa0    r-x
  00000000    00000000    0000026c   0000026c    r-- .intvecs
  0000026c    0000026c    0000595e   0000595e    r-x .text
  00005bd0    00005bd0    000002cc   000002cc    r-- .const
  00005ea0    00005ea0    00000100   00000100    r-- .cinit
20000000    20000000    00007ea0   00000000    rw-
  20000000    20000000    000078c0   00000000    rw- .bss
  200078c0    200078c0    000003d4   00000000    rw- .data
  20007c94    20007c94    00000200   00000000    rw- .stack
  20007e98    20007e98    00000008   00000000    rw- .sysmem


SECTION ALLOCATION MAP

 output                                  attributes/
section   page    origin      length       input sections
--------  ----  ----------  ----------   ----------------
.intvecs   0    00000000    0000026c     
                  00000000    0000026c     startup_ccs.obj (.intvecs)

.text      0    0000026c    0000595e     
                  0000026c    000010ba     rtsv7M4_T_le_v4SPD16_eabi.lib : _printfi.obj (.text)
                  00001326    00000002     startup_ccs.obj (.text:FaultISR)
                  00001328    00000498     rtsv7M4_T_le_v4SPD16_eabi.lib : pow.obj (.text)
                  000017c0    000003dc                                   : memory.obj (.text)
                  00001b9c    0000030c                                   : lowlev.obj (.text)
                  00001ea8    000002ec                                   : xlog.obj (.text)
                  00002194    000002d4                                   : trgdrv.obj (.text)
                  00002468    000001fc                                   : xexp.obj (.text)
                  00002664    000001f4                                   : ull_div_t2.obj (.text)
                  00002858    000001c4                                   : fopen.obj (.text)
                  00002a1c    000001b6                                   : fd_add_t2.obj (.text)
                  00002bd2    00000002     startup_ccs.obj (.text:IntDefaultHandler)
                  00002bd4    00000154     freertos_demo.obj (.text:main)
                  00002d28    00000136     rtsv7M4_T_le_v4SPD16_eabi.lib : fd_div_t2.obj (.text)
                  00002e5e    00000002     startup_ccs.obj (.text:NmiSR)
                  00002e60    00000134     rtsv7M4_T_le_v4SPD16_eabi.lib : fputs.obj (.text)
                  00002f94    00000132     driverlib.lib : gpio.obj (.text:GPIOPadConfigSet)
                  000030c6    00000002     freertos_demo.obj (.text:uartTask)
                  000030c8    0000011c     queue.obj (.text:xQueueGenericReceive)
                  000031e4    00000110     driverlib.lib : sysctl.obj (.text:SysCtlClockGet)
                  000032f4    00000110     rtsv7M4_T_le_v4SPD16_eabi.lib : xdscale.obj (.text)
                  00003404    00000104     tasks.obj (.text:xTaskGenericCreate)
                  00003508    00000104     tasks.obj (.text:xTaskIncrementTick)
                  0000360c    000000fc     rtsv7M4_T_le_v4SPD16_eabi.lib : fd_mul_t2.obj (.text)
                  00003708    000000e8     queue.obj (.text:xQueueGenericSend)
                  000037f0    000000e4     freertos_demo.obj (.text:keyboardTask)
                  000038d4    000000e4     tasks.obj (.text:xTaskResumeAll)
                  000039b8    000000dc     rtsv7M4_T_le_v4SPD16_eabi.lib : setvbuf.obj (.text)
                  00003a94    000000d2     portasm.obj (.text)
                  00003b66    00000002     freertos_demo.obj (.text:vApplicationStackOverflowHook)
                  00003b68    000000c8     rtsv7M4_T_le_v4SPD16_eabi.lib : fflush.obj (.text)
                  00003c30    000000c0                                   : xdint.obj (.text)
                  00003cf0    000000be                                   : xdnorm.obj (.text)
                  00003dae    00000002     --HOLE-- [fill = 0]
                  00003db0    000000ac     heap_2.obj (.text:pvPortMalloc)
                  00003e5c    000000ac     rtsv7M4_T_le_v4SPD16_eabi.lib : _io_perm.obj (.text)
                  00003f08    0000009c                                   : memcpy_t2.obj (.text)
                  00003fa4    00000098                                   : fclose.obj (.text)
                  0000403c    00000098                                   : fputc.obj (.text)
                  000040d4    00000094     tasks.obj (.text:vTaskPriorityInherit)
                  00004168    00000090     keyboard.obj (.text:keyboard_reader)
                  000041f8    0000008c     tasks.obj (.text:vTaskSwitchContext)
                  00004284    00000086     rtsv7M4_T_le_v4SPD16_eabi.lib : fd_cmp_t2.obj (.text:__aeabi_cdcmple)
                  0000430a    00000086                                   : fd_cmp_t2.obj (.text:__aeabi_cdrcmple)
                  00004390    00000084     blinky.obj (.text:ftoa)
                  00004414    00000084     queue.obj (.text:xQueueGenericReset)
                  00004498    0000007c     tasks.obj (.text:xTaskPriorityDisinherit)
                  00004514    0000007a     rtsv7M4_T_le_v4SPD16_eabi.lib : memset_t2.obj (.text)
                  0000458e    00000002     --HOLE-- [fill = 0]
                  00004590    00000074     tasks.obj (.text:xTaskRemoveFromEventList)
                  00004604    00000072     queue.obj (.text:prvCopyDataToQueue)
                  00004676    00000002     --HOLE-- [fill = 0]
                  00004678    00000070     rtsv7M4_T_le_v4SPD16_eabi.lib : printf.obj (.text)
                  000046e8    0000006e                                   : fd_tos_t2.obj (.text)
                  00004756    00000002     --HOLE-- [fill = 0]
                  00004758    0000006c     I2C.obj (.text:I2Cinit)
                  000047c4    0000006c     rtsv7M4_T_le_v4SPD16_eabi.lib : autoinit.obj (.text)
                  00004830    0000006a                                   : copy_decompress_rle.obj (.text)
                  0000489a    00000002     --HOLE-- [fill = 0]
                  0000489c    00000068     UART.obj (.text:UART_init)
                  00004904    00000068     rtsv7M4_T_le_v4SPD16_eabi.lib : trgmsg.obj (.text)
                  0000496c    00000066                                   : xdunscal.obj (.text)
                  000049d2    00000002     --HOLE-- [fill = 0]
                  000049d4    00000064                                   : fseek.obj (.text)
                  00004a38    00000064     tasks.obj (.text:vTaskPlaceOnEventList)
                  00004a9c    00000062     queue.obj (.text:prvUnlockQueue)
                  00004afe    00000002     --HOLE-- [fill = 0]
                  00004b00    00000060     tasks.obj (.text:prvInitialiseTaskLists)
                  00004b60    00000060     tasks.obj (.text:vTaskStartScheduler)
                  00004bc0    0000005e     LCD.obj (.text:Lcd_Init)
                  00004c1e    00000002     --HOLE-- [fill = 0]
                  00004c20    0000005c     LCD.obj (.text:Lcd_Write_Char)
                  00004c7c    0000005c     freertos_demo.obj (.text:buzzerTask)
                  00004cd8    0000005c     tasks.obj (.text:vTaskDelay)
                  00004d34    00000058     tasks.obj (.text:prvCheckTasksWaitingTermination)
                  00004d8c    00000056     rtsv7M4_T_le_v4SPD16_eabi.lib : ltoa.obj (.text)
                  00004de2    00000002     --HOLE-- [fill = 0]
                  00004de4    00000054     LCD.obj (.text:Lcd_Port)
                  00004e38    00000054     tasks.obj (.text:prvInitialiseTCBVariables)
                  00004e8c    00000054     tasks.obj (.text:xTaskCheckForTimeOut)
                  00004ee0    00000052     rtsv7M4_T_le_v4SPD16_eabi.lib : ldexp.obj (.text)
                  00004f32    00000002     --HOLE-- [fill = 0]
                  00004f34    00000050     I2C.obj (.text:I2CReceiveTemp)
                  00004f84    00000050     rtsv7M4_T_le_v4SPD16_eabi.lib : boot.obj (.text)
                  00004fd4    0000004c     driverlib.lib : i2c.obj (.text:I2CMasterInitExpClk)
                  00005020    0000004c     tasks.obj (.text:prvAddCurrentTaskToDelayedList)
                  0000506c    0000004c     rtsv7M4_T_le_v4SPD16_eabi.lib : atoi.obj (.text)
                  000050b8    0000004c                                   : cpy_tbl.obj (.text)
                  00005104    00000048     driverlib.lib : gpio.obj (.text:GPIOPinConfigure)
                  0000514c    00000048     lcd1.obj (.text:Lcd_pin_Init)
                  00005194    00000048     blinky.obj (.text:intToStr)
                  000051dc    00000048     keyboard.obj (.text:keyboard_init)
                  00005224    00000048     rtsv7M4_T_le_v4SPD16_eabi.lib : fd_toi_t2.obj (.text)
                  0000526c    00000046     driverlib.lib : uart.obj (.text:UARTConfigSetExpClk)
                  000052b2    00000002     --HOLE-- [fill = 0]
                  000052b4    00000044     rtsv7M4_T_le_v4SPD16_eabi.lib : exit.obj (.text)
                  000052f8    00000044     heap_2.obj (.text:vPortFree)
                  0000533c    00000040     LCD.obj (.text:Lcd_Cmd)
                  0000537c    00000040     rtsv7M4_T_le_v4SPD16_eabi.lib : signal.obj (.text)
                  000053bc    00000040     port.obj (.text:xPortStartScheduler)
                  000053fc    0000003c     freertos_demo.obj (.text:tempTask)
                  00005438    0000003c     queue.obj (.text:xQueueGenericCreate)
                  00005474    0000003a     tasks.obj (.text:prvAllocateTCBAndStack)
                  000054ae    00000002     --HOLE-- [fill = 0]
                  000054b0    00000038     I2C.obj (.text:I2CSend)
                  000054e8    00000038     driverlib.lib : sysctl.obj (.text:SysCtlPeripheralReady)
                  00005520    00000038     rtsv7M4_T_le_v4SPD16_eabi.lib : fs_tod_t2.obj (.text)
                  00005558    00000038     list.obj (.text:vListInsert)
                  00005590    00000034     driverlib.lib : sysctl.obj (.text:SysCtlPeripheralEnable)
                  000055c4    00000034     rtsv7M4_T_le_v4SPD16_eabi.lib : feraiseexcept.obj (.text)
                  000055f8    00000030     heap_2.obj (.text:prvHeapInit)
                  00005628    00000030     rtsv7M4_T_le_v4SPD16_eabi.lib : strncpy.obj (.text)
                  00005658    00000030                                   : xdclass.obj (.text)
                  00005688    00000030                                   : xferaise.obj (.text)
                  000056b8    0000002e                                   : i_tofd_t2.obj (.text)
                  000056e6    0000002e                                   : raise.obj (.text)
                  00005714    0000002c     I2C.obj (.text:conversao)
                  00005740    0000002c     port.obj (.text:xPortSysTickHandler)
                  0000576c    0000002a     driverlib.lib : gpio.obj (.text:GPIODirModeSet)
                  00005796    0000002a     rtsv7M4_T_le_v4SPD16_eabi.lib : frexp.obj (.text)
                  000057c0    00000028     buzzer.obj (.text:buzzer_init)
                  000057e8    00000028     tasks.obj (.text:prvResetNextTaskUnblockTime)
                  00005810    00000028     port.obj (.text:pxPortInitialiseStack)
                  00005838    00000026     queue.obj (.text:prvCopyDataFromQueue)
                  0000585e    00000026     blinky.obj (.text:reverse)
                  00005884    00000020     driverlib.lib : uart.obj (.text:UARTDisable)
                  000058a4    00000020     rtsv7M4_T_le_v4SPD16_eabi.lib : memchr.obj (.text)
                  000058c4    00000020     list.obj (.text:uxListRemove)
                  000058e4    0000001c     queue.obj (.text:prvIsQueueFull)
                  00005900    0000001c     rtsv7M4_T_le_v4SPD16_eabi.lib : memccpy.obj (.text)
                  0000591c    0000001c     port.obj (.text:vPortEnterCritical)
                  00005938    0000001a     queue.obj (.text:prvIsQueueEmpty)
                  00005952    0000001a     rtsv7M4_T_le_v4SPD16_eabi.lib : log.obj (.text)
                  0000596c    00000018     driverlib.lib : gpio.obj (.text:GPIOPinTypeGPIOOutput)
                  00005984    00000018     tasks.obj (.text:pvTaskIncrementMutexHeldCount)
                  0000599c    00000018     rtsv7M4_T_le_v4SPD16_eabi.lib : args_main.obj (.text)
                  000059b4    00000018                                   : strcmp.obj (.text)
                  000059cc    00000018     list.obj (.text:vListInsertEnd)
                  000059e4    00000018     port.obj (.text:vPortExitCritical)
                  000059fc    00000018     tasks.obj (.text:vTaskSetTimeOutState)
                  00005a14    00000016     rtsv7M4_T_le_v4SPD16_eabi.lib : strchr.obj (.text)
                  00005a2a    00000016     list.obj (.text:vListInitialise)
                  00005a40    00000014     LCD.obj (.text:Lcd_Write_String)
                  00005a54    00000014     driverlib.lib : uart.obj (.text:UARTEnable)
                  00005a68    00000014     rtsv7M4_T_le_v4SPD16_eabi.lib : _lock.obj (.text)
                  00005a7c    00000014                                   : strcpy.obj (.text)
                  00005a90    00000014                                   : strlen.obj (.text)
                  00005aa4    00000014     port.obj (.text:vPortSetupTimerInterrupt)
                  00005ab8    00000012     driverlib.lib : gpio.obj (.text:GPIOPinTypeGPIOInput)
                  00005aca    00000012                   : gpio.obj (.text:GPIOPinTypeI2C)
                  00005adc    00000012                   : gpio.obj (.text:GPIOPinTypeI2CSCL)
                  00005aee    00000012                   : gpio.obj (.text:GPIOPinTypeUART)
                  00005b00    00000012     tasks.obj (.text:prvDeleteTCB)
                  00005b12    00000010     LCD.obj (.text:Lcd_Clear)
                  00005b22    00000010     port.obj (.text:prvTaskExitError)
                  00005b32    00000002     --HOLE-- [fill = 0]
                  00005b34    00000010     tasks.obj (.text:vTaskSuspendAll)
                  00005b44    0000000e     rtsv7M4_T_le_v4SPD16_eabi.lib : copy_decompress_none.obj (.text:decompress:none)
                  00005b52    0000000c                                   : copy_zero_init.obj (.text:decompress:ZI)
                  00005b5e    00000002     --HOLE-- [fill = 0]
                  00005b60    0000000c     tasks.obj (.text:vTaskMissedYield)
                  00005b6c    0000000a     driverlib.lib : i2c.obj (.text:I2CMasterEnable)
                  00005b76    00000008                   : i2c.obj (.text:I2CMasterBusBusy)
                  00005b7e    00000008                   : i2c.obj (.text:I2CMasterBusy)
                  00005b86    00000008                   : i2c.obj (.text:I2CMasterSlaveAddrSet)
                  00005b8e    00000008     tasks.obj (.text:prvIdleTask)
                  00005b96    00000006     driverlib.lib : gpio.obj (.text:GPIOPinRead)
                  00005b9c    00000006                   : gpio.obj (.text:GPIOPinWrite)
                  00005ba2    00000006     startup_ccs.obj (.text:ResetISR)
                  00005ba8    00000006     driverlib.lib : sysctl.obj (.text:SysCtlDelay)
                  00005bae    00000006     rtsv7M4_T_le_v4SPD16_eabi.lib : copy_decompress_rle.obj (.text:decompress:rle24)
                  00005bb4    00000006     list.obj (.text:vListInitialiseItem)
                  00005bba    00000004     driverlib.lib : i2c.obj (.text:I2CMasterControl)
                  00005bbe    00000004                   : i2c.obj (.text:I2CMasterDataGet)
                  00005bc2    00000004                   : i2c.obj (.text:I2CMasterDataPut)
                  00005bc6    00000004     rtsv7M4_T_le_v4SPD16_eabi.lib : pre_init.obj (.text)

.const     0    00005bd0    000002cc     
                  00005bd0    00000101     rtsv7M4_T_le_v4SPD16_eabi.lib : ctype.obj (.const:.string:_ctypes_)
                  00005cd1    00000003     --HOLE-- [fill = 0]
                  00005cd4    00000090     driverlib.lib : gpio.obj (.const:g_pui32GPIOBaseAddrs)
                  00005d64    0000006c                   : sysctl.obj (.const:g_pui32Xtals)
                  00005dd0    00000048     rtsv7M4_T_le_v4SPD16_eabi.lib : xexp.obj (.const)
                  00005e18    00000038                                   : xlog.obj (.const:p)
                  00005e50    00000030                                   : xdint.obj (.const)
                  00005e80    00000010     keyboard.obj (.const)
                  00005e90    00000008     keyboard.obj (.const:.string)
                  00005e98    00000004     port.obj (.const)

.cinit     0    00005ea0    00000100     
                  00005ea0    000000d6     (.cinit..data.load) [load image, compression = rle]
                  00005f76    00000002     --HOLE-- [fill = 0]
                  00005f78    0000000c     (__TI_handler_table)
                  00005f84    00000004     --HOLE-- [fill = 0]
                  00005f88    00000008     (.cinit..bss.load) [load image, compression = zero_init]
                  00005f90    00000010     (__TI_cinit_table)

.init_array 
*          0    00000000    00000000     UNINITIALIZED

.bss       0    20000000    000078c0     UNINITIALIZED
                  20000000    00007530     heap_2.obj (.bss:ucHeap)
                  20007530    00000140     tasks.obj (.bss:pxReadyTasksLists)
                  20007670    00000120     rtsv7M4_T_le_v4SPD16_eabi.lib : trgmsg.obj (.bss:__CIOBUF_)
                  20007790    000000a0                                   : defs.obj (.bss:__TI_tmpnams)
                  20007830    00000014     (.common:xDelayedTaskList1)
                  20007844    00000014     (.common:xDelayedTaskList2)
                  20007858    00000014     (.common:xPendingReadyList)
                  2000786c    00000014     (.common:xSuspendedTaskList)
                  20007880    00000014     (.common:xTasksWaitingTermination)
                  20007894    00000008     (.common:parmbuf)
                  2000789c    00000008     (.common:xEnd)
                  200078a4    00000008     (.common:xStart)
                  200078ac    00000004     (.common:buzzer_queue)
                  200078b0    00000004     (.common:pxDelayedTaskList)
                  200078b4    00000004     (.common:pxOverflowDelayedTaskList)
                  200078b8    00000004     (.common:temp_queue)
                  200078bc    00000004     (.common:uart_queue)

.TI.noinit 
*          0    20000000    00000000     UNINITIALIZED

.data      0    200078c0    000003d4     UNINITIALIZED
                  200078c0    000000f0     rtsv7M4_T_le_v4SPD16_eabi.lib : defs.obj (.data:_ftable)
                  200079b0    000000d0                                   : lowlev.obj (.data)
                  20007a80    000000b0                                   : signal.obj (.data:sigtable)
                  20007b30    00000080                                   : xvalues.obj (.data)
                  20007bb0    00000068                                   : xfvalues.obj (.data)
                  20007c18    00000030     tasks.obj (.data)
                  20007c48    00000010     rtsv7M4_T_le_v4SPD16_eabi.lib : defs.obj (.data)
                  20007c58    0000000c                                   : memory.obj (.data)
                  20007c64    00000008     heap_2.obj (.data)
                  20007c6c    00000008     rtsv7M4_T_le_v4SPD16_eabi.lib : _lock.obj (.data)
                  20007c74    00000008                                   : exit.obj (.data)
                  20007c7c    00000008                                   : feraiseexcept.obj (.data)
                  20007c84    00000004     port.obj (.data)
                  20007c88    00000004     rtsv7M4_T_le_v4SPD16_eabi.lib : errno.obj (.data)
                  20007c8c    00000004                                   : fopen.obj (.data)
                  20007c90    00000004                                   : stkdepth_vars.obj (.data)

.TI.persistent 
*          0    200078c0    00000000     UNINITIALIZED

.stack     0    20007c94    00000200     UNINITIALIZED
                  20007c94    00000200     --HOLE--

.sysmem    0    20007e98    00000008     UNINITIALIZED
                  20007e98    00000008     rtsv7M4_T_le_v4SPD16_eabi.lib : memory.obj (.sysmem)


LINKER GENERATED COPY TABLES

__TI_cinit_table @ 00005f90 records: 2, size/record: 8, table size: 16
	.data: load addr=00005ea0, load size=000000d6 bytes, run addr=200078c0, run size=000003d4 bytes, compression=rle
	.bss: load addr=00005f88, load size=00000008 bytes, run addr=20000000, run size=000078c0 bytes, compression=zero_init


LINKER GENERATED HANDLER TABLE

__TI_handler_table @ 00005f78 records: 3, size/record: 4, table size: 12
	index: 0, handler: __TI_decompress_rle24
	index: 1, handler: __TI_decompress_none
	index: 2, handler: __TI_zero_init


GLOBAL SYMBOLS: SORTED ALPHABETICALLY BY Name 

address   name                         
-------   ----                         
000052b5  C$$EXIT                      
00004933  C$$IO$$                      
0000576d  GPIODirModeSet               
00002f95  GPIOPadConfigSet             
00005105  GPIOPinConfigure             
00005b97  GPIOPinRead                  
00005ab9  GPIOPinTypeGPIOInput         
0000596d  GPIOPinTypeGPIOOutput        
00005acb  GPIOPinTypeI2C               
00005add  GPIOPinTypeI2CSCL            
00005aef  GPIOPinTypeUART              
00005b9d  GPIOPinWrite                 
00002421  HOSTclock                    
000023e9  HOSTclose                    
000023ab  HOSTgetenv                   
0000234f  HOSTlseek                    
000022fd  HOSTopen                     
000022b1  HOSTread                     
00002253  HOSTrename                   
00002219  HOSTtime                     
000021e1  HOSTunlink                   
00002195  HOSTwrite                    
00005b77  I2CMasterBusBusy             
00005b7f  I2CMasterBusy                
00005bbb  I2CMasterControl             
00005bbf  I2CMasterDataGet             
00005bc3  I2CMasterDataPut             
00005b6d  I2CMasterEnable              
00004fd5  I2CMasterInitExpClk          
00005b87  I2CMasterSlaveAddrSet        
00004f35  I2CReceiveTemp               
000054b1  I2CSend                      
00004759  I2Cinit                      
00005b13  Lcd_Clear                    
0000533d  Lcd_Cmd                      
00004bc1  Lcd_Init                     
00004de5  Lcd_Port                     
00004c21  Lcd_Write_Char               
00005a41  Lcd_Write_String             
0000514d  Lcd_pin_Init                 
00005ba3  ResetISR                     
UNDEFED   SHT$$INIT_ARRAY$$Base        
UNDEFED   SHT$$INIT_ARRAY$$Limit       
000031e5  SysCtlClockGet               
00005ba9  SysCtlDelay                  
00005591  SysCtlPeripheralEnable       
000054e9  SysCtlPeripheralReady        
0000526d  UARTConfigSetExpClk          
00005885  UARTDisable                  
00005a55  UARTEnable                   
0000489d  UART_init                    
00005659  _Dclass                      
20007b30  _Denorm                      
00003c31  _Dint                        
00003cf1  _Dnorm                       
000032f5  _Dscale                      
0000496d  _Dunscale                    
20007b40  _Eps                         
20007c88  _Errno                       
00002469  _Exp                         
20007bb0  _FDenorm                     
20007bc0  _FEps                        
20007bd0  _FInf                        
20007be0  _FNan                        
20007c00  _FRteps                      
20007bf0  _FSnan                       
20007c10  _FXbig                       
20007c14  _FZero                       
20007c7c  _Fenv                        
00005689  _Feraise                     
20007b50  _Hugeval                     
20007b60  _Inf                         
00001ea9  _Log                         
20007b70  _Nan                         
20007b90  _Rteps                       
20007b80  _Snan                        
20007c80  _Tls_setup__Fenv             
20007ba0  _Xbig                        
20007ba8  _Zero                        
20007670  __CIOBUF_                    
20007e94  __STACK_END                  
00000200  __STACK_SIZE                 
20007e94  __STACK_TOP                  
00000008  __SYSMEM_SIZE                
00005f90  __TI_CINIT_Base              
00005fa0  __TI_CINIT_Limit             
00005f78  __TI_Handler_Table_Base      
00005f84  __TI_Handler_Table_Limit     
000047c5  __TI_auto_init               
00002921  __TI_cleanup                 
20007c74  __TI_cleanup_ptr             
00003fa5  __TI_closefile               
00005b45  __TI_decompress_none         
00005baf  __TI_decompress_rle24        
00003b69  __TI_doflush                 
20007c78  __TI_dtors_ptr               
20007c48  __TI_ft_end                  
00001021  __TI_printfi                 
00003ebf  __TI_rd_ok                   
00004937  __TI_readmsg                 
00000000  __TI_static_base__           
20007790  __TI_tmpnams                 
00004905  __TI_writemsg                
00003e5d  __TI_wrt_ok                  
00005b53  __TI_zero_init               
00004285  __aeabi_cdcmpeq              
00004285  __aeabi_cdcmple              
0000430b  __aeabi_cdrcmple             
000046e9  __aeabi_d2f                  
00005225  __aeabi_d2iz                 
00002a27  __aeabi_dadd                 
00002d29  __aeabi_ddiv                 
0000360d  __aeabi_dmul                 
00002a1d  __aeabi_dsub                 
00005521  __aeabi_f2d                  
000056b9  __aeabi_i2d                  
00004515  __aeabi_memclr               
00004515  __aeabi_memclr4              
00004515  __aeabi_memclr8              
00003f09  __aeabi_memcpy               
00003f09  __aeabi_memcpy4              
00003f09  __aeabi_memcpy8              
00004517  __aeabi_memset               
00004517  __aeabi_memset4              
00004517  __aeabi_memset8              
20007c54  __aeabi_stderr               
20007c4c  __aeabi_stdin                
20007c50  __aeabi_stdout               
00002665  __aeabi_uldivmod             
ffffffff  __binit__                    
ffffffff  __c_args__                   
20007c94  __stack                      
0000599d  _args_main                   
00004f85  _c_int00                     
00005bd0  _ctypes_                     
200078c0  _ftable                      
20007c6c  _lock                        
00005a77  _nop                         
00005a6f  _register_lock               
00005a69  _register_unlock             
20007e98  _sys_memory                  
00005bc7  _system_pre_init             
20007c70  _unlock                      
000052b9  abort                        
00001dfd  add_device                   
0000506d  atoi                         
ffffffff  binit                        
00004c7d  buzzerTask                   
000057c1  buzzer_init                  
200078ac  buzzer_queue                 
00001b69  calloc                       
00001dad  close                        
00005715  conversao                    
000050b9  copy_in                      
000052c1  exit                         
0000400b  fclose                       
000055c5  feraiseexcept                
00003bb5  fflush                       
00002977  fopen                        
0000403d  fputc                        
00002e61  fputs                        
000018b7  free                         
0000294d  freopen                      
00005797  frexp                        
000049d5  fseek                        
00004391  ftoa                         
00000000  g_pfnVectors                 
00005195  intToStr                     
000037f1  keyboardTask                 
000051dd  keyboard_init                
00004169  keyboard_reader              
00004ee1  ldexp                        
00005953  log                          
00001d89  lseek                        
00004d8d  ltoa                         
00002bd5  main                         
20007c90  main_func_sp                 
0000184f  malloc                       
00001a85  memalign                     
00005901  memccpy                      
000058a5  memchr                       
00003f09  memcpy                       
0000451d  memset                       
000017c1  minit                        
00001cdb  open                         
00001329  pow                          
00004681  printf                       
0000403d  putc                         
000040c1  putchar                      
00002f6d  puts                         
00003db1  pvPortMalloc                 
00005985  pvTaskIncrementMutexHeldCount
20007c18  pxCurrentTCB                 
00005811  pxPortInitialiseStack        
000056e7  raise                        
00001cb7  read                         
00001979  realloc                      
00001c2d  remove                       
00001c8f  remove_device                
00001c51  rename                       
0000585f  reverse                      
000039b9  setvbuf                      
0000537d  signal                       
00005a15  strchr                       
000059b5  strcmp                       
00005a7d  strcpy                       
00005a91  strlen                       
00005629  strncpy                      
000053fd  tempTask                     
200078b8  temp_queue                   
000030c7  uartTask                     
200078bc  uart_queue                   
00005e98  ulMaxSyscallInterruptPriority
00003aa5  ulPortGetIPSR                
00001c2d  unlink                       
000058c5  uxListRemove                 
00003b67  vApplicationStackOverflowHook
00005a2b  vListInitialise              
00005bb5  vListInitialiseItem          
00005559  vListInsert                  
000059cd  vListInsertEnd               
00003b59  vPortEnableVFP               
0000591d  vPortEnterCritical           
000059e5  vPortExitCritical            
000052f9  vPortFree                    
00003b1d  vPortSVCHandler              
00005aa5  vPortSetupTimerInterrupt     
00003b3d  vPortStartFirstTask          
00004cd9  vTaskDelay                   
00005b61  vTaskMissedYield             
00004a39  vTaskPlaceOnEventList        
000040d5  vTaskPriorityInherit         
000059fd  vTaskSetTimeOutState         
00004b61  vTaskStartScheduler          
00005b35  vTaskSuspendAll              
000041f9  vTaskSwitchContext           
00001b9d  write                        
00003abd  xPortPendSVHandler           
000053bd  xPortStartScheduler          
00005741  xPortSysTickHandler          
00005439  xQueueGenericCreate          
000030c9  xQueueGenericReceive         
00004415  xQueueGenericReset           
00003709  xQueueGenericSend            
00004e8d  xTaskCheckForTimeOut         
00003405  xTaskGenericCreate           
00003509  xTaskIncrementTick           
00004499  xTaskPriorityDisinherit      
00004591  xTaskRemoveFromEventList     
000038d5  xTaskResumeAll               


GLOBAL SYMBOLS: SORTED BY Symbol Address 

address   name                         
-------   ----                         
00000000  __TI_static_base__           
00000000  g_pfnVectors                 
00000008  __SYSMEM_SIZE                
00000200  __STACK_SIZE                 
00001021  __TI_printfi                 
00001329  pow                          
000017c1  minit                        
0000184f  malloc                       
000018b7  free                         
00001979  realloc                      
00001a85  memalign                     
00001b69  calloc                       
00001b9d  write                        
00001c2d  remove                       
00001c2d  unlink                       
00001c51  rename                       
00001c8f  remove_device                
00001cb7  read                         
00001cdb  open                         
00001d89  lseek                        
00001dad  close                        
00001dfd  add_device                   
00001ea9  _Log                         
00002195  HOSTwrite                    
000021e1  HOSTunlink                   
00002219  HOSTtime                     
00002253  HOSTrename                   
000022b1  HOSTread                     
000022fd  HOSTopen                     
0000234f  HOSTlseek                    
000023ab  HOSTgetenv                   
000023e9  HOSTclose                    
00002421  HOSTclock                    
00002469  _Exp                         
00002665  __aeabi_uldivmod             
00002921  __TI_cleanup                 
0000294d  freopen                      
00002977  fopen                        
00002a1d  __aeabi_dsub                 
00002a27  __aeabi_dadd                 
00002bd5  main                         
00002d29  __aeabi_ddiv                 
00002e61  fputs                        
00002f6d  puts                         
00002f95  GPIOPadConfigSet             
000030c7  uartTask                     
000030c9  xQueueGenericReceive         
000031e5  SysCtlClockGet               
000032f5  _Dscale                      
00003405  xTaskGenericCreate           
00003509  xTaskIncrementTick           
0000360d  __aeabi_dmul                 
00003709  xQueueGenericSend            
000037f1  keyboardTask                 
000038d5  xTaskResumeAll               
000039b9  setvbuf                      
00003aa5  ulPortGetIPSR                
00003abd  xPortPendSVHandler           
00003b1d  vPortSVCHandler              
00003b3d  vPortStartFirstTask          
00003b59  vPortEnableVFP               
00003b67  vApplicationStackOverflowHook
00003b69  __TI_doflush                 
00003bb5  fflush                       
00003c31  _Dint                        
00003cf1  _Dnorm                       
00003db1  pvPortMalloc                 
00003e5d  __TI_wrt_ok                  
00003ebf  __TI_rd_ok                   
00003f09  __aeabi_memcpy               
00003f09  __aeabi_memcpy4              
00003f09  __aeabi_memcpy8              
00003f09  memcpy                       
00003fa5  __TI_closefile               
0000400b  fclose                       
0000403d  fputc                        
0000403d  putc                         
000040c1  putchar                      
000040d5  vTaskPriorityInherit         
00004169  keyboard_reader              
000041f9  vTaskSwitchContext           
00004285  __aeabi_cdcmpeq              
00004285  __aeabi_cdcmple              
0000430b  __aeabi_cdrcmple             
00004391  ftoa                         
00004415  xQueueGenericReset           
00004499  xTaskPriorityDisinherit      
00004515  __aeabi_memclr               
00004515  __aeabi_memclr4              
00004515  __aeabi_memclr8              
00004517  __aeabi_memset               
00004517  __aeabi_memset4              
00004517  __aeabi_memset8              
0000451d  memset                       
00004591  xTaskRemoveFromEventList     
00004681  printf                       
000046e9  __aeabi_d2f                  
00004759  I2Cinit                      
000047c5  __TI_auto_init               
0000489d  UART_init                    
00004905  __TI_writemsg                
00004933  C$$IO$$                      
00004937  __TI_readmsg                 
0000496d  _Dunscale                    
000049d5  fseek                        
00004a39  vTaskPlaceOnEventList        
00004b61  vTaskStartScheduler          
00004bc1  Lcd_Init                     
00004c21  Lcd_Write_Char               
00004c7d  buzzerTask                   
00004cd9  vTaskDelay                   
00004d8d  ltoa                         
00004de5  Lcd_Port                     
00004e8d  xTaskCheckForTimeOut         
00004ee1  ldexp                        
00004f35  I2CReceiveTemp               
00004f85  _c_int00                     
00004fd5  I2CMasterInitExpClk          
0000506d  atoi                         
000050b9  copy_in                      
00005105  GPIOPinConfigure             
0000514d  Lcd_pin_Init                 
00005195  intToStr                     
000051dd  keyboard_init                
00005225  __aeabi_d2iz                 
0000526d  UARTConfigSetExpClk          
000052b5  C$$EXIT                      
000052b9  abort                        
000052c1  exit                         
000052f9  vPortFree                    
0000533d  Lcd_Cmd                      
0000537d  signal                       
000053bd  xPortStartScheduler          
000053fd  tempTask                     
00005439  xQueueGenericCreate          
000054b1  I2CSend                      
000054e9  SysCtlPeripheralReady        
00005521  __aeabi_f2d                  
00005559  vListInsert                  
00005591  SysCtlPeripheralEnable       
000055c5  feraiseexcept                
00005629  strncpy                      
00005659  _Dclass                      
00005689  _Feraise                     
000056b9  __aeabi_i2d                  
000056e7  raise                        
00005715  conversao                    
00005741  xPortSysTickHandler          
0000576d  GPIODirModeSet               
00005797  frexp                        
000057c1  buzzer_init                  
00005811  pxPortInitialiseStack        
0000585f  reverse                      
00005885  UARTDisable                  
000058a5  memchr                       
000058c5  uxListRemove                 
00005901  memccpy                      
0000591d  vPortEnterCritical           
00005953  log                          
0000596d  GPIOPinTypeGPIOOutput        
00005985  pvTaskIncrementMutexHeldCount
0000599d  _args_main                   
000059b5  strcmp                       
000059cd  vListInsertEnd               
000059e5  vPortExitCritical            
000059fd  vTaskSetTimeOutState         
00005a15  strchr                       
00005a2b  vListInitialise              
00005a41  Lcd_Write_String             
00005a55  UARTEnable                   
00005a69  _register_unlock             
00005a6f  _register_lock               
00005a77  _nop                         
00005a7d  strcpy                       
00005a91  strlen                       
00005aa5  vPortSetupTimerInterrupt     
00005ab9  GPIOPinTypeGPIOInput         
00005acb  GPIOPinTypeI2C               
00005add  GPIOPinTypeI2CSCL            
00005aef  GPIOPinTypeUART              
00005b13  Lcd_Clear                    
00005b35  vTaskSuspendAll              
00005b45  __TI_decompress_none         
00005b53  __TI_zero_init               
00005b61  vTaskMissedYield             
00005b6d  I2CMasterEnable              
00005b77  I2CMasterBusBusy             
00005b7f  I2CMasterBusy                
00005b87  I2CMasterSlaveAddrSet        
00005b97  GPIOPinRead                  
00005b9d  GPIOPinWrite                 
00005ba3  ResetISR                     
00005ba9  SysCtlDelay                  
00005baf  __TI_decompress_rle24        
00005bb5  vListInitialiseItem          
00005bbb  I2CMasterControl             
00005bbf  I2CMasterDataGet             
00005bc3  I2CMasterDataPut             
00005bc7  _system_pre_init             
00005bd0  _ctypes_                     
00005e98  ulMaxSyscallInterruptPriority
00005f78  __TI_Handler_Table_Base      
00005f84  __TI_Handler_Table_Limit     
00005f90  __TI_CINIT_Base              
00005fa0  __TI_CINIT_Limit             
20007670  __CIOBUF_                    
20007790  __TI_tmpnams                 
200078ac  buzzer_queue                 
200078b8  temp_queue                   
200078bc  uart_queue                   
200078c0  _ftable                      
20007b30  _Denorm                      
20007b40  _Eps                         
20007b50  _Hugeval                     
20007b60  _Inf                         
20007b70  _Nan                         
20007b80  _Snan                        
20007b90  _Rteps                       
20007ba0  _Xbig                        
20007ba8  _Zero                        
20007bb0  _FDenorm                     
20007bc0  _FEps                        
20007bd0  _FInf                        
20007be0  _FNan                        
20007bf0  _FSnan                       
20007c00  _FRteps                      
20007c10  _FXbig                       
20007c14  _FZero                       
20007c18  pxCurrentTCB                 
20007c48  __TI_ft_end                  
20007c4c  __aeabi_stdin                
20007c50  __aeabi_stdout               
20007c54  __aeabi_stderr               
20007c6c  _lock                        
20007c70  _unlock                      
20007c74  __TI_cleanup_ptr             
20007c78  __TI_dtors_ptr               
20007c7c  _Fenv                        
20007c80  _Tls_setup__Fenv             
20007c88  _Errno                       
20007c90  main_func_sp                 
20007c94  __stack                      
20007e94  __STACK_END                  
20007e94  __STACK_TOP                  
20007e98  _sys_memory                  
ffffffff  __binit__                    
ffffffff  __c_args__                   
ffffffff  binit                        
UNDEFED   SHT$$INIT_ARRAY$$Base        
UNDEFED   SHT$$INIT_ARRAY$$Limit       

[250 symbols]
