<?xml version="1.0"?>
<link_info>
   <banner>TI ARM Linker PC v5.2.6</banner>
   <copyright>Copyright (c) 1996-2015 Texas Instruments Incorporated</copyright>
   <link_time>0x658c1e8d</link_time>
   <link_errors>0x0</link_errors>
   <output_file>GroundStation.out</output_file>
   <entry_point>
      <name>_c_int00</name>
      <address>0x5655</address>
   </entry_point>
   <input_file_list>
      <input_file id="fl-2">
         <path>.\</path>
         <kind>object</kind>
         <file>GroundStation.obj</file>
         <name>GroundStation.obj</name>
      </input_file>
      <input_file id="fl-3">
         <path>.\</path>
         <kind>object</kind>
         <file>I2C.obj</file>
         <name>I2C.obj</name>
      </input_file>
      <input_file id="fl-4">
         <path>.\</path>
         <kind>object</kind>
         <file>LCD.obj</file>
         <name>LCD.obj</name>
      </input_file>
      <input_file id="fl-5">
         <path>.\</path>
         <kind>object</kind>
         <file>UART.obj</file>
         <name>UART.obj</name>
      </input_file>
      <input_file id="fl-6">
         <path>.\</path>
         <kind>object</kind>
         <file>blinky.obj</file>
         <name>blinky.obj</name>
      </input_file>
      <input_file id="fl-7">
         <path>.\</path>
         <kind>object</kind>
         <file>buzzer.obj</file>
         <name>buzzer.obj</name>
      </input_file>
      <input_file id="fl-8">
         <path>.\</path>
         <kind>object</kind>
         <file>keyboard.obj</file>
         <name>keyboard.obj</name>
      </input_file>
      <input_file id="fl-9">
         <path>.\</path>
         <kind>object</kind>
         <file>lcd1.obj</file>
         <name>lcd1.obj</name>
      </input_file>
      <input_file id="fl-a">
         <path>.\</path>
         <kind>object</kind>
         <file>startup_ccs.obj</file>
         <name>startup_ccs.obj</name>
      </input_file>
      <input_file id="fl-b">
         <path>.\drivers\</path>
         <kind>object</kind>
         <file>buttons.obj</file>
         <name>buttons.obj</name>
      </input_file>
      <input_file id="fl-c">
         <path>.\drivers\</path>
         <kind>object</kind>
         <file>rgb.obj</file>
         <name>rgb.obj</name>
      </input_file>
      <input_file id="fl-d">
         <path>.\third_party\FreeRTOS\Source\</path>
         <kind>object</kind>
         <file>list.obj</file>
         <name>list.obj</name>
      </input_file>
      <input_file id="fl-e">
         <path>.\third_party\FreeRTOS\Source\</path>
         <kind>object</kind>
         <file>queue.obj</file>
         <name>queue.obj</name>
      </input_file>
      <input_file id="fl-f">
         <path>.\third_party\FreeRTOS\Source\</path>
         <kind>object</kind>
         <file>tasks.obj</file>
         <name>tasks.obj</name>
      </input_file>
      <input_file id="fl-10">
         <path>.\third_party\FreeRTOS\Source\portable\CCS\ARM_CM4F\</path>
         <kind>object</kind>
         <file>port.obj</file>
         <name>port.obj</name>
      </input_file>
      <input_file id="fl-11">
         <path>.\third_party\FreeRTOS\Source\portable\CCS\ARM_CM4F\</path>
         <kind>object</kind>
         <file>portasm.obj</file>
         <name>portasm.obj</name>
      </input_file>
      <input_file id="fl-12">
         <path>.\third_party\FreeRTOS\Source\portable\MemMang\</path>
         <kind>object</kind>
         <file>heap_2.obj</file>
         <name>heap_2.obj</name>
      </input_file>
      <input_file id="fl-13">
         <path>.\utils\</path>
         <kind>object</kind>
         <file>uartstdio.obj</file>
         <name>uartstdio.obj</name>
      </input_file>
      <input_file id="fl-14">
         <path>.\utils\</path>
         <kind>object</kind>
         <file>ustdlib.obj</file>
         <name>ustdlib.obj</name>
      </input_file>
      <input_file id="fl-13b">
         <path>C:\ti\ccs1250\ccs\tools\compiler\ti-cgt-arm_5.2.6\lib\</path>
         <kind>archive</kind>
         <file>rtsv7M4_T_le_v4SPD16_eabi.lib</file>
         <name>boot.obj</name>
      </input_file>
      <input_file id="fl-13c">
         <path>C:\ti\ccs1250\ccs\tools\compiler\ti-cgt-arm_5.2.6\lib\</path>
         <kind>archive</kind>
         <file>rtsv7M4_T_le_v4SPD16_eabi.lib</file>
         <name>copy_decompress_none.obj</name>
      </input_file>
      <input_file id="fl-13d">
         <path>C:\ti\ccs1250\ccs\tools\compiler\ti-cgt-arm_5.2.6\lib\</path>
         <kind>archive</kind>
         <file>rtsv7M4_T_le_v4SPD16_eabi.lib</file>
         <name>copy_decompress_rle.obj</name>
      </input_file>
      <input_file id="fl-13e">
         <path>C:\ti\ccs1250\ccs\tools\compiler\ti-cgt-arm_5.2.6\lib\</path>
         <kind>archive</kind>
         <file>rtsv7M4_T_le_v4SPD16_eabi.lib</file>
         <name>copy_zero_init.obj</name>
      </input_file>
      <input_file id="fl-13f">
         <path>C:\ti\ccs1250\ccs\tools\compiler\ti-cgt-arm_5.2.6\lib\</path>
         <kind>archive</kind>
         <file>rtsv7M4_T_le_v4SPD16_eabi.lib</file>
         <name>exit.obj</name>
      </input_file>
      <input_file id="fl-140">
         <path>C:\ti\ccs1250\ccs\tools\compiler\ti-cgt-arm_5.2.6\lib\</path>
         <kind>archive</kind>
         <file>rtsv7M4_T_le_v4SPD16_eabi.lib</file>
         <name>fd_mul_t2.obj</name>
      </input_file>
      <input_file id="fl-141">
         <path>C:\ti\ccs1250\ccs\tools\compiler\ti-cgt-arm_5.2.6\lib\</path>
         <kind>archive</kind>
         <file>rtsv7M4_T_le_v4SPD16_eabi.lib</file>
         <name>fd_tos_t2.obj</name>
      </input_file>
      <input_file id="fl-142">
         <path>C:\ti\ccs1250\ccs\tools\compiler\ti-cgt-arm_5.2.6\lib\</path>
         <kind>archive</kind>
         <file>rtsv7M4_T_le_v4SPD16_eabi.lib</file>
         <name>fs_tod_t2.obj</name>
      </input_file>
      <input_file id="fl-143">
         <path>C:\ti\ccs1250\ccs\tools\compiler\ti-cgt-arm_5.2.6\lib\</path>
         <kind>archive</kind>
         <file>rtsv7M4_T_le_v4SPD16_eabi.lib</file>
         <name>fs_toull_t2.obj</name>
      </input_file>
      <input_file id="fl-144">
         <path>C:\ti\ccs1250\ccs\tools\compiler\ti-cgt-arm_5.2.6\lib\</path>
         <kind>archive</kind>
         <file>rtsv7M4_T_le_v4SPD16_eabi.lib</file>
         <name>i_tofd_t2.obj</name>
      </input_file>
      <input_file id="fl-145">
         <path>C:\ti\ccs1250\ccs\tools\compiler\ti-cgt-arm_5.2.6\lib\</path>
         <kind>archive</kind>
         <file>rtsv7M4_T_le_v4SPD16_eabi.lib</file>
         <name>memcpy_t2.obj</name>
      </input_file>
      <input_file id="fl-146">
         <path>C:\ti\ccs1250\ccs\tools\compiler\ti-cgt-arm_5.2.6\lib\</path>
         <kind>archive</kind>
         <file>rtsv7M4_T_le_v4SPD16_eabi.lib</file>
         <name>memset_t2.obj</name>
      </input_file>
      <input_file id="fl-147">
         <path>C:\ti\ccs1250\ccs\tools\compiler\ti-cgt-arm_5.2.6\lib\</path>
         <kind>archive</kind>
         <file>rtsv7M4_T_le_v4SPD16_eabi.lib</file>
         <name>pow.obj</name>
      </input_file>
      <input_file id="fl-148">
         <path>C:\ti\ccs1250\ccs\tools\compiler\ti-cgt-arm_5.2.6\lib\</path>
         <kind>archive</kind>
         <file>rtsv7M4_T_le_v4SPD16_eabi.lib</file>
         <name>pre_init.obj</name>
      </input_file>
      <input_file id="fl-149">
         <path>C:\ti\ccs1250\ccs\tools\compiler\ti-cgt-arm_5.2.6\lib\</path>
         <kind>archive</kind>
         <file>rtsv7M4_T_le_v4SPD16_eabi.lib</file>
         <name>printf.obj</name>
      </input_file>
      <input_file id="fl-14a">
         <path>C:\ti\ccs1250\ccs\tools\compiler\ti-cgt-arm_5.2.6\lib\</path>
         <kind>archive</kind>
         <file>rtsv7M4_T_le_v4SPD16_eabi.lib</file>
         <name>stkdepth_vars.obj</name>
      </input_file>
      <input_file id="fl-14b">
         <path>C:\ti\ccs1250\ccs\tools\compiler\ti-cgt-arm_5.2.6\lib\</path>
         <kind>archive</kind>
         <file>rtsv7M4_T_le_v4SPD16_eabi.lib</file>
         <name>strtod.obj</name>
      </input_file>
      <input_file id="fl-14c">
         <path>C:\ti\ccs1250\ccs\tools\compiler\ti-cgt-arm_5.2.6\lib\</path>
         <kind>archive</kind>
         <file>rtsv7M4_T_le_v4SPD16_eabi.lib</file>
         <name>u_divt2.obj</name>
      </input_file>
      <input_file id="fl-14d">
         <path>C:\ti\ccs1250\ccs\tools\compiler\ti-cgt-arm_5.2.6\lib\</path>
         <kind>archive</kind>
         <file>rtsv7M4_T_le_v4SPD16_eabi.lib</file>
         <name>xdint.obj</name>
      </input_file>
      <input_file id="fl-14e">
         <path>C:\ti\ccs1250\ccs\tools\compiler\ti-cgt-arm_5.2.6\lib\</path>
         <kind>archive</kind>
         <file>rtsv7M4_T_le_v4SPD16_eabi.lib</file>
         <name>xdunscal.obj</name>
      </input_file>
      <input_file id="fl-14f">
         <path>C:\ti\ccs1250\ccs\tools\compiler\ti-cgt-arm_5.2.6\lib\</path>
         <kind>archive</kind>
         <file>rtsv7M4_T_le_v4SPD16_eabi.lib</file>
         <name>xexp.obj</name>
      </input_file>
      <input_file id="fl-150">
         <path>C:\ti\ccs1250\ccs\tools\compiler\ti-cgt-arm_5.2.6\lib\</path>
         <kind>archive</kind>
         <file>rtsv7M4_T_le_v4SPD16_eabi.lib</file>
         <name>xferaise.obj</name>
      </input_file>
      <input_file id="fl-151">
         <path>C:\ti\ccs1250\ccs\tools\compiler\ti-cgt-arm_5.2.6\lib\</path>
         <kind>archive</kind>
         <file>rtsv7M4_T_le_v4SPD16_eabi.lib</file>
         <name>xvalues.obj</name>
      </input_file>
      <input_file id="fl-152">
         <path>C:\ti\ccs1250\ccs\tools\compiler\ti-cgt-arm_5.2.6\lib\</path>
         <kind>archive</kind>
         <file>rtsv7M4_T_le_v4SPD16_eabi.lib</file>
         <name>_lock.obj</name>
      </input_file>
      <input_file id="fl-153">
         <path>C:\ti\ccs1250\ccs\tools\compiler\ti-cgt-arm_5.2.6\lib\</path>
         <kind>archive</kind>
         <file>rtsv7M4_T_le_v4SPD16_eabi.lib</file>
         <name>_printfi.obj</name>
      </input_file>
      <input_file id="fl-154">
         <path>C:\ti\ccs1250\ccs\tools\compiler\ti-cgt-arm_5.2.6\lib\</path>
         <kind>archive</kind>
         <file>rtsv7M4_T_le_v4SPD16_eabi.lib</file>
         <name>args_main.obj</name>
      </input_file>
      <input_file id="fl-155">
         <path>C:\ti\ccs1250\ccs\tools\compiler\ti-cgt-arm_5.2.6\lib\</path>
         <kind>archive</kind>
         <file>rtsv7M4_T_le_v4SPD16_eabi.lib</file>
         <name>atoi.obj</name>
      </input_file>
      <input_file id="fl-156">
         <path>C:\ti\ccs1250\ccs\tools\compiler\ti-cgt-arm_5.2.6\lib\</path>
         <kind>archive</kind>
         <file>rtsv7M4_T_le_v4SPD16_eabi.lib</file>
         <name>autoinit.obj</name>
      </input_file>
      <input_file id="fl-157">
         <path>C:\ti\ccs1250\ccs\tools\compiler\ti-cgt-arm_5.2.6\lib\</path>
         <kind>archive</kind>
         <file>rtsv7M4_T_le_v4SPD16_eabi.lib</file>
         <name>cpy_tbl.obj</name>
      </input_file>
      <input_file id="fl-158">
         <path>C:\ti\ccs1250\ccs\tools\compiler\ti-cgt-arm_5.2.6\lib\</path>
         <kind>archive</kind>
         <file>rtsv7M4_T_le_v4SPD16_eabi.lib</file>
         <name>ctype.obj</name>
      </input_file>
      <input_file id="fl-159">
         <path>C:\ti\ccs1250\ccs\tools\compiler\ti-cgt-arm_5.2.6\lib\</path>
         <kind>archive</kind>
         <file>rtsv7M4_T_le_v4SPD16_eabi.lib</file>
         <name>defs.obj</name>
      </input_file>
      <input_file id="fl-15a">
         <path>C:\ti\ccs1250\ccs\tools\compiler\ti-cgt-arm_5.2.6\lib\</path>
         <kind>archive</kind>
         <file>rtsv7M4_T_le_v4SPD16_eabi.lib</file>
         <name>errno.obj</name>
      </input_file>
      <input_file id="fl-15b">
         <path>C:\ti\ccs1250\ccs\tools\compiler\ti-cgt-arm_5.2.6\lib\</path>
         <kind>archive</kind>
         <file>rtsv7M4_T_le_v4SPD16_eabi.lib</file>
         <name>fd_add_t2.obj</name>
      </input_file>
      <input_file id="fl-15c">
         <path>C:\ti\ccs1250\ccs\tools\compiler\ti-cgt-arm_5.2.6\lib\</path>
         <kind>archive</kind>
         <file>rtsv7M4_T_le_v4SPD16_eabi.lib</file>
         <name>fd_cmp_t2.obj</name>
      </input_file>
      <input_file id="fl-15d">
         <path>C:\ti\ccs1250\ccs\tools\compiler\ti-cgt-arm_5.2.6\lib\</path>
         <kind>archive</kind>
         <file>rtsv7M4_T_le_v4SPD16_eabi.lib</file>
         <name>fd_div_t2.obj</name>
      </input_file>
      <input_file id="fl-15e">
         <path>C:\ti\ccs1250\ccs\tools\compiler\ti-cgt-arm_5.2.6\lib\</path>
         <kind>archive</kind>
         <file>rtsv7M4_T_le_v4SPD16_eabi.lib</file>
         <name>fd_toi_t2.obj</name>
      </input_file>
      <input_file id="fl-15f">
         <path>C:\ti\ccs1250\ccs\tools\compiler\ti-cgt-arm_5.2.6\lib\</path>
         <kind>archive</kind>
         <file>rtsv7M4_T_le_v4SPD16_eabi.lib</file>
         <name>feraiseexcept.obj</name>
      </input_file>
      <input_file id="fl-160">
         <path>C:\ti\ccs1250\ccs\tools\compiler\ti-cgt-arm_5.2.6\lib\</path>
         <kind>archive</kind>
         <file>rtsv7M4_T_le_v4SPD16_eabi.lib</file>
         <name>fputc.obj</name>
      </input_file>
      <input_file id="fl-161">
         <path>C:\ti\ccs1250\ccs\tools\compiler\ti-cgt-arm_5.2.6\lib\</path>
         <kind>archive</kind>
         <file>rtsv7M4_T_le_v4SPD16_eabi.lib</file>
         <name>fputs.obj</name>
      </input_file>
      <input_file id="fl-162">
         <path>C:\ti\ccs1250\ccs\tools\compiler\ti-cgt-arm_5.2.6\lib\</path>
         <kind>archive</kind>
         <file>rtsv7M4_T_le_v4SPD16_eabi.lib</file>
         <name>frexp.obj</name>
      </input_file>
      <input_file id="fl-163">
         <path>C:\ti\ccs1250\ccs\tools\compiler\ti-cgt-arm_5.2.6\lib\</path>
         <kind>archive</kind>
         <file>rtsv7M4_T_le_v4SPD16_eabi.lib</file>
         <name>i_div0.obj</name>
      </input_file>
      <input_file id="fl-164">
         <path>C:\ti\ccs1250\ccs\tools\compiler\ti-cgt-arm_5.2.6\lib\</path>
         <kind>archive</kind>
         <file>rtsv7M4_T_le_v4SPD16_eabi.lib</file>
         <name>ldexp.obj</name>
      </input_file>
      <input_file id="fl-165">
         <path>C:\ti\ccs1250\ccs\tools\compiler\ti-cgt-arm_5.2.6\lib\</path>
         <kind>archive</kind>
         <file>rtsv7M4_T_le_v4SPD16_eabi.lib</file>
         <name>log.obj</name>
      </input_file>
      <input_file id="fl-166">
         <path>C:\ti\ccs1250\ccs\tools\compiler\ti-cgt-arm_5.2.6\lib\</path>
         <kind>archive</kind>
         <file>rtsv7M4_T_le_v4SPD16_eabi.lib</file>
         <name>lowlev.obj</name>
      </input_file>
      <input_file id="fl-167">
         <path>C:\ti\ccs1250\ccs\tools\compiler\ti-cgt-arm_5.2.6\lib\</path>
         <kind>archive</kind>
         <file>rtsv7M4_T_le_v4SPD16_eabi.lib</file>
         <name>ltoa.obj</name>
      </input_file>
      <input_file id="fl-168">
         <path>C:\ti\ccs1250\ccs\tools\compiler\ti-cgt-arm_5.2.6\lib\</path>
         <kind>archive</kind>
         <file>rtsv7M4_T_le_v4SPD16_eabi.lib</file>
         <name>memccpy.obj</name>
      </input_file>
      <input_file id="fl-169">
         <path>C:\ti\ccs1250\ccs\tools\compiler\ti-cgt-arm_5.2.6\lib\</path>
         <kind>archive</kind>
         <file>rtsv7M4_T_le_v4SPD16_eabi.lib</file>
         <name>memchr.obj</name>
      </input_file>
      <input_file id="fl-16a">
         <path>C:\ti\ccs1250\ccs\tools\compiler\ti-cgt-arm_5.2.6\lib\</path>
         <kind>archive</kind>
         <file>rtsv7M4_T_le_v4SPD16_eabi.lib</file>
         <name>raise.obj</name>
      </input_file>
      <input_file id="fl-16b">
         <path>C:\ti\ccs1250\ccs\tools\compiler\ti-cgt-arm_5.2.6\lib\</path>
         <kind>archive</kind>
         <file>rtsv7M4_T_le_v4SPD16_eabi.lib</file>
         <name>signal.obj</name>
      </input_file>
      <input_file id="fl-16c">
         <path>C:\ti\ccs1250\ccs\tools\compiler\ti-cgt-arm_5.2.6\lib\</path>
         <kind>archive</kind>
         <file>rtsv7M4_T_le_v4SPD16_eabi.lib</file>
         <name>strchr.obj</name>
      </input_file>
      <input_file id="fl-16d">
         <path>C:\ti\ccs1250\ccs\tools\compiler\ti-cgt-arm_5.2.6\lib\</path>
         <kind>archive</kind>
         <file>rtsv7M4_T_le_v4SPD16_eabi.lib</file>
         <name>strcmp.obj</name>
      </input_file>
      <input_file id="fl-16e">
         <path>C:\ti\ccs1250\ccs\tools\compiler\ti-cgt-arm_5.2.6\lib\</path>
         <kind>archive</kind>
         <file>rtsv7M4_T_le_v4SPD16_eabi.lib</file>
         <name>strlen.obj</name>
      </input_file>
      <input_file id="fl-16f">
         <path>C:\ti\ccs1250\ccs\tools\compiler\ti-cgt-arm_5.2.6\lib\</path>
         <kind>archive</kind>
         <file>rtsv7M4_T_le_v4SPD16_eabi.lib</file>
         <name>strncpy.obj</name>
      </input_file>
      <input_file id="fl-170">
         <path>C:\ti\ccs1250\ccs\tools\compiler\ti-cgt-arm_5.2.6\lib\</path>
         <kind>archive</kind>
         <file>rtsv7M4_T_le_v4SPD16_eabi.lib</file>
         <name>trgdrv.obj</name>
      </input_file>
      <input_file id="fl-171">
         <path>C:\ti\ccs1250\ccs\tools\compiler\ti-cgt-arm_5.2.6\lib\</path>
         <kind>archive</kind>
         <file>rtsv7M4_T_le_v4SPD16_eabi.lib</file>
         <name>trgmsg.obj</name>
      </input_file>
      <input_file id="fl-172">
         <path>C:\ti\ccs1250\ccs\tools\compiler\ti-cgt-arm_5.2.6\lib\</path>
         <kind>archive</kind>
         <file>rtsv7M4_T_le_v4SPD16_eabi.lib</file>
         <name>ull_div_t2.obj</name>
      </input_file>
      <input_file id="fl-173">
         <path>C:\ti\ccs1250\ccs\tools\compiler\ti-cgt-arm_5.2.6\lib\</path>
         <kind>archive</kind>
         <file>rtsv7M4_T_le_v4SPD16_eabi.lib</file>
         <name>xdclass.obj</name>
      </input_file>
      <input_file id="fl-174">
         <path>C:\ti\ccs1250\ccs\tools\compiler\ti-cgt-arm_5.2.6\lib\</path>
         <kind>archive</kind>
         <file>rtsv7M4_T_le_v4SPD16_eabi.lib</file>
         <name>xdnorm.obj</name>
      </input_file>
      <input_file id="fl-175">
         <path>C:\ti\ccs1250\ccs\tools\compiler\ti-cgt-arm_5.2.6\lib\</path>
         <kind>archive</kind>
         <file>rtsv7M4_T_le_v4SPD16_eabi.lib</file>
         <name>xdscale.obj</name>
      </input_file>
      <input_file id="fl-176">
         <path>C:\ti\ccs1250\ccs\tools\compiler\ti-cgt-arm_5.2.6\lib\</path>
         <kind>archive</kind>
         <file>rtsv7M4_T_le_v4SPD16_eabi.lib</file>
         <name>xlog.obj</name>
      </input_file>
      <input_file id="fl-177">
         <path>C:\ti\ccs1250\ccs\tools\compiler\ti-cgt-arm_5.2.6\lib\</path>
         <kind>archive</kind>
         <file>rtsv7M4_T_le_v4SPD16_eabi.lib</file>
         <name>_io_perm.obj</name>
      </input_file>
      <input_file id="fl-178">
         <path>C:\ti\ccs1250\ccs\tools\compiler\ti-cgt-arm_5.2.6\lib\</path>
         <kind>archive</kind>
         <file>rtsv7M4_T_le_v4SPD16_eabi.lib</file>
         <name>fflush.obj</name>
      </input_file>
      <input_file id="fl-179">
         <path>C:\ti\ccs1250\ccs\tools\compiler\ti-cgt-arm_5.2.6\lib\</path>
         <kind>archive</kind>
         <file>rtsv7M4_T_le_v4SPD16_eabi.lib</file>
         <name>fseek.obj</name>
      </input_file>
      <input_file id="fl-17a">
         <path>C:\ti\ccs1250\ccs\tools\compiler\ti-cgt-arm_5.2.6\lib\</path>
         <kind>archive</kind>
         <file>rtsv7M4_T_le_v4SPD16_eabi.lib</file>
         <name>setvbuf.obj</name>
      </input_file>
      <input_file id="fl-17b">
         <path>C:\ti\ccs1250\ccs\tools\compiler\ti-cgt-arm_5.2.6\lib\</path>
         <kind>archive</kind>
         <file>rtsv7M4_T_le_v4SPD16_eabi.lib</file>
         <name>strcpy.obj</name>
      </input_file>
      <input_file id="fl-17c">
         <path>C:\ti\ccs1250\ccs\tools\compiler\ti-cgt-arm_5.2.6\lib\</path>
         <kind>archive</kind>
         <file>rtsv7M4_T_le_v4SPD16_eabi.lib</file>
         <name>xfvalues.obj</name>
      </input_file>
      <input_file id="fl-17d">
         <path>C:\ti\ccs1250\ccs\tools\compiler\ti-cgt-arm_5.2.6\lib\</path>
         <kind>archive</kind>
         <file>rtsv7M4_T_le_v4SPD16_eabi.lib</file>
         <name>fopen.obj</name>
      </input_file>
      <input_file id="fl-17e">
         <path>C:\ti\ccs1250\ccs\tools\compiler\ti-cgt-arm_5.2.6\lib\</path>
         <kind>archive</kind>
         <file>rtsv7M4_T_le_v4SPD16_eabi.lib</file>
         <name>memory.obj</name>
      </input_file>
      <input_file id="fl-17f">
         <path>C:\ti\ccs1250\ccs\tools\compiler\ti-cgt-arm_5.2.6\lib\</path>
         <kind>archive</kind>
         <file>rtsv7M4_T_le_v4SPD16_eabi.lib</file>
         <name>fclose.obj</name>
      </input_file>
      <input_file id="fl-180">
         <path>C:\ti\ccs1250\ccs\tools\compiler\ti-cgt-arm_5.2.6\lib\</path>
         <kind>archive</kind>
         <file>rtsv7M4_T_le_v4SPD16_eabi.lib</file>
         <name>remove.obj</name>
      </input_file>
      <input_file id="fl-181">
         <path>C:\ti\tivaware_c_series_2_1_4_178\driverlib\ccs\Debug\</path>
         <kind>archive</kind>
         <file>driverlib.lib</file>
         <name>gpio.obj</name>
      </input_file>
      <input_file id="fl-182">
         <path>C:\ti\tivaware_c_series_2_1_4_178\driverlib\ccs\Debug\</path>
         <kind>archive</kind>
         <file>driverlib.lib</file>
         <name>i2c.obj</name>
      </input_file>
      <input_file id="fl-183">
         <path>C:\ti\tivaware_c_series_2_1_4_178\driverlib\ccs\Debug\</path>
         <kind>archive</kind>
         <file>driverlib.lib</file>
         <name>interrupt.obj</name>
      </input_file>
      <input_file id="fl-184">
         <path>C:\ti\tivaware_c_series_2_1_4_178\driverlib\ccs\Debug\</path>
         <kind>archive</kind>
         <file>driverlib.lib</file>
         <name>sysctl.obj</name>
      </input_file>
      <input_file id="fl-185">
         <path>C:\ti\tivaware_c_series_2_1_4_178\driverlib\ccs\Debug\</path>
         <kind>archive</kind>
         <file>driverlib.lib</file>
         <name>uart.obj</name>
      </input_file>
      <input_file id="fl-186">
         <path>C:\ti\tivaware_c_series_2_1_4_178\driverlib\ccs\Debug\</path>
         <kind>archive</kind>
         <file>driverlib.lib</file>
         <name>cpu.obj</name>
      </input_file>
   </input_file_list>
   <object_component_list>
      <object_component id="oc-f">
         <name>.intvecs</name>
         <load_address>0x0</load_address>
         <run_address>0x0</run_address>
         <size>0x26c</size>
         <input_file_ref idref="fl-a"/>
      </object_component>
      <object_component id="oc-244">
         <name>.text</name>
         <load_address>0x26c</load_address>
         <run_address>0x26c</run_address>
         <size>0x10ba</size>
         <input_file_ref idref="fl-153"/>
      </object_component>
      <object_component id="oc-39">
         <name>.text:FaultISR</name>
         <load_address>0x1326</load_address>
         <run_address>0x1326</run_address>
         <size>0x2</size>
         <input_file_ref idref="fl-a"/>
      </object_component>
      <object_component id="oc-443">
         <name>.text</name>
         <load_address>0x1328</load_address>
         <run_address>0x1328</run_address>
         <size>0x498</size>
         <input_file_ref idref="fl-147"/>
      </object_component>
      <object_component id="oc-5a1">
         <name>.text</name>
         <load_address>0x17c0</load_address>
         <run_address>0x17c0</run_address>
         <size>0x3dc</size>
         <input_file_ref idref="fl-17e"/>
      </object_component>
      <object_component id="oc-347">
         <name>.text</name>
         <load_address>0x1b9c</load_address>
         <run_address>0x1b9c</run_address>
         <size>0x30c</size>
         <input_file_ref idref="fl-166"/>
      </object_component>
      <object_component id="oc-17c">
         <name>.text:keyboardTask</name>
         <load_address>0x1ea8</load_address>
         <run_address>0x1ea8</run_address>
         <size>0x308</size>
         <input_file_ref idref="fl-2"/>
      </object_component>
      <object_component id="oc-5fb">
         <name>.text</name>
         <load_address>0x21b0</load_address>
         <run_address>0x21b0</run_address>
         <size>0x2ec</size>
         <input_file_ref idref="fl-176"/>
      </object_component>
      <object_component id="oc-5be">
         <name>.text</name>
         <load_address>0x249c</load_address>
         <run_address>0x249c</run_address>
         <size>0x2d4</size>
         <input_file_ref idref="fl-170"/>
      </object_component>
      <object_component id="oc-45d">
         <name>.text</name>
         <load_address>0x2770</load_address>
         <run_address>0x2770</run_address>
         <size>0x23c</size>
         <input_file_ref idref="fl-14b"/>
      </object_component>
      <object_component id="oc-56c">
         <name>.text</name>
         <load_address>0x29ac</load_address>
         <run_address>0x29ac</run_address>
         <size>0x1fc</size>
         <input_file_ref idref="fl-14f"/>
      </object_component>
      <object_component id="oc-35d">
         <name>.text</name>
         <load_address>0x2ba8</load_address>
         <run_address>0x2ba8</run_address>
         <size>0x1f4</size>
         <input_file_ref idref="fl-172"/>
      </object_component>
      <object_component id="oc-2ab">
         <name>.text:packet_division</name>
         <load_address>0x2d9c</load_address>
         <run_address>0x2d9c</run_address>
         <size>0x1ec</size>
         <input_file_ref idref="fl-2"/>
      </object_component>
      <object_component id="oc-5a7">
         <name>.text</name>
         <load_address>0x2f88</load_address>
         <run_address>0x2f88</run_address>
         <size>0x1c4</size>
         <input_file_ref idref="fl-17d"/>
      </object_component>
      <object_component id="oc-386">
         <name>.text</name>
         <load_address>0x314c</load_address>
         <run_address>0x314c</run_address>
         <size>0x1b6</size>
         <input_file_ref idref="fl-15b"/>
      </object_component>
      <object_component id="oc-3f">
         <name>.text:IntDefaultHandler</name>
         <load_address>0x3302</load_address>
         <run_address>0x3302</run_address>
         <size>0x2</size>
         <input_file_ref idref="fl-a"/>
      </object_component>
      <object_component id="oc-d8">
         <name>.text:main</name>
         <load_address>0x3304</load_address>
         <run_address>0x3304</run_address>
         <size>0x154</size>
         <input_file_ref idref="fl-2"/>
      </object_component>
      <object_component id="oc-36c">
         <name>.text</name>
         <load_address>0x3458</load_address>
         <run_address>0x3458</run_address>
         <size>0x136</size>
         <input_file_ref idref="fl-15d"/>
      </object_component>
      <object_component id="oc-33">
         <name>.text:NmiSR</name>
         <load_address>0x358e</load_address>
         <run_address>0x358e</run_address>
         <size>0x2</size>
         <input_file_ref idref="fl-a"/>
      </object_component>
      <object_component id="oc-23e">
         <name>.text</name>
         <load_address>0x3590</load_address>
         <run_address>0x3590</run_address>
         <size>0x134</size>
         <input_file_ref idref="fl-161"/>
      </object_component>
      <object_component id="oc-2e2">
         <name>.text:GPIOPadConfigSet</name>
         <load_address>0x36c4</load_address>
         <run_address>0x36c4</run_address>
         <size>0x132</size>
         <input_file_ref idref="fl-181"/>
      </object_component>
      <object_component id="oc-103">
         <name>.text:vApplicationStackOverflowHook</name>
         <load_address>0x37f6</load_address>
         <run_address>0x37f6</run_address>
         <size>0x2</size>
         <input_file_ref idref="fl-2"/>
      </object_component>
      <object_component id="oc-299">
         <name>.text:xQueueGenericReceive</name>
         <load_address>0x37f8</load_address>
         <run_address>0x37f8</run_address>
         <size>0x11c</size>
         <input_file_ref idref="fl-e"/>
      </object_component>
      <object_component id="oc-208">
         <name>.text:SysCtlClockGet</name>
         <load_address>0x3914</load_address>
         <run_address>0x3914</run_address>
         <size>0x110</size>
         <input_file_ref idref="fl-184"/>
      </object_component>
      <object_component id="oc-50e">
         <name>.text</name>
         <load_address>0x3a24</load_address>
         <run_address>0x3a24</run_address>
         <size>0x110</size>
         <input_file_ref idref="fl-175"/>
      </object_component>
      <object_component id="oc-16b">
         <name>.text:xTaskGenericCreate</name>
         <load_address>0x3b34</load_address>
         <run_address>0x3b34</run_address>
         <size>0x104</size>
         <input_file_ref idref="fl-f"/>
      </object_component>
      <object_component id="oc-a9">
         <name>.text:xTaskIncrementTick</name>
         <load_address>0x3c38</load_address>
         <run_address>0x3c38</run_address>
         <size>0x104</size>
         <input_file_ref idref="fl-f"/>
      </object_component>
      <object_component id="oc-367">
         <name>.text</name>
         <load_address>0x3d3c</load_address>
         <run_address>0x3d3c</run_address>
         <size>0xfc</size>
         <input_file_ref idref="fl-140"/>
      </object_component>
      <object_component id="oc-2a5">
         <name>.text:xQueueGenericSend</name>
         <load_address>0x3e38</load_address>
         <run_address>0x3e38</run_address>
         <size>0xe8</size>
         <input_file_ref idref="fl-e"/>
      </object_component>
      <object_component id="oc-319">
         <name>.text:xTaskResumeAll</name>
         <load_address>0x3f20</load_address>
         <run_address>0x3f20</run_address>
         <size>0xe4</size>
         <input_file_ref idref="fl-f"/>
      </object_component>
      <object_component id="oc-4d0">
         <name>.text</name>
         <load_address>0x4004</load_address>
         <run_address>0x4004</run_address>
         <size>0xdc</size>
         <input_file_ref idref="fl-17a"/>
      </object_component>
      <object_component id="oc-45">
         <name>.text</name>
         <load_address>0x40e0</load_address>
         <run_address>0x40e0</run_address>
         <size>0xd2</size>
         <input_file_ref idref="fl-11"/>
      </object_component>
      <object_component id="oc-341">
         <name>.text</name>
         <load_address>0x41b4</load_address>
         <run_address>0x41b4</run_address>
         <size>0xc8</size>
         <input_file_ref idref="fl-178"/>
      </object_component>
      <object_component id="oc-560">
         <name>.text</name>
         <load_address>0x427c</load_address>
         <run_address>0x427c</run_address>
         <size>0xc0</size>
         <input_file_ref idref="fl-14d"/>
      </object_component>
      <object_component id="oc-5d3">
         <name>.text</name>
         <load_address>0x433c</load_address>
         <run_address>0x433c</run_address>
         <size>0xbe</size>
         <input_file_ref idref="fl-174"/>
      </object_component>
      <object_component id="oc-225">
         <name>.text:pvPortMalloc</name>
         <load_address>0x43fc</load_address>
         <run_address>0x43fc</run_address>
         <size>0xac</size>
         <input_file_ref idref="fl-12"/>
      </object_component>
      <object_component id="oc-33b">
         <name>.text</name>
         <load_address>0x44a8</load_address>
         <run_address>0x44a8</run_address>
         <size>0xac</size>
         <input_file_ref idref="fl-177"/>
      </object_component>
      <object_component id="oc-53">
         <name>.text</name>
         <load_address>0x4554</load_address>
         <run_address>0x4554</run_address>
         <size>0x9c</size>
         <input_file_ref idref="fl-145"/>
      </object_component>
      <object_component id="oc-623">
         <name>.text</name>
         <load_address>0x45f0</load_address>
         <run_address>0x45f0</run_address>
         <size>0x98</size>
         <input_file_ref idref="fl-17f"/>
      </object_component>
      <object_component id="oc-238">
         <name>.text</name>
         <load_address>0x4688</load_address>
         <run_address>0x4688</run_address>
         <size>0x98</size>
         <input_file_ref idref="fl-160"/>
      </object_component>
      <object_component id="oc-41f">
         <name>.text:vTaskPriorityInherit</name>
         <load_address>0x4720</load_address>
         <run_address>0x4720</run_address>
         <size>0x94</size>
         <input_file_ref idref="fl-f"/>
      </object_component>
      <object_component id="oc-28d">
         <name>.text:keyboard_reader</name>
         <load_address>0x47b4</load_address>
         <run_address>0x47b4</run_address>
         <size>0x90</size>
         <input_file_ref idref="fl-8"/>
      </object_component>
      <object_component id="oc-a2">
         <name>.text:vTaskSwitchContext</name>
         <load_address>0x4844</load_address>
         <run_address>0x4844</run_address>
         <size>0x8c</size>
         <input_file_ref idref="fl-f"/>
      </object_component>
      <object_component id="oc-362">
         <name>.text:__aeabi_cdcmple</name>
         <load_address>0x48d0</load_address>
         <run_address>0x48d0</run_address>
         <size>0x86</size>
         <input_file_ref idref="fl-15c"/>
      </object_component>
      <object_component id="oc-371">
         <name>.text:__aeabi_cdrcmple</name>
         <load_address>0x4956</load_address>
         <run_address>0x4956</run_address>
         <size>0x86</size>
         <input_file_ref idref="fl-15c"/>
      </object_component>
      <object_component id="oc-29f">
         <name>.text:ftoa</name>
         <load_address>0x49dc</load_address>
         <run_address>0x49dc</run_address>
         <size>0x84</size>
         <input_file_ref idref="fl-6"/>
      </object_component>
      <object_component id="oc-22b">
         <name>.text:xQueueGenericReset</name>
         <load_address>0x4a60</load_address>
         <run_address>0x4a60</run_address>
         <size>0x84</size>
         <input_file_ref idref="fl-e"/>
      </object_component>
      <object_component id="oc-18e">
         <name>.text:uartTask</name>
         <load_address>0x4ae4</load_address>
         <run_address>0x4ae4</run_address>
         <size>0x80</size>
         <input_file_ref idref="fl-2"/>
      </object_component>
      <object_component id="oc-57b">
         <name>.text:xTaskPriorityDisinherit</name>
         <load_address>0x4b64</load_address>
         <run_address>0x4b64</run_address>
         <size>0x7c</size>
         <input_file_ref idref="fl-f"/>
      </object_component>
      <object_component id="oc-6c">
         <name>.text</name>
         <load_address>0x4be0</load_address>
         <run_address>0x4be0</run_address>
         <size>0x7a</size>
         <input_file_ref idref="fl-146"/>
      </object_component>
      <object_component id="oc-327">
         <name>.text:xTaskRemoveFromEventList</name>
         <load_address>0x4c5c</load_address>
         <run_address>0x4c5c</run_address>
         <size>0x74</size>
         <input_file_ref idref="fl-f"/>
      </object_component>
      <object_component id="oc-456">
         <name>.text:prvCopyDataToQueue</name>
         <load_address>0x4cd0</load_address>
         <run_address>0x4cd0</run_address>
         <size>0x72</size>
         <input_file_ref idref="fl-e"/>
      </object_component>
      <object_component id="oc-165">
         <name>.text</name>
         <load_address>0x4d44</load_address>
         <run_address>0x4d44</run_address>
         <size>0x70</size>
         <input_file_ref idref="fl-149"/>
      </object_component>
      <object_component id="oc-449">
         <name>.text</name>
         <load_address>0x4db4</load_address>
         <run_address>0x4db4</run_address>
         <size>0x6e</size>
         <input_file_ref idref="fl-141"/>
      </object_component>
      <object_component id="oc-2b3">
         <name>.text:I2Cinit</name>
         <load_address>0x4e24</load_address>
         <run_address>0x4e24</run_address>
         <size>0x6c</size>
         <input_file_ref idref="fl-3"/>
      </object_component>
      <object_component id="oc-7e">
         <name>.text</name>
         <load_address>0x4e90</load_address>
         <run_address>0x4e90</run_address>
         <size>0x6c</size>
         <input_file_ref idref="fl-156"/>
      </object_component>
      <object_component id="oc-5f">
         <name>.text</name>
         <load_address>0x4efc</load_address>
         <run_address>0x4efc</run_address>
         <size>0x6a</size>
         <input_file_ref idref="fl-13d"/>
      </object_component>
      <object_component id="oc-147">
         <name>.text:UART_init</name>
         <load_address>0x4f68</load_address>
         <run_address>0x4f68</run_address>
         <size>0x68</size>
         <input_file_ref idref="fl-5"/>
      </object_component>
      <object_component id="oc-632">
         <name>.text</name>
         <load_address>0x4fd0</load_address>
         <run_address>0x4fd0</run_address>
         <size>0x68</size>
         <input_file_ref idref="fl-171"/>
      </object_component>
      <object_component id="oc-506">
         <name>.text</name>
         <load_address>0x5038</load_address>
         <run_address>0x5038</run_address>
         <size>0x66</size>
         <input_file_ref idref="fl-14e"/>
      </object_component>
      <object_component id="oc-4ca">
         <name>.text</name>
         <load_address>0x50a0</load_address>
         <run_address>0x50a0</run_address>
         <size>0x64</size>
         <input_file_ref idref="fl-179"/>
      </object_component>
      <object_component id="oc-425">
         <name>.text:vTaskPlaceOnEventList</name>
         <load_address>0x5104</load_address>
         <run_address>0x5104</run_address>
         <size>0x64</size>
         <input_file_ref idref="fl-f"/>
      </object_component>
      <object_component id="oc-413">
         <name>.text:prvUnlockQueue</name>
         <load_address>0x5168</load_address>
         <run_address>0x5168</run_address>
         <size>0x62</size>
         <input_file_ref idref="fl-e"/>
      </object_component>
      <object_component id="oc-26c">
         <name>.text:prvInitialiseTaskLists</name>
         <load_address>0x51cc</load_address>
         <run_address>0x51cc</run_address>
         <size>0x60</size>
         <input_file_ref idref="fl-f"/>
      </object_component>
      <object_component id="oc-171">
         <name>.text:vTaskStartScheduler</name>
         <load_address>0x522c</load_address>
         <run_address>0x522c</run_address>
         <size>0x60</size>
         <input_file_ref idref="fl-f"/>
      </object_component>
      <object_component id="oc-141">
         <name>.text:Lcd_Init</name>
         <load_address>0x528c</load_address>
         <run_address>0x528c</run_address>
         <size>0x5e</size>
         <input_file_ref idref="fl-4"/>
      </object_component>
      <object_component id="oc-159">
         <name>.text:Lcd_Write_Char</name>
         <load_address>0x52ec</load_address>
         <run_address>0x52ec</run_address>
         <size>0x5c</size>
         <input_file_ref idref="fl-4"/>
      </object_component>
      <object_component id="oc-188">
         <name>.text:buzzerTask</name>
         <load_address>0x5348</load_address>
         <run_address>0x5348</run_address>
         <size>0x5c</size>
         <input_file_ref idref="fl-2"/>
      </object_component>
      <object_component id="oc-2c5">
         <name>.text:vTaskDelay</name>
         <load_address>0x53a4</load_address>
         <run_address>0x53a4</run_address>
         <size>0x5c</size>
         <input_file_ref idref="fl-f"/>
      </object_component>
      <object_component id="oc-3f1">
         <name>.text:prvCheckTasksWaitingTermination</name>
         <load_address>0x5400</load_address>
         <run_address>0x5400</run_address>
         <size>0x58</size>
         <input_file_ref idref="fl-f"/>
      </object_component>
      <object_component id="oc-37b">
         <name>.text</name>
         <load_address>0x5458</load_address>
         <run_address>0x5458</run_address>
         <size>0x56</size>
         <input_file_ref idref="fl-167"/>
      </object_component>
      <object_component id="oc-2bf">
         <name>.text:I2CReceiveTemp</name>
         <load_address>0x54b0</load_address>
         <run_address>0x54b0</run_address>
         <size>0x54</size>
         <input_file_ref idref="fl-3"/>
      </object_component>
      <object_component id="oc-1ee">
         <name>.text:Lcd_Port</name>
         <load_address>0x5504</load_address>
         <run_address>0x5504</run_address>
         <size>0x54</size>
         <input_file_ref idref="fl-4"/>
      </object_component>
      <object_component id="oc-25a">
         <name>.text:prvInitialiseTCBVariables</name>
         <load_address>0x5558</load_address>
         <run_address>0x5558</run_address>
         <size>0x54</size>
         <input_file_ref idref="fl-f"/>
      </object_component>
      <object_component id="oc-40d">
         <name>.text:xTaskCheckForTimeOut</name>
         <load_address>0x55ac</load_address>
         <run_address>0x55ac</run_address>
         <size>0x54</size>
         <input_file_ref idref="fl-f"/>
      </object_component>
      <object_component id="oc-391">
         <name>.text</name>
         <load_address>0x5600</load_address>
         <run_address>0x5600</run_address>
         <size>0x52</size>
         <input_file_ref idref="fl-164"/>
      </object_component>
      <object_component id="oc-24">
         <name>.text</name>
         <load_address>0x5654</load_address>
         <run_address>0x5654</run_address>
         <size>0x50</size>
         <input_file_ref idref="fl-13b"/>
      </object_component>
      <object_component id="oc-470">
         <name>.text:I2CMasterInitExpClk</name>
         <load_address>0x56a4</load_address>
         <run_address>0x56a4</run_address>
         <size>0x4c</size>
         <input_file_ref idref="fl-182"/>
      </object_component>
      <object_component id="oc-49d">
         <name>.text:prvAddCurrentTaskToDelayedList</name>
         <load_address>0x56f0</load_address>
         <run_address>0x56f0</run_address>
         <size>0x4c</size>
         <input_file_ref idref="fl-f"/>
      </object_component>
      <object_component id="oc-3a9">
         <name>.text</name>
         <load_address>0x573c</load_address>
         <run_address>0x573c</run_address>
         <size>0x4c</size>
         <input_file_ref idref="fl-155"/>
      </object_component>
      <object_component id="oc-d0">
         <name>.text</name>
         <load_address>0x5788</load_address>
         <run_address>0x5788</run_address>
         <size>0x4c</size>
         <input_file_ref idref="fl-157"/>
      </object_component>
      <object_component id="oc-202">
         <name>.text:GPIOPinConfigure</name>
         <load_address>0x57d4</load_address>
         <run_address>0x57d4</run_address>
         <size>0x48</size>
         <input_file_ref idref="fl-181"/>
      </object_component>
      <object_component id="oc-2b9">
         <name>.text:I2CSend</name>
         <load_address>0x581c</load_address>
         <run_address>0x581c</run_address>
         <size>0x48</size>
         <input_file_ref idref="fl-3"/>
      </object_component>
      <object_component id="oc-13b">
         <name>.text:Lcd_pin_Init</name>
         <load_address>0x5864</load_address>
         <run_address>0x5864</run_address>
         <size>0x48</size>
         <input_file_ref idref="fl-9"/>
      </object_component>
      <object_component id="oc-438">
         <name>.text:intToStr</name>
         <load_address>0x58ac</load_address>
         <run_address>0x58ac</run_address>
         <size>0x48</size>
         <input_file_ref idref="fl-6"/>
      </object_component>
      <object_component id="oc-14d">
         <name>.text:keyboard_init</name>
         <load_address>0x58f4</load_address>
         <run_address>0x58f4</run_address>
         <size>0x48</size>
         <input_file_ref idref="fl-8"/>
      </object_component>
      <object_component id="oc-376">
         <name>.text</name>
         <load_address>0x593c</load_address>
         <run_address>0x593c</run_address>
         <size>0x48</size>
         <input_file_ref idref="fl-15e"/>
      </object_component>
      <object_component id="oc-182">
         <name>.text:tempTask</name>
         <load_address>0x5984</load_address>
         <run_address>0x5984</run_address>
         <size>0x48</size>
         <input_file_ref idref="fl-2"/>
      </object_component>
      <object_component id="oc-20e">
         <name>.text:UARTConfigSetExpClk</name>
         <load_address>0x59cc</load_address>
         <run_address>0x59cc</run_address>
         <size>0x46</size>
         <input_file_ref idref="fl-185"/>
      </object_component>
      <object_component id="oc-8a">
         <name>.text</name>
         <load_address>0x5a14</load_address>
         <run_address>0x5a14</run_address>
         <size>0x44</size>
         <input_file_ref idref="fl-13f"/>
      </object_component>
      <object_component id="oc-3ca">
         <name>.text:vPortFree</name>
         <load_address>0x5a58</load_address>
         <run_address>0x5a58</run_address>
         <size>0x44</size>
         <input_file_ref idref="fl-12"/>
      </object_component>
      <object_component id="oc-1f5">
         <name>.text:Lcd_Cmd</name>
         <load_address>0x5a9c</load_address>
         <run_address>0x5a9c</run_address>
         <size>0x40</size>
         <input_file_ref idref="fl-4"/>
      </object_component>
      <object_component id="oc-67b">
         <name>.text</name>
         <load_address>0x5adc</load_address>
         <run_address>0x5adc</run_address>
         <size>0x40</size>
         <input_file_ref idref="fl-16b"/>
      </object_component>
      <object_component id="oc-279">
         <name>.text:xPortStartScheduler</name>
         <load_address>0x5b1c</load_address>
         <run_address>0x5b1c</run_address>
         <size>0x40</size>
         <input_file_ref idref="fl-10"/>
      </object_component>
      <object_component id="oc-15f">
         <name>.text:xQueueGenericCreate</name>
         <load_address>0x5b5c</load_address>
         <run_address>0x5b5c</run_address>
         <size>0x3c</size>
         <input_file_ref idref="fl-e"/>
      </object_component>
      <object_component id="oc-254">
         <name>.text:prvAllocateTCBAndStack</name>
         <load_address>0x5b98</load_address>
         <run_address>0x5b98</run_address>
         <size>0x3a</size>
         <input_file_ref idref="fl-f"/>
      </object_component>
      <object_component id="oc-1e0">
         <name>.text:SysCtlPeripheralReady</name>
         <load_address>0x5bd4</load_address>
         <run_address>0x5bd4</run_address>
         <size>0x38</size>
         <input_file_ref idref="fl-184"/>
      </object_component>
      <object_component id="oc-43e">
         <name>.text</name>
         <load_address>0x5c0c</load_address>
         <run_address>0x5c0c</run_address>
         <size>0x38</size>
         <input_file_ref idref="fl-142"/>
      </object_component>
      <object_component id="oc-54f">
         <name>.text:vListInsert</name>
         <load_address>0x5c44</load_address>
         <run_address>0x5c44</run_address>
         <size>0x38</size>
         <input_file_ref idref="fl-d"/>
      </object_component>
      <object_component id="oc-1da">
         <name>.text:SysCtlPeripheralEnable</name>
         <load_address>0x5c7c</load_address>
         <run_address>0x5c7c</run_address>
         <size>0x34</size>
         <input_file_ref idref="fl-184"/>
      </object_component>
      <object_component id="oc-5df">
         <name>.text</name>
         <load_address>0x5cb0</load_address>
         <run_address>0x5cb0</run_address>
         <size>0x34</size>
         <input_file_ref idref="fl-15f"/>
      </object_component>
      <object_component id="oc-313">
         <name>.text:prvHeapInit</name>
         <load_address>0x5ce4</load_address>
         <run_address>0x5ce4</run_address>
         <size>0x30</size>
         <input_file_ref idref="fl-12"/>
      </object_component>
      <object_component id="oc-4e3">
         <name>.text</name>
         <load_address>0x5d14</load_address>
         <run_address>0x5d14</run_address>
         <size>0x30</size>
         <input_file_ref idref="fl-16f"/>
      </object_component>
      <object_component id="oc-39d">
         <name>.text</name>
         <load_address>0x5d44</load_address>
         <run_address>0x5d44</run_address>
         <size>0x30</size>
         <input_file_ref idref="fl-173"/>
      </object_component>
      <object_component id="oc-514">
         <name>.text</name>
         <load_address>0x5d74</load_address>
         <run_address>0x5d74</run_address>
         <size>0x30</size>
         <input_file_ref idref="fl-150"/>
      </object_component>
      <object_component id="oc-381">
         <name>.text</name>
         <load_address>0x5da4</load_address>
         <run_address>0x5da4</run_address>
         <size>0x2e</size>
         <input_file_ref idref="fl-144"/>
      </object_component>
      <object_component id="oc-64d">
         <name>.text</name>
         <load_address>0x5dd2</load_address>
         <run_address>0x5dd2</run_address>
         <size>0x2e</size>
         <input_file_ref idref="fl-16a"/>
      </object_component>
      <object_component id="oc-4a">
         <name>.text:xPortSysTickHandler</name>
         <load_address>0x5e00</load_address>
         <run_address>0x5e00</run_address>
         <size>0x2c</size>
         <input_file_ref idref="fl-10"/>
      </object_component>
      <object_component id="oc-2e8">
         <name>.text:GPIODirModeSet</name>
         <load_address>0x5e2c</load_address>
         <run_address>0x5e2c</run_address>
         <size>0x2a</size>
         <input_file_ref idref="fl-181"/>
      </object_component>
      <object_component id="oc-38b">
         <name>.text</name>
         <load_address>0x5e56</load_address>
         <run_address>0x5e56</run_address>
         <size>0x2a</size>
         <input_file_ref idref="fl-162"/>
      </object_component>
      <object_component id="oc-135">
         <name>.text:buzzer_init</name>
         <load_address>0x5e80</load_address>
         <run_address>0x5e80</run_address>
         <size>0x28</size>
         <input_file_ref idref="fl-7"/>
      </object_component>
      <object_component id="oc-10d">
         <name>.text:prvResetNextTaskUnblockTime</name>
         <load_address>0x5ea8</load_address>
         <run_address>0x5ea8</run_address>
         <size>0x28</size>
         <input_file_ref idref="fl-f"/>
      </object_component>
      <object_component id="oc-260">
         <name>.text:pxPortInitialiseStack</name>
         <load_address>0x5ed0</load_address>
         <run_address>0x5ed0</run_address>
         <size>0x28</size>
         <input_file_ref idref="fl-10"/>
      </object_component>
      <object_component id="oc-42b">
         <name>.text:prvCopyDataFromQueue</name>
         <load_address>0x5ef8</load_address>
         <run_address>0x5ef8</run_address>
         <size>0x26</size>
         <input_file_ref idref="fl-e"/>
      </object_component>
      <object_component id="oc-558">
         <name>.text:reverse</name>
         <load_address>0x5f1e</load_address>
         <run_address>0x5f1e</run_address>
         <size>0x26</size>
         <input_file_ref idref="fl-6"/>
      </object_component>
      <object_component id="oc-2fb">
         <name>.text:UARTDisable</name>
         <load_address>0x5f44</load_address>
         <run_address>0x5f44</run_address>
         <size>0x20</size>
         <input_file_ref idref="fl-185"/>
      </object_component>
      <object_component id="oc-355">
         <name>.text</name>
         <load_address>0x5f64</load_address>
         <run_address>0x5f64</run_address>
         <size>0x20</size>
         <input_file_ref idref="fl-169"/>
      </object_component>
      <object_component id="oc-113">
         <name>.text:uxListRemove</name>
         <load_address>0x5f84</load_address>
         <run_address>0x5f84</run_address>
         <size>0x20</size>
         <input_file_ref idref="fl-d"/>
      </object_component>
      <object_component id="oc-450">
         <name>.text:prvIsQueueFull</name>
         <load_address>0x5fa4</load_address>
         <run_address>0x5fa4</run_address>
         <size>0x1c</size>
         <input_file_ref idref="fl-e"/>
      </object_component>
      <object_component id="oc-3a3">
         <name>.text</name>
         <load_address>0x5fc0</load_address>
         <run_address>0x5fc0</run_address>
         <size>0x1c</size>
         <input_file_ref idref="fl-168"/>
      </object_component>
      <object_component id="oc-266">
         <name>.text:vPortEnterCritical</name>
         <load_address>0x5fdc</load_address>
         <run_address>0x5fdc</run_address>
         <size>0x1c</size>
         <input_file_ref idref="fl-10"/>
      </object_component>
      <object_component id="oc-419">
         <name>.text:prvIsQueueEmpty</name>
         <load_address>0x5ff8</load_address>
         <run_address>0x5ff8</run_address>
         <size>0x1a</size>
         <input_file_ref idref="fl-e"/>
      </object_component>
      <object_component id="oc-566">
         <name>.text</name>
         <load_address>0x6012</load_address>
         <run_address>0x6012</run_address>
         <size>0x1a</size>
         <input_file_ref idref="fl-165"/>
      </object_component>
      <object_component id="oc-1e6">
         <name>.text:GPIOPinTypeGPIOOutput</name>
         <load_address>0x602c</load_address>
         <run_address>0x602c</run_address>
         <size>0x18</size>
         <input_file_ref idref="fl-181"/>
      </object_component>
      <object_component id="oc-496">
         <name>.text:conversao</name>
         <load_address>0x6044</load_address>
         <run_address>0x6044</run_address>
         <size>0x18</size>
         <input_file_ref idref="fl-3"/>
      </object_component>
      <object_component id="oc-431">
         <name>.text:pvTaskIncrementMutexHeldCount</name>
         <load_address>0x605c</load_address>
         <run_address>0x605c</run_address>
         <size>0x18</size>
         <input_file_ref idref="fl-f"/>
      </object_component>
      <object_component id="oc-84">
         <name>.text</name>
         <load_address>0x6074</load_address>
         <run_address>0x6074</run_address>
         <size>0x18</size>
         <input_file_ref idref="fl-154"/>
      </object_component>
      <object_component id="oc-4dd">
         <name>.text</name>
         <load_address>0x608c</load_address>
         <run_address>0x608c</run_address>
         <size>0x18</size>
         <input_file_ref idref="fl-16d"/>
      </object_component>
      <object_component id="oc-119">
         <name>.text:vListInsertEnd</name>
         <load_address>0x60a4</load_address>
         <run_address>0x60a4</run_address>
         <size>0x18</size>
         <input_file_ref idref="fl-d"/>
      </object_component>
      <object_component id="oc-272">
         <name>.text:vPortExitCritical</name>
         <load_address>0x60bc</load_address>
         <run_address>0x60bc</run_address>
         <size>0x18</size>
         <input_file_ref idref="fl-10"/>
      </object_component>
      <object_component id="oc-407">
         <name>.text:vTaskSetTimeOutState</name>
         <load_address>0x60d4</load_address>
         <run_address>0x60d4</run_address>
         <size>0x18</size>
         <input_file_ref idref="fl-f"/>
      </object_component>
      <object_component id="oc-397">
         <name>.text</name>
         <load_address>0x60ec</load_address>
         <run_address>0x60ec</run_address>
         <size>0x16</size>
         <input_file_ref idref="fl-16c"/>
      </object_component>
      <object_component id="oc-32d">
         <name>.text:vListInitialise</name>
         <load_address>0x6102</load_address>
         <run_address>0x6102</run_address>
         <size>0x16</size>
         <input_file_ref idref="fl-d"/>
      </object_component>
      <object_component id="oc-293">
         <name>.text:Lcd_Write_String</name>
         <load_address>0x6118</load_address>
         <run_address>0x6118</run_address>
         <size>0x14</size>
         <input_file_ref idref="fl-4"/>
      </object_component>
      <object_component id="oc-301">
         <name>.text:UARTEnable</name>
         <load_address>0x612c</load_address>
         <run_address>0x612c</run_address>
         <size>0x14</size>
         <input_file_ref idref="fl-185"/>
      </object_component>
      <object_component id="oc-19c">
         <name>.text</name>
         <load_address>0x6140</load_address>
         <run_address>0x6140</run_address>
         <size>0x14</size>
         <input_file_ref idref="fl-152"/>
      </object_component>
      <object_component id="oc-638">
         <name>.text</name>
         <load_address>0x6154</load_address>
         <run_address>0x6154</run_address>
         <size>0x14</size>
         <input_file_ref idref="fl-17b"/>
      </object_component>
      <object_component id="oc-34f">
         <name>.text</name>
         <load_address>0x6168</load_address>
         <run_address>0x6168</run_address>
         <size>0x14</size>
         <input_file_ref idref="fl-16e"/>
      </object_component>
      <object_component id="oc-3ea">
         <name>.text:vPortSetupTimerInterrupt</name>
         <load_address>0x617c</load_address>
         <run_address>0x617c</run_address>
         <size>0x14</size>
         <input_file_ref idref="fl-10"/>
      </object_component>
      <object_component id="oc-215">
         <name>.text:GPIOPinTypeGPIOInput</name>
         <load_address>0x6190</load_address>
         <run_address>0x6190</run_address>
         <size>0x12</size>
         <input_file_ref idref="fl-181"/>
      </object_component>
      <object_component id="oc-46a">
         <name>.text:GPIOPinTypeI2C</name>
         <load_address>0x61a2</load_address>
         <run_address>0x61a2</run_address>
         <size>0x12</size>
         <input_file_ref idref="fl-181"/>
      </object_component>
      <object_component id="oc-464">
         <name>.text:GPIOPinTypeI2CSCL</name>
         <load_address>0x61b4</load_address>
         <run_address>0x61b4</run_address>
         <size>0x12</size>
         <input_file_ref idref="fl-181"/>
      </object_component>
      <object_component id="oc-1fc">
         <name>.text:GPIOPinTypeUART</name>
         <load_address>0x61c6</load_address>
         <run_address>0x61c6</run_address>
         <size>0x12</size>
         <input_file_ref idref="fl-181"/>
      </object_component>
      <object_component id="oc-536">
         <name>.text:prvDeleteTCB</name>
         <load_address>0x61d8</load_address>
         <run_address>0x61d8</run_address>
         <size>0x12</size>
         <input_file_ref idref="fl-f"/>
      </object_component>
      <object_component id="oc-153">
         <name>.text:Lcd_Clear</name>
         <load_address>0x61ea</load_address>
         <run_address>0x61ea</run_address>
         <size>0x10</size>
         <input_file_ref idref="fl-4"/>
      </object_component>
      <object_component id="oc-3d8">
         <name>.text:prvTaskExitError</name>
         <load_address>0x61fa</load_address>
         <run_address>0x61fa</run_address>
         <size>0x10</size>
         <input_file_ref idref="fl-10"/>
      </object_component>
      <object_component id="oc-30d">
         <name>.text:vTaskSuspendAll</name>
         <load_address>0x620c</load_address>
         <run_address>0x620c</run_address>
         <size>0x10</size>
         <input_file_ref idref="fl-f"/>
      </object_component>
      <object_component id="oc-2cd">
         <name>.text:UARTCharsAvail</name>
         <load_address>0x621c</load_address>
         <run_address>0x621c</run_address>
         <size>0xe</size>
         <input_file_ref idref="fl-185"/>
      </object_component>
      <object_component id="oc-12">
         <name>.text:decompress:none</name>
         <load_address>0x622a</load_address>
         <run_address>0x622a</run_address>
         <size>0xe</size>
         <input_file_ref idref="fl-13c"/>
      </object_component>
      <object_component id="oc-1e">
         <name>.text:decompress:ZI</name>
         <load_address>0x6238</load_address>
         <run_address>0x6238</run_address>
         <size>0xc</size>
         <input_file_ref idref="fl-13e"/>
      </object_component>
      <object_component id="oc-546">
         <name>.text:vTaskMissedYield</name>
         <load_address>0x6244</load_address>
         <run_address>0x6244</run_address>
         <size>0xc</size>
         <input_file_ref idref="fl-f"/>
      </object_component>
      <object_component id="oc-58d">
         <name>.text:I2CMasterEnable</name>
         <load_address>0x6250</load_address>
         <run_address>0x6250</run_address>
         <size>0xa</size>
         <input_file_ref idref="fl-182"/>
      </object_component>
      <object_component id="oc-2d3">
         <name>.text:UARTCharGet</name>
         <load_address>0x625a</load_address>
         <run_address>0x625a</run_address>
         <size>0xa</size>
         <input_file_ref idref="fl-185"/>
      </object_component>
      <object_component id="oc-489">
         <name>.text:I2CMasterBusy</name>
         <load_address>0x6264</load_address>
         <run_address>0x6264</run_address>
         <size>0x8</size>
         <input_file_ref idref="fl-182"/>
      </object_component>
      <object_component id="oc-477">
         <name>.text:I2CMasterSlaveAddrSet</name>
         <load_address>0x626c</load_address>
         <run_address>0x626c</run_address>
         <size>0x8</size>
         <input_file_ref idref="fl-182"/>
      </object_component>
      <object_component id="oc-27f">
         <name>.text:prvIdleTask</name>
         <load_address>0x6274</load_address>
         <run_address>0x6274</run_address>
         <size>0x8</size>
         <input_file_ref idref="fl-f"/>
      </object_component>
      <object_component id="oc-3f8">
         <name>.text:GPIOPinRead</name>
         <load_address>0x627c</load_address>
         <run_address>0x627c</run_address>
         <size>0x6</size>
         <input_file_ref idref="fl-181"/>
      </object_component>
      <object_component id="oc-21d">
         <name>.text:GPIOPinWrite</name>
         <load_address>0x6282</load_address>
         <run_address>0x6282</run_address>
         <size>0x6</size>
         <input_file_ref idref="fl-181"/>
      </object_component>
      <object_component id="oc-2d">
         <name>.text:ResetISR</name>
         <load_address>0x6288</load_address>
         <run_address>0x6288</run_address>
         <size>0x6</size>
         <input_file_ref idref="fl-a"/>
      </object_component>
      <object_component id="oc-1f4">
         <name>.text:SysCtlDelay</name>
         <load_address>0x628e</load_address>
         <run_address>0x628e</run_address>
         <size>0x6</size>
         <input_file_ref idref="fl-184"/>
      </object_component>
      <object_component id="oc-18">
         <name>.text:decompress:rle24</name>
         <load_address>0x6294</load_address>
         <run_address>0x6294</run_address>
         <size>0x6</size>
         <input_file_ref idref="fl-13d"/>
      </object_component>
      <object_component id="oc-3d1">
         <name>.text:vListInitialiseItem</name>
         <load_address>0x629a</load_address>
         <run_address>0x629a</run_address>
         <size>0x6</size>
         <input_file_ref idref="fl-d"/>
      </object_component>
      <object_component id="oc-483">
         <name>.text:I2CMasterControl</name>
         <load_address>0x62a0</load_address>
         <run_address>0x62a0</run_address>
         <size>0x4</size>
         <input_file_ref idref="fl-182"/>
      </object_component>
      <object_component id="oc-490">
         <name>.text:I2CMasterDataGet</name>
         <load_address>0x62a4</load_address>
         <run_address>0x62a4</run_address>
         <size>0x4</size>
         <input_file_ref idref="fl-182"/>
      </object_component>
      <object_component id="oc-47d">
         <name>.text:I2CMasterDataPut</name>
         <load_address>0x62a8</load_address>
         <run_address>0x62a8</run_address>
         <size>0x4</size>
         <input_file_ref idref="fl-182"/>
      </object_component>
      <object_component id="oc-78">
         <name>.text</name>
         <load_address>0x62ac</load_address>
         <run_address>0x62ac</run_address>
         <size>0x4</size>
         <input_file_ref idref="fl-148"/>
      </object_component>
      <object_component id="oc-522">
         <name>.const:.string:_ctypes_</name>
         <load_address>0x62b0</load_address>
         <run_address>0x62b0</run_address>
         <size>0x101</size>
         <input_file_ref idref="fl-158"/>
      </object_component>
      <object_component id="oc-9f">
         <name>.const</name>
         <load_address>0x63b4</load_address>
         <run_address>0x63b4</run_address>
         <size>0x4</size>
         <input_file_ref idref="fl-10"/>
      </object_component>
      <object_component id="oc-582">
         <name>.const</name>
         <load_address>0x63b8</load_address>
         <run_address>0x63b8</run_address>
         <size>0x98</size>
         <input_file_ref idref="fl-14b"/>
      </object_component>
      <object_component id="oc-2f3">
         <name>.const:g_pui32GPIOBaseAddrs</name>
         <load_address>0x6450</load_address>
         <run_address>0x6450</run_address>
         <size>0x90</size>
         <input_file_ref idref="fl-181"/>
      </object_component>
      <object_component id="oc-2f7">
         <name>.const:g_pui32Xtals</name>
         <load_address>0x64e0</load_address>
         <run_address>0x64e0</run_address>
         <size>0x6c</size>
         <input_file_ref idref="fl-184"/>
      </object_component>
      <object_component id="oc-602">
         <name>.const</name>
         <load_address>0x6550</load_address>
         <run_address>0x6550</run_address>
         <size>0x48</size>
         <input_file_ref idref="fl-14f"/>
      </object_component>
      <object_component id="oc-65e">
         <name>.const:p</name>
         <load_address>0x6598</load_address>
         <run_address>0x6598</run_address>
         <size>0x38</size>
         <input_file_ref idref="fl-176"/>
      </object_component>
      <object_component id="oc-5f7">
         <name>.const</name>
         <load_address>0x65d0</load_address>
         <run_address>0x65d0</run_address>
         <size>0x30</size>
         <input_file_ref idref="fl-14d"/>
      </object_component>
      <object_component id="oc-3fe">
         <name>.const</name>
         <load_address>0x6600</load_address>
         <run_address>0x6600</run_address>
         <size>0x10</size>
         <input_file_ref idref="fl-8"/>
      </object_component>
      <object_component id="oc-401">
         <name>.const:.string</name>
         <load_address>0x6610</load_address>
         <run_address>0x6610</run_address>
         <size>0x8</size>
         <input_file_ref idref="fl-8"/>
      </object_component>
      <object_component id="oc-6d1">
         <name>.cinit..data.load</name>
         <load_address>0x6618</load_address>
         <run_address>0x6618</run_address>
         <size>0xd6</size>
      </object_component>
      <object_component id="oc-6cf">
         <name>__TI_handler_table</name>
         <load_address>0x66f0</load_address>
         <run_address>0x66f0</run_address>
         <size>0xc</size>
      </object_component>
      <object_component id="oc-6d2">
         <name>.cinit..bss.load</name>
         <load_address>0x6700</load_address>
         <run_address>0x6700</run_address>
         <size>0x8</size>
      </object_component>
      <object_component id="oc-6d0">
         <name>__TI_cinit_table</name>
         <load_address>0x6708</load_address>
         <run_address>0x6708</run_address>
         <size>0x10</size>
      </object_component>
      <object_component id="oc-2a">
         <name>.sysmem</name>
         <uninitialized>true</uninitialized>
         <run_address>0x20007eb8</run_address>
         <size>0x8</size>
         <input_file_ref idref="fl-17e"/>
      </object_component>
      <object_component id="oc-6d4">
         <name>.sysmem</name>
         <uninitialized>true</uninitialized>
         <run_address>0x20007eb8</run_address>
         <size>0x0</size>
      </object_component>
      <object_component id="oc-29">
         <name>.stack</name>
         <uninitialized>true</uninitialized>
         <run_address>0x20007cb4</run_address>
         <size>0x0</size>
         <input_file_ref idref="fl-13b"/>
      </object_component>
      <object_component id="oc-6d3">
         <name>.stack</name>
         <uninitialized>true</uninitialized>
         <run_address>0x20007cb4</run_address>
         <size>0x0</size>
      </object_component>
      <object_component id="oc-109">
         <name>.bss:pxReadyTasksLists</name>
         <uninitialized>true</uninitialized>
         <run_address>0x20007530</run_address>
         <size>0x140</size>
         <input_file_ref idref="fl-f"/>
      </object_component>
      <object_component id="oc-4ba">
         <name>.bss:ucHeap</name>
         <uninitialized>true</uninitialized>
         <run_address>0x20000000</run_address>
         <size>0x7530</size>
         <input_file_ref idref="fl-12"/>
      </object_component>
      <object_component id="oc-669">
         <name>.bss:__TI_tmpnams</name>
         <uninitialized>true</uninitialized>
         <run_address>0x20007790</run_address>
         <size>0xa0</size>
         <input_file_ref idref="fl-159"/>
      </object_component>
      <object_component id="oc-670">
         <name>.bss:__CIOBUF_</name>
         <uninitialized>true</uninitialized>
         <run_address>0x20007670</run_address>
         <size>0x120</size>
         <input_file_ref idref="fl-171"/>
      </object_component>
      <object_component id="oc-177">
         <name>.common:temp_queue</name>
         <uninitialized>true</uninitialized>
         <run_address>0x200078d4</run_address>
         <size>0x4</size>
      </object_component>
      <object_component id="oc-17a">
         <name>.common:buzzer_queue</name>
         <uninitialized>true</uninitialized>
         <run_address>0x200078c8</run_address>
         <size>0x4</size>
      </object_component>
      <object_component id="oc-17b">
         <name>.common:uart_queue</name>
         <uninitialized>true</uninitialized>
         <run_address>0x200078d8</run_address>
         <size>0x4</size>
      </object_component>
      <object_component id="oc-2b1">
         <name>.common:packet</name>
         <uninitialized>true</uninitialized>
         <run_address>0x20007830</run_address>
         <size>0x1c</size>
      </object_component>
      <object_component id="oc-3e3">
         <name>.common:xDelayedTaskList1</name>
         <uninitialized>true</uninitialized>
         <run_address>0x2000784c</run_address>
         <size>0x14</size>
      </object_component>
      <object_component id="oc-3e4">
         <name>.common:xDelayedTaskList2</name>
         <uninitialized>true</uninitialized>
         <run_address>0x20007860</run_address>
         <size>0x14</size>
      </object_component>
      <object_component id="oc-11f">
         <name>.common:pxDelayedTaskList</name>
         <uninitialized>true</uninitialized>
         <run_address>0x200078cc</run_address>
         <size>0x4</size>
      </object_component>
      <object_component id="oc-120">
         <name>.common:pxOverflowDelayedTaskList</name>
         <uninitialized>true</uninitialized>
         <run_address>0x200078d0</run_address>
         <size>0x4</size>
      </object_component>
      <object_component id="oc-3e5">
         <name>.common:xPendingReadyList</name>
         <uninitialized>true</uninitialized>
         <run_address>0x20007874</run_address>
         <size>0x14</size>
      </object_component>
      <object_component id="oc-3e6">
         <name>.common:xTasksWaitingTermination</name>
         <uninitialized>true</uninitialized>
         <run_address>0x2000789c</run_address>
         <size>0x14</size>
      </object_component>
      <object_component id="oc-3e7">
         <name>.common:xSuspendedTaskList</name>
         <uninitialized>true</uninitialized>
         <run_address>0x20007888</run_address>
         <size>0x14</size>
      </object_component>
      <object_component id="oc-322">
         <name>.common:xStart</name>
         <uninitialized>true</uninitialized>
         <run_address>0x200078c0</run_address>
         <size>0x8</size>
      </object_component>
      <object_component id="oc-325">
         <name>.common:xEnd</name>
         <uninitialized>true</uninitialized>
         <run_address>0x200078b8</run_address>
         <size>0x8</size>
      </object_component>
      <object_component id="oc-63e">
         <name>.common:parmbuf</name>
         <uninitialized>true</uninitialized>
         <run_address>0x200078b0</run_address>
         <size>0x8</size>
      </object_component>
      <object_component id="oc-9c">
         <name>.data</name>
         <load_address>0x20007c38</load_address>
         <run_address>0x20007c38</run_address>
         <size>0x30</size>
         <input_file_ref idref="fl-f"/>
      </object_component>
      <object_component id="oc-3df">
         <name>.data</name>
         <load_address>0x20007ca4</load_address>
         <run_address>0x20007ca4</run_address>
         <size>0x4</size>
         <input_file_ref idref="fl-10"/>
      </object_component>
      <object_component id="oc-31f">
         <name>.data</name>
         <load_address>0x20007c84</load_address>
         <run_address>0x20007c84</run_address>
         <size>0x8</size>
         <input_file_ref idref="fl-12"/>
      </object_component>
      <object_component id="oc-e3">
         <name>.data</name>
         <load_address>0x20007c94</load_address>
         <run_address>0x20007c94</run_address>
         <size>0x8</size>
         <input_file_ref idref="fl-13f"/>
      </object_component>
      <object_component id="oc-90">
         <name>.data</name>
         <load_address>0x20007cb0</load_address>
         <run_address>0x20007cb0</run_address>
         <size>0x4</size>
         <input_file_ref idref="fl-14a"/>
      </object_component>
      <object_component id="oc-572">
         <name>.data</name>
         <load_address>0x20007b50</load_address>
         <run_address>0x20007b50</run_address>
         <size>0x80</size>
         <input_file_ref idref="fl-151"/>
      </object_component>
      <object_component id="oc-e0">
         <name>.data</name>
         <load_address>0x20007c8c</load_address>
         <run_address>0x20007c8c</run_address>
         <size>0x8</size>
         <input_file_ref idref="fl-152"/>
      </object_component>
      <object_component id="oc-24a">
         <name>.data:_ftable</name>
         <load_address>0x200078e0</load_address>
         <run_address>0x200078e0</run_address>
         <size>0xf0</size>
         <input_file_ref idref="fl-159"/>
      </object_component>
      <object_component id="oc-4d8">
         <name>.data</name>
         <load_address>0x20007c68</load_address>
         <run_address>0x20007c68</run_address>
         <size>0x10</size>
         <input_file_ref idref="fl-159"/>
      </object_component>
      <object_component id="oc-585">
         <name>.data</name>
         <load_address>0x20007ca8</load_address>
         <run_address>0x20007ca8</run_address>
         <size>0x4</size>
         <input_file_ref idref="fl-15a"/>
      </object_component>
      <object_component id="oc-653">
         <name>.data</name>
         <load_address>0x20007c9c</load_address>
         <run_address>0x20007c9c</run_address>
         <size>0x8</size>
         <input_file_ref idref="fl-15f"/>
      </object_component>
      <object_component id="oc-4e9">
         <name>.data</name>
         <load_address>0x200079d0</load_address>
         <run_address>0x200079d0</run_address>
         <size>0xd0</size>
         <input_file_ref idref="fl-166"/>
      </object_component>
      <object_component id="oc-69c">
         <name>.data:sigtable</name>
         <load_address>0x20007aa0</load_address>
         <run_address>0x20007aa0</run_address>
         <size>0xb0</size>
         <input_file_ref idref="fl-16b"/>
      </object_component>
      <object_component id="oc-65b">
         <name>.data</name>
         <load_address>0x20007bd0</load_address>
         <run_address>0x20007bd0</run_address>
         <size>0x68</size>
         <input_file_ref idref="fl-17c"/>
      </object_component>
      <object_component id="oc-629">
         <name>.data</name>
         <load_address>0x20007cac</load_address>
         <run_address>0x20007cac</run_address>
         <size>0x4</size>
         <input_file_ref idref="fl-17d"/>
      </object_component>
      <object_component id="oc-61f">
         <name>.data</name>
         <load_address>0x20007c78</load_address>
         <run_address>0x20007c78</run_address>
         <size>0xc</size>
         <input_file_ref idref="fl-17e"/>
      </object_component>
      <object_component id="oc-178">
         <name>.debug_info</name>
         <load_address>0x0</load_address>
         <run_address>0x0</run_address>
         <size>0x751</size>
         <input_file_ref idref="fl-2"/>
      </object_component>
      <object_component id="oc-104">
         <name>.debug_info</name>
         <load_address>0x751</load_address>
         <run_address>0x751</run_address>
         <size>0x16a</size>
         <input_file_ref idref="fl-2"/>
      </object_component>
      <object_component id="oc-18f">
         <name>.debug_info</name>
         <load_address>0x8bb</load_address>
         <run_address>0x8bb</run_address>
         <size>0x1c7</size>
         <input_file_ref idref="fl-2"/>
      </object_component>
      <object_component id="oc-183">
         <name>.debug_info</name>
         <load_address>0xa82</load_address>
         <run_address>0xa82</run_address>
         <size>0x1e3</size>
         <input_file_ref idref="fl-2"/>
      </object_component>
      <object_component id="oc-2ac">
         <name>.debug_info</name>
         <load_address>0xc65</load_address>
         <run_address>0xc65</run_address>
         <size>0x336</size>
         <input_file_ref idref="fl-2"/>
      </object_component>
      <object_component id="oc-d9">
         <name>.debug_info</name>
         <load_address>0xf9b</load_address>
         <run_address>0xf9b</run_address>
         <size>0x2e8</size>
         <input_file_ref idref="fl-2"/>
      </object_component>
      <object_component id="oc-17d">
         <name>.debug_info</name>
         <load_address>0x1283</load_address>
         <run_address>0x1283</run_address>
         <size>0x7b0</size>
         <input_file_ref idref="fl-2"/>
      </object_component>
      <object_component id="oc-189">
         <name>.debug_info</name>
         <load_address>0x1a33</load_address>
         <run_address>0x1a33</run_address>
         <size>0x1a0</size>
         <input_file_ref idref="fl-2"/>
      </object_component>
      <object_component id="oc-1b6">
         <name>.debug_info</name>
         <load_address>0x1bd3</load_address>
         <run_address>0x1bd3</run_address>
         <size>0x2ef</size>
         <input_file_ref idref="fl-2"/>
[...]
      </symbol>
      <symbol id="sm-7d9">
         <name>_lock</name>
         <value>0x20007c8c</value>
         <object_component_ref idref="oc-e0"/>
      </symbol>
      <symbol id="sm-7da">
         <name>_unlock</name>
         <value>0x20007c90</value>
         <object_component_ref idref="oc-e0"/>
      </symbol>
      <symbol id="sm-7db">
         <name>_register_lock</name>
         <value>0x6147</value>
         <object_component_ref idref="oc-19c"/>
      </symbol>
      <symbol id="sm-7dc">
         <name>_register_unlock</name>
         <value>0x6141</value>
         <object_component_ref idref="oc-19c"/>
      </symbol>
      <symbol id="sm-8e6">
         <name>__TI_printfi</name>
         <value>0x1021</value>
         <object_component_ref idref="oc-244"/>
      </symbol>
      <symbol id="sm-8fb">
         <name>_args_main</name>
         <value>0x6075</value>
         <object_component_ref idref="oc-84"/>
      </symbol>
      <symbol id="sm-911">
         <name>atoi</name>
         <value>0x573d</value>
         <object_component_ref idref="oc-3a9"/>
      </symbol>
      <symbol id="sm-937">
         <name>__TI_auto_init</name>
         <value>0x4e91</value>
         <object_component_ref idref="oc-7e"/>
      </symbol>
      <symbol id="sm-951">
         <name>copy_in</name>
         <value>0x5789</value>
         <object_component_ref idref="oc-d0"/>
      </symbol>
      <symbol id="sm-95c">
         <name>_ctypes_</name>
         <value>0x62b0</value>
         <object_component_ref idref="oc-522"/>
      </symbol>
      <symbol id="sm-975">
         <name>__aeabi_stdout</name>
         <value>0x20007c70</value>
         <object_component_ref idref="oc-4d8"/>
      </symbol>
      <symbol id="sm-976">
         <name>__TI_tmpnams</name>
         <value>0x20007790</value>
         <object_component_ref idref="oc-669"/>
      </symbol>
      <symbol id="sm-977">
         <name>__aeabi_stderr</name>
         <value>0x20007c74</value>
         <object_component_ref idref="oc-4d8"/>
      </symbol>
      <symbol id="sm-978">
         <name>__aeabi_stdin</name>
         <value>0x20007c6c</value>
         <object_component_ref idref="oc-4d8"/>
      </symbol>
      <symbol id="sm-979">
         <name>_ftable</name>
         <value>0x200078e0</value>
         <object_component_ref idref="oc-24a"/>
      </symbol>
      <symbol id="sm-97a">
         <name>__TI_ft_end</name>
         <value>0x20007c68</value>
         <object_component_ref idref="oc-4d8"/>
      </symbol>
      <symbol id="sm-982">
         <name>_Errno</name>
         <value>0x20007ca8</value>
         <object_component_ref idref="oc-585"/>
      </symbol>
      <symbol id="sm-9a6">
         <name>__aeabi_dsub</name>
         <value>0x314d</value>
         <object_component_ref idref="oc-386"/>
      </symbol>
      <symbol id="sm-9a7">
         <name>__aeabi_dadd</name>
         <value>0x3157</value>
         <object_component_ref idref="oc-386"/>
      </symbol>
      <symbol id="sm-9ce">
         <name>__aeabi_cdcmpeq</name>
         <value>0x48d1</value>
         <object_component_ref idref="oc-362"/>
      </symbol>
      <symbol id="sm-9cf">
         <name>__aeabi_cdcmple</name>
         <value>0x48d1</value>
         <object_component_ref idref="oc-362"/>
      </symbol>
      <symbol id="sm-9d0">
         <name>__aeabi_cdrcmple</name>
         <value>0x4957</value>
         <object_component_ref idref="oc-371"/>
      </symbol>
      <symbol id="sm-9f0">
         <name>__aeabi_ddiv</name>
         <value>0x3459</value>
         <object_component_ref idref="oc-36c"/>
      </symbol>
      <symbol id="sm-9fe">
         <name>__aeabi_d2iz</name>
         <value>0x593d</value>
         <object_component_ref idref="oc-376"/>
      </symbol>
      <symbol id="sm-a1c">
         <name>feraiseexcept</name>
         <value>0x5cb1</value>
         <object_component_ref idref="oc-5df"/>
      </symbol>
      <symbol id="sm-a1d">
         <name>_Tls_setup__Fenv</name>
         <value>0x20007ca0</value>
         <object_component_ref idref="oc-653"/>
      </symbol>
      <symbol id="sm-a1e">
         <name>_Fenv</name>
         <value>0x20007c9c</value>
         <object_component_ref idref="oc-653"/>
      </symbol>
      <symbol id="sm-a35">
         <name>putc</name>
         <value>0x4689</value>
         <object_component_ref idref="oc-238"/>
      </symbol>
      <symbol id="sm-a36">
         <name>fputc</name>
         <value>0x4689</value>
         <object_component_ref idref="oc-238"/>
      </symbol>
      <symbol id="sm-a37">
         <name>putchar</name>
         <value>0x470d</value>
         <object_component_ref idref="oc-238"/>
      </symbol>
      <symbol id="sm-a59">
         <name>puts</name>
         <value>0x369d</value>
         <object_component_ref idref="oc-23e"/>
      </symbol>
      <symbol id="sm-a5a">
         <name>fputs</name>
         <value>0x3591</value>
         <object_component_ref idref="oc-23e"/>
      </symbol>
      <symbol id="sm-a67">
         <name>frexp</name>
         <value>0x5e57</value>
         <object_component_ref idref="oc-38b"/>
      </symbol>
      <symbol id="sm-a79">
         <name>ldexp</name>
         <value>0x5601</value>
         <object_component_ref idref="oc-391"/>
      </symbol>
      <symbol id="sm-a83">
         <name>log</name>
         <value>0x6013</value>
         <object_component_ref idref="oc-566"/>
      </symbol>
      <symbol id="sm-ad5">
         <name>open</name>
         <value>0x1cdb</value>
         <object_component_ref idref="oc-347"/>
      </symbol>
      <symbol id="sm-ad6">
         <name>add_device</name>
         <value>0x1dfd</value>
         <object_component_ref idref="oc-347"/>
      </symbol>
      <symbol id="sm-ad7">
         <name>remove_device</name>
         <value>0x1c8f</value>
         <object_component_ref idref="oc-347"/>
      </symbol>
      <symbol id="sm-ad8">
         <name>lseek</name>
         <value>0x1d89</value>
         <object_component_ref idref="oc-347"/>
      </symbol>
      <symbol id="sm-ad9">
         <name>read</name>
         <value>0x1cb7</value>
         <object_component_ref idref="oc-347"/>
      </symbol>
      <symbol id="sm-ada">
         <name>rename</name>
         <value>0x1c51</value>
         <object_component_ref idref="oc-347"/>
      </symbol>
      <symbol id="sm-adb">
         <name>write</name>
         <value>0x1b9d</value>
         <object_component_ref idref="oc-347"/>
      </symbol>
      <symbol id="sm-adc">
         <name>close</name>
         <value>0x1dad</value>
         <object_component_ref idref="oc-347"/>
      </symbol>
      <symbol id="sm-add">
         <name>unlink</name>
         <value>0x1c2d</value>
         <object_component_ref idref="oc-347"/>
      </symbol>
      <symbol id="sm-aec">
         <name>ltoa</name>
         <value>0x5459</value>
         <object_component_ref idref="oc-37b"/>
      </symbol>
      <symbol id="sm-afc">
         <name>memccpy</name>
         <value>0x5fc1</value>
         <object_component_ref idref="oc-3a3"/>
      </symbol>
      <symbol id="sm-b0c">
         <name>memchr</name>
         <value>0x5f65</value>
         <object_component_ref idref="oc-355"/>
      </symbol>
      <symbol id="sm-b20">
         <name>raise</name>
         <value>0x5dd3</value>
         <object_component_ref idref="oc-64d"/>
      </symbol>
      <symbol id="sm-b3a">
         <name>signal</name>
         <value>0x5add</value>
         <object_component_ref idref="oc-67b"/>
      </symbol>
      <symbol id="sm-b4a">
         <name>strchr</name>
         <value>0x60ed</value>
         <object_component_ref idref="oc-397"/>
      </symbol>
      <symbol id="sm-b59">
         <name>strcmp</name>
         <value>0x608d</value>
         <object_component_ref idref="oc-4dd"/>
      </symbol>
      <symbol id="sm-b67">
         <name>strlen</name>
         <value>0x6169</value>
         <object_component_ref idref="oc-34f"/>
      </symbol>
      <symbol id="sm-b77">
         <name>strncpy</name>
         <value>0x5d15</value>
         <object_component_ref idref="oc-4e3"/>
      </symbol>
      <symbol id="sm-b98">
         <name>HOSTgetenv</name>
         <value>0x26b3</value>
         <object_component_ref idref="oc-5be"/>
      </symbol>
      <symbol id="sm-b99">
         <name>HOSTrename</name>
         <value>0x255b</value>
         <object_component_ref idref="oc-5be"/>
      </symbol>
      <symbol id="sm-b9a">
         <name>HOSTclose</name>
         <value>0x26f1</value>
         <object_component_ref idref="oc-5be"/>
      </symbol>
      <symbol id="sm-b9b">
         <name>HOSTunlink</name>
         <value>0x24e9</value>
         <object_component_ref idref="oc-5be"/>
      </symbol>
      <symbol id="sm-b9c">
         <name>HOSTlseek</name>
         <value>0x2657</value>
         <object_component_ref idref="oc-5be"/>
      </symbol>
      <symbol id="sm-b9d">
         <name>HOSTopen</name>
         <value>0x2605</value>
         <object_component_ref idref="oc-5be"/>
      </symbol>
      <symbol id="sm-b9e">
         <name>HOSTclock</name>
         <value>0x2729</value>
         <object_component_ref idref="oc-5be"/>
      </symbol>
      <symbol id="sm-b9f">
         <name>HOSTwrite</name>
         <value>0x249d</value>
         <object_component_ref idref="oc-5be"/>
      </symbol>
      <symbol id="sm-ba0">
         <name>HOSTread</name>
         <value>0x25b9</value>
         <object_component_ref idref="oc-5be"/>
      </symbol>
      <symbol id="sm-ba1">
         <name>HOSTtime</name>
         <value>0x2521</value>
         <object_component_ref idref="oc-5be"/>
      </symbol>
      <symbol id="sm-bbc">
         <name>__TI_readmsg</name>
         <value>0x5003</value>
         <object_component_ref idref="oc-632"/>
      </symbol>
      <symbol id="sm-bbd">
         <name>C$$IO$$</name>
         <value>0x4fff</value>
         <object_component_ref idref="oc-632"/>
      </symbol>
      <symbol id="sm-bbe">
         <name>__CIOBUF_</name>
         <value>0x20007670</value>
         <object_component_ref idref="oc-670"/>
      </symbol>
      <symbol id="sm-bbf">
         <name>__TI_writemsg</name>
         <value>0x4fd1</value>
         <object_component_ref idref="oc-632"/>
      </symbol>
      <symbol id="sm-be9">
         <name>__aeabi_uldivmod</name>
         <value>0x2ba9</value>
         <object_component_ref idref="oc-35d"/>
      </symbol>
      <symbol id="sm-bf7">
         <name>_Dclass</name>
         <value>0x5d45</value>
         <object_component_ref idref="oc-39d"/>
      </symbol>
      <symbol id="sm-c0c">
         <name>_Dnorm</name>
         <value>0x433d</value>
         <object_component_ref idref="oc-5d3"/>
      </symbol>
      <symbol id="sm-c28">
         <name>_Dscale</name>
         <value>0x3a25</value>
         <object_component_ref idref="oc-50e"/>
      </symbol>
      <symbol id="sm-c58">
         <name>_Log</name>
         <value>0x21b1</value>
         <object_component_ref idref="oc-5fb"/>
      </symbol>
      <symbol id="sm-c76">
         <name>__TI_wrt_ok</name>
         <value>0x44a9</value>
         <object_component_ref idref="oc-33b"/>
      </symbol>
      <symbol id="sm-c77">
         <name>__TI_rd_ok</name>
         <value>0x450b</value>
         <object_component_ref idref="oc-33b"/>
      </symbol>
      <symbol id="sm-c91">
         <name>__TI_doflush</name>
         <value>0x41b5</value>
         <object_component_ref idref="oc-341"/>
      </symbol>
      <symbol id="sm-c92">
         <name>fflush</name>
         <value>0x4201</value>
         <object_component_ref idref="oc-341"/>
      </symbol>
      <symbol id="sm-ca4">
         <name>fseek</name>
         <value>0x50a1</value>
         <object_component_ref idref="oc-4ca"/>
      </symbol>
      <symbol id="sm-cc0">
         <name>setvbuf</name>
         <value>0x4005</value>
         <object_component_ref idref="oc-4d0"/>
      </symbol>
      <symbol id="sm-cce">
         <name>strcpy</name>
         <value>0x6155</value>
         <object_component_ref idref="oc-638"/>
      </symbol>
      <symbol id="sm-cdd">
         <name>_FZero</name>
         <value>0x20007c34</value>
         <object_component_ref idref="oc-65b"/>
      </symbol>
      <symbol id="sm-cde">
         <name>_FRteps</name>
         <value>0x20007c20</value>
         <object_component_ref idref="oc-65b"/>
      </symbol>
      <symbol id="sm-cdf">
         <name>_FSnan</name>
         <value>0x20007c10</value>
         <object_component_ref idref="oc-65b"/>
      </symbol>
      <symbol id="sm-ce0">
         <name>_FNan</name>
         <value>0x20007c00</value>
         <object_component_ref idref="oc-65b"/>
      </symbol>
      <symbol id="sm-ce1">
         <name>_FInf</name>
         <value>0x20007bf0</value>
         <object_component_ref idref="oc-65b"/>
      </symbol>
      <symbol id="sm-ce2">
         <name>_FEps</name>
         <value>0x20007be0</value>
         <object_component_ref idref="oc-65b"/>
      </symbol>
      <symbol id="sm-ce3">
         <name>_FXbig</name>
         <value>0x20007c30</value>
         <object_component_ref idref="oc-65b"/>
      </symbol>
      <symbol id="sm-ce4">
         <name>_FDenorm</name>
         <value>0x20007bd0</value>
         <object_component_ref idref="oc-65b"/>
      </symbol>
      <symbol id="sm-d1b">
         <name>__TI_cleanup</name>
         <value>0x3051</value>
         <object_component_ref idref="oc-5a7"/>
      </symbol>
      <symbol id="sm-d1c">
         <name>freopen</name>
         <value>0x307d</value>
         <object_component_ref idref="oc-5a7"/>
      </symbol>
      <symbol id="sm-d1d">
         <name>fopen</name>
         <value>0x30a7</value>
         <object_component_ref idref="oc-5a7"/>
      </symbol>
      <symbol id="sm-d8f">
         <name>_sys_memory</name>
         <value>0x20007eb8</value>
         <object_component_ref idref="oc-2a"/>
      </symbol>
      <symbol id="sm-d90">
         <name>free</name>
         <value>0x18b7</value>
         <object_component_ref idref="oc-5a1"/>
      </symbol>
      <symbol id="sm-d91">
         <name>realloc</name>
         <value>0x1979</value>
         <object_component_ref idref="oc-5a1"/>
      </symbol>
      <symbol id="sm-d92">
         <name>memalign</name>
         <value>0x1a85</value>
         <object_component_ref idref="oc-5a1"/>
      </symbol>
      <symbol id="sm-d93">
         <name>calloc</name>
         <value>0x1b69</value>
         <object_component_ref idref="oc-5a1"/>
      </symbol>
      <symbol id="sm-d94">
         <name>malloc</name>
         <value>0x184f</value>
         <object_component_ref idref="oc-5a1"/>
      </symbol>
      <symbol id="sm-d95">
         <name>minit</name>
         <value>0x17c1</value>
         <object_component_ref idref="oc-5a1"/>
      </symbol>
      <symbol id="sm-dab">
         <name>__TI_closefile</name>
         <value>0x45f1</value>
         <object_component_ref idref="oc-623"/>
      </symbol>
      <symbol id="sm-dac">
         <name>fclose</name>
         <value>0x4657</value>
         <object_component_ref idref="oc-623"/>
      </symbol>
      <symbol id="sm-e0f">
         <name>GPIOPinConfigure</name>
         <value>0x57d5</value>
         <object_component_ref idref="oc-202"/>
      </symbol>
      <symbol id="sm-e10">
         <name>GPIOPinTypeI2CSCL</name>
         <value>0x61b5</value>
         <object_component_ref idref="oc-464"/>
      </symbol>
      <symbol id="sm-e11">
         <name>GPIOPinTypeI2C</name>
         <value>0x61a3</value>
         <object_component_ref idref="oc-46a"/>
      </symbol>
      <symbol id="sm-e12">
         <name>GPIOPinTypeGPIOInput</name>
         <value>0x6191</value>
         <object_component_ref idref="oc-215"/>
      </symbol>
      <symbol id="sm-e13">
         <name>GPIOPinTypeUART</name>
         <value>0x61c7</value>
         <object_component_ref idref="oc-1fc"/>
      </symbol>
      <symbol id="sm-e14">
         <name>GPIOPinTypeGPIOOutput</name>
         <value>0x602d</value>
         <object_component_ref idref="oc-1e6"/>
      </symbol>
      <symbol id="sm-e15">
         <name>GPIOPinRead</name>
         <value>0x627d</value>
         <object_component_ref idref="oc-3f8"/>
      </symbol>
      <symbol id="sm-e16">
         <name>GPIODirModeSet</name>
         <value>0x5e2d</value>
         <object_component_ref idref="oc-2e8"/>
      </symbol>
      <symbol id="sm-e17">
         <name>GPIOPinWrite</name>
         <value>0x6283</value>
         <object_component_ref idref="oc-21d"/>
      </symbol>
      <symbol id="sm-e18">
         <name>GPIOPadConfigSet</name>
         <value>0x36c5</value>
         <object_component_ref idref="oc-2e2"/>
      </symbol>
      <symbol id="sm-e59">
         <name>I2CMasterDataPut</name>
         <value>0x62a9</value>
         <object_component_ref idref="oc-47d"/>
      </symbol>
      <symbol id="sm-e5a">
         <name>I2CMasterInitExpClk</name>
         <value>0x56a5</value>
         <object_component_ref idref="oc-470"/>
      </symbol>
      <symbol id="sm-e5b">
         <name>I2CMasterSlaveAddrSet</name>
         <value>0x626d</value>
         <object_component_ref idref="oc-477"/>
      </symbol>
      <symbol id="sm-e5c">
         <name>I2CMasterDataGet</name>
         <value>0x62a5</value>
         <object_component_ref idref="oc-490"/>
      </symbol>
      <symbol id="sm-e5d">
         <name>I2CMasterControl</name>
         <value>0x62a1</value>
         <object_component_ref idref="oc-483"/>
      </symbol>
      <symbol id="sm-e5e">
         <name>I2CMasterBusy</name>
         <value>0x6265</value>
         <object_component_ref idref="oc-489"/>
      </symbol>
      <symbol id="sm-e5f">
         <name>I2CMasterEnable</name>
         <value>0x6251</value>
         <object_component_ref idref="oc-58d"/>
      </symbol>
      <symbol id="sm-ea7">
         <name>SysCtlDelay</name>
         <value>0x628f</value>
         <object_component_ref idref="oc-1f4"/>
      </symbol>
      <symbol id="sm-ea8">
         <name>SysCtlPeripheralEnable</name>
         <value>0x5c7d</value>
         <object_component_ref idref="oc-1da"/>
      </symbol>
      <symbol id="sm-ea9">
         <name>SysCtlClockGet</name>
         <value>0x3915</value>
         <object_component_ref idref="oc-208"/>
      </symbol>
      <symbol id="sm-eaa">
         <name>SysCtlPeripheralReady</name>
         <value>0x5bd5</value>
         <object_component_ref idref="oc-1e0"/>
      </symbol>
      <symbol id="sm-edc">
         <name>UARTConfigSetExpClk</name>
         <value>0x59cd</value>
         <object_component_ref idref="oc-20e"/>
      </symbol>
      <symbol id="sm-edd">
         <name>UARTDisable</name>
         <value>0x5f45</value>
         <object_component_ref idref="oc-2fb"/>
      </symbol>
      <symbol id="sm-ede">
         <name>UARTCharsAvail</name>
         <value>0x621d</value>
         <object_component_ref idref="oc-2cd"/>
      </symbol>
      <symbol id="sm-edf">
         <name>UARTEnable</name>
         <value>0x612d</value>
         <object_component_ref idref="oc-301"/>
      </symbol>
      <symbol id="sm-ee0">
         <name>UARTCharGet</name>
         <value>0x625b</value>
         <object_component_ref idref="oc-2d3"/>
      </symbol>
      <symbol id="sm-ee2">
         <name>__TI_static_base__</name>
         <value>0x0</value>
      </symbol>
      <symbol id="sm-ee5">
         <name>SHT$$INIT_ARRAY$$Limit</name>
         <value>0x0</value>
      </symbol>
      <symbol id="sm-ee6">
         <name>SHT$$INIT_ARRAY$$Base</name>
         <value>0x0</value>
      </symbol>
      <symbol id="sm-ee7">
         <name>remove</name>
         <value>0x1c2d</value>
      </symbol>
   </symbol_table>
   <title>Link successful</title>
</link_info>
