<?xml version="1.0"?>
<link_info>
   <banner>TI ARM Linker PC v5.2.6</banner>
   <copyright>Copyright (c) 1996-2015 Texas Instruments Incorporated</copyright>
   <link_time>0x658ddab6</link_time>
   <link_errors>0x0</link_errors>
   <output_file>GroundStation.out</output_file>
   <entry_point>
      <name>_c_int00</name>
      <address>0x59c1</address>
   </entry_point>
   <input_file_list>
      <input_file id="fl-2">
         <path>.\</path>
         <kind>object</kind>
         <file>GroundStation.obj</file>
         <name>GroundStation.obj</name>
      </input_file>
      <input_file id="fl-3">
         <path>.\</path>
         <kind>object</kind>
         <file>I2C.obj</file>
         <name>I2C.obj</name>
      </input_file>
      <input_file id="fl-4">
         <path>.\</path>
         <kind>object</kind>
         <file>LCD.obj</file>
         <name>LCD.obj</name>
      </input_file>
      <input_file id="fl-5">
         <path>.\</path>
         <kind>object</kind>
         <file>UART.obj</file>
         <name>UART.obj</name>
      </input_file>
      <input_file id="fl-6">
         <path>.\</path>
         <kind>object</kind>
         <file>blinky.obj</file>
         <name>blinky.obj</name>
      </input_file>
      <input_file id="fl-7">
         <path>.\</path>
         <kind>object</kind>
         <file>buzzer.obj</file>
         <name>buzzer.obj</name>
      </input_file>
      <input_file id="fl-8">
         <path>.\</path>
         <kind>object</kind>
         <file>date.obj</file>
         <name>date.obj</name>
      </input_file>
      <input_file id="fl-9">
         <path>.\</path>
         <kind>object</kind>
         <file>keyboard.obj</file>
         <name>keyboard.obj</name>
      </input_file>
      <input_file id="fl-a">
         <path>.\</path>
         <kind>object</kind>
         <file>lcd1.obj</file>
         <name>lcd1.obj</name>
      </input_file>
      <input_file id="fl-b">
         <path>.\</path>
         <kind>object</kind>
         <file>startup_ccs.obj</file>
         <name>startup_ccs.obj</name>
      </input_file>
      <input_file id="fl-c">
         <path>.\drivers\</path>
         <kind>object</kind>
         <file>buttons.obj</file>
         <name>buttons.obj</name>
      </input_file>
      <input_file id="fl-d">
         <path>.\drivers\</path>
         <kind>object</kind>
         <file>rgb.obj</file>
         <name>rgb.obj</name>
      </input_file>
      <input_file id="fl-e">
         <path>.\third_party\FreeRTOS\Source\</path>
         <kind>object</kind>
         <file>list.obj</file>
         <name>list.obj</name>
      </input_file>
      <input_file id="fl-f">
         <path>.\third_party\FreeRTOS\Source\</path>
         <kind>object</kind>
         <file>queue.obj</file>
         <name>queue.obj</name>
      </input_file>
      <input_file id="fl-10">
         <path>.\third_party\FreeRTOS\Source\</path>
         <kind>object</kind>
         <file>tasks.obj</file>
         <name>tasks.obj</name>
      </input_file>
      <input_file id="fl-11">
         <path>.\third_party\FreeRTOS\Source\portable\CCS\ARM_CM4F\</path>
         <kind>object</kind>
         <file>port.obj</file>
         <name>port.obj</name>
      </input_file>
      <input_file id="fl-12">
         <path>.\third_party\FreeRTOS\Source\portable\CCS\ARM_CM4F\</path>
         <kind>object</kind>
         <file>portasm.obj</file>
         <name>portasm.obj</name>
      </input_file>
      <input_file id="fl-13">
         <path>.\third_party\FreeRTOS\Source\portable\MemMang\</path>
         <kind>object</kind>
         <file>heap_2.obj</file>
         <name>heap_2.obj</name>
      </input_file>
      <input_file id="fl-14">
         <path>.\utils\</path>
         <kind>object</kind>
         <file>uartstdio.obj</file>
         <name>uartstdio.obj</name>
      </input_file>
      <input_file id="fl-15">
         <path>.\utils\</path>
         <kind>object</kind>
         <file>ustdlib.obj</file>
         <name>ustdlib.obj</name>
      </input_file>
      <input_file id="fl-13c">
         <path>C:\ti\ccs1250\ccs\tools\compiler\ti-cgt-arm_5.2.6\lib\</path>
         <kind>archive</kind>
         <file>rtsv7M4_T_le_v4SPD16_eabi.lib</file>
         <name>boot.obj</name>
      </input_file>
      <input_file id="fl-13d">
         <path>C:\ti\ccs1250\ccs\tools\compiler\ti-cgt-arm_5.2.6\lib\</path>
         <kind>archive</kind>
         <file>rtsv7M4_T_le_v4SPD16_eabi.lib</file>
         <name>copy_decompress_none.obj</name>
      </input_file>
      <input_file id="fl-13e">
         <path>C:\ti\ccs1250\ccs\tools\compiler\ti-cgt-arm_5.2.6\lib\</path>
         <kind>archive</kind>
         <file>rtsv7M4_T_le_v4SPD16_eabi.lib</file>
         <name>copy_decompress_rle.obj</name>
      </input_file>
      <input_file id="fl-13f">
         <path>C:\ti\ccs1250\ccs\tools\compiler\ti-cgt-arm_5.2.6\lib\</path>
         <kind>archive</kind>
         <file>rtsv7M4_T_le_v4SPD16_eabi.lib</file>
         <name>copy_zero_init.obj</name>
      </input_file>
      <input_file id="fl-140">
         <path>C:\ti\ccs1250\ccs\tools\compiler\ti-cgt-arm_5.2.6\lib\</path>
         <kind>archive</kind>
         <file>rtsv7M4_T_le_v4SPD16_eabi.lib</file>
         <name>exit.obj</name>
      </input_file>
      <input_file id="fl-141">
         <path>C:\ti\ccs1250\ccs\tools\compiler\ti-cgt-arm_5.2.6\lib\</path>
         <kind>archive</kind>
         <file>rtsv7M4_T_le_v4SPD16_eabi.lib</file>
         <name>fd_mul_t2.obj</name>
      </input_file>
      <input_file id="fl-142">
         <path>C:\ti\ccs1250\ccs\tools\compiler\ti-cgt-arm_5.2.6\lib\</path>
         <kind>archive</kind>
         <file>rtsv7M4_T_le_v4SPD16_eabi.lib</file>
         <name>fd_tos_t2.obj</name>
      </input_file>
      <input_file id="fl-143">
         <path>C:\ti\ccs1250\ccs\tools\compiler\ti-cgt-arm_5.2.6\lib\</path>
         <kind>archive</kind>
         <file>rtsv7M4_T_le_v4SPD16_eabi.lib</file>
         <name>fs_tod_t2.obj</name>
      </input_file>
      <input_file id="fl-144">
         <path>C:\ti\ccs1250\ccs\tools\compiler\ti-cgt-arm_5.2.6\lib\</path>
         <kind>archive</kind>
         <file>rtsv7M4_T_le_v4SPD16_eabi.lib</file>
         <name>fs_toull_t2.obj</name>
      </input_file>
      <input_file id="fl-145">
         <path>C:\ti\ccs1250\ccs\tools\compiler\ti-cgt-arm_5.2.6\lib\</path>
         <kind>archive</kind>
         <file>rtsv7M4_T_le_v4SPD16_eabi.lib</file>
         <name>i_tofd_t2.obj</name>
      </input_file>
      <input_file id="fl-146">
         <path>C:\ti\ccs1250\ccs\tools\compiler\ti-cgt-arm_5.2.6\lib\</path>
         <kind>archive</kind>
         <file>rtsv7M4_T_le_v4SPD16_eabi.lib</file>
         <name>memcpy_t2.obj</name>
      </input_file>
      <input_file id="fl-147">
         <path>C:\ti\ccs1250\ccs\tools\compiler\ti-cgt-arm_5.2.6\lib\</path>
         <kind>archive</kind>
         <file>rtsv7M4_T_le_v4SPD16_eabi.lib</file>
         <name>memset_t2.obj</name>
      </input_file>
      <input_file id="fl-148">
         <path>C:\ti\ccs1250\ccs\tools\compiler\ti-cgt-arm_5.2.6\lib\</path>
         <kind>archive</kind>
         <file>rtsv7M4_T_le_v4SPD16_eabi.lib</file>
         <name>pow.obj</name>
      </input_file>
      <input_file id="fl-149">
         <path>C:\ti\ccs1250\ccs\tools\compiler\ti-cgt-arm_5.2.6\lib\</path>
         <kind>archive</kind>
         <file>rtsv7M4_T_le_v4SPD16_eabi.lib</file>
         <name>pre_init.obj</name>
      </input_file>
      <input_file id="fl-14a">
         <path>C:\ti\ccs1250\ccs\tools\compiler\ti-cgt-arm_5.2.6\lib\</path>
         <kind>archive</kind>
         <file>rtsv7M4_T_le_v4SPD16_eabi.lib</file>
         <name>printf.obj</name>
      </input_file>
      <input_file id="fl-14b">
         <path>C:\ti\ccs1250\ccs\tools\compiler\ti-cgt-arm_5.2.6\lib\</path>
         <kind>archive</kind>
         <file>rtsv7M4_T_le_v4SPD16_eabi.lib</file>
         <name>stkdepth_vars.obj</name>
      </input_file>
      <input_file id="fl-14c">
         <path>C:\ti\ccs1250\ccs\tools\compiler\ti-cgt-arm_5.2.6\lib\</path>
         <kind>archive</kind>
         <file>rtsv7M4_T_le_v4SPD16_eabi.lib</file>
         <name>strtod.obj</name>
      </input_file>
      <input_file id="fl-14d">
         <path>C:\ti\ccs1250\ccs\tools\compiler\ti-cgt-arm_5.2.6\lib\</path>
         <kind>archive</kind>
         <file>rtsv7M4_T_le_v4SPD16_eabi.lib</file>
         <name>u_divt2.obj</name>
      </input_file>
      <input_file id="fl-14e">
         <path>C:\ti\ccs1250\ccs\tools\compiler\ti-cgt-arm_5.2.6\lib\</path>
         <kind>archive</kind>
         <file>rtsv7M4_T_le_v4SPD16_eabi.lib</file>
         <name>xdint.obj</name>
      </input_file>
      <input_file id="fl-14f">
         <path>C:\ti\ccs1250\ccs\tools\compiler\ti-cgt-arm_5.2.6\lib\</path>
         <kind>archive</kind>
         <file>rtsv7M4_T_le_v4SPD16_eabi.lib</file>
         <name>xdunscal.obj</name>
      </input_file>
      <input_file id="fl-150">
         <path>C:\ti\ccs1250\ccs\tools\compiler\ti-cgt-arm_5.2.6\lib\</path>
         <kind>archive</kind>
         <file>rtsv7M4_T_le_v4SPD16_eabi.lib</file>
         <name>xexp.obj</name>
      </input_file>
      <input_file id="fl-151">
         <path>C:\ti\ccs1250\ccs\tools\compiler\ti-cgt-arm_5.2.6\lib\</path>
         <kind>archive</kind>
         <file>rtsv7M4_T_le_v4SPD16_eabi.lib</file>
         <name>xferaise.obj</name>
      </input_file>
      <input_file id="fl-152">
         <path>C:\ti\ccs1250\ccs\tools\compiler\ti-cgt-arm_5.2.6\lib\</path>
         <kind>archive</kind>
         <file>rtsv7M4_T_le_v4SPD16_eabi.lib</file>
         <name>xvalues.obj</name>
      </input_file>
      <input_file id="fl-153">
         <path>C:\ti\ccs1250\ccs\tools\compiler\ti-cgt-arm_5.2.6\lib\</path>
         <kind>archive</kind>
         <file>rtsv7M4_T_le_v4SPD16_eabi.lib</file>
         <name>_lock.obj</name>
      </input_file>
      <input_file id="fl-154">
         <path>C:\ti\ccs1250\ccs\tools\compiler\ti-cgt-arm_5.2.6\lib\</path>
         <kind>archive</kind>
         <file>rtsv7M4_T_le_v4SPD16_eabi.lib</file>
         <name>_printfi.obj</name>
      </input_file>
      <input_file id="fl-155">
         <path>C:\ti\ccs1250\ccs\tools\compiler\ti-cgt-arm_5.2.6\lib\</path>
         <kind>archive</kind>
         <file>rtsv7M4_T_le_v4SPD16_eabi.lib</file>
         <name>args_main.obj</name>
      </input_file>
      <input_file id="fl-156">
         <path>C:\ti\ccs1250\ccs\tools\compiler\ti-cgt-arm_5.2.6\lib\</path>
         <kind>archive</kind>
         <file>rtsv7M4_T_le_v4SPD16_eabi.lib</file>
         <name>atoi.obj</name>
      </input_file>
      <input_file id="fl-157">
         <path>C:\ti\ccs1250\ccs\tools\compiler\ti-cgt-arm_5.2.6\lib\</path>
         <kind>archive</kind>
         <file>rtsv7M4_T_le_v4SPD16_eabi.lib</file>
         <name>autoinit.obj</name>
      </input_file>
      <input_file id="fl-158">
         <path>C:\ti\ccs1250\ccs\tools\compiler\ti-cgt-arm_5.2.6\lib\</path>
         <kind>archive</kind>
         <file>rtsv7M4_T_le_v4SPD16_eabi.lib</file>
         <name>cpy_tbl.obj</name>
      </input_file>
      <input_file id="fl-159">
         <path>C:\ti\ccs1250\ccs\tools\compiler\ti-cgt-arm_5.2.6\lib\</path>
         <kind>archive</kind>
         <file>rtsv7M4_T_le_v4SPD16_eabi.lib</file>
         <name>ctype.obj</name>
      </input_file>
      <input_file id="fl-15a">
         <path>C:\ti\ccs1250\ccs\tools\compiler\ti-cgt-arm_5.2.6\lib\</path>
         <kind>archive</kind>
         <file>rtsv7M4_T_le_v4SPD16_eabi.lib</file>
         <name>defs.obj</name>
      </input_file>
      <input_file id="fl-15b">
         <path>C:\ti\ccs1250\ccs\tools\compiler\ti-cgt-arm_5.2.6\lib\</path>
         <kind>archive</kind>
         <file>rtsv7M4_T_le_v4SPD16_eabi.lib</file>
         <name>errno.obj</name>
      </input_file>
      <input_file id="fl-15c">
         <path>C:\ti\ccs1250\ccs\tools\compiler\ti-cgt-arm_5.2.6\lib\</path>
         <kind>archive</kind>
         <file>rtsv7M4_T_le_v4SPD16_eabi.lib</file>
         <name>fd_add_t2.obj</name>
      </input_file>
      <input_file id="fl-15d">
         <path>C:\ti\ccs1250\ccs\tools\compiler\ti-cgt-arm_5.2.6\lib\</path>
         <kind>archive</kind>
         <file>rtsv7M4_T_le_v4SPD16_eabi.lib</file>
         <name>fd_cmp_t2.obj</name>
      </input_file>
      <input_file id="fl-15e">
         <path>C:\ti\ccs1250\ccs\tools\compiler\ti-cgt-arm_5.2.6\lib\</path>
         <kind>archive</kind>
         <file>rtsv7M4_T_le_v4SPD16_eabi.lib</file>
         <name>fd_div_t2.obj</name>
      </input_file>
      <input_file id="fl-15f">
         <path>C:\ti\ccs1250\ccs\tools\compiler\ti-cgt-arm_5.2.6\lib\</path>
         <kind>archive</kind>
         <file>rtsv7M4_T_le_v4SPD16_eabi.lib</file>
         <name>fd_toi_t2.obj</name>
      </input_file>
      <input_file id="fl-160">
         <path>C:\ti\ccs1250\ccs\tools\compiler\ti-cgt-arm_5.2.6\lib\</path>
         <kind>archive</kind>
         <file>rtsv7M4_T_le_v4SPD16_eabi.lib</file>
         <name>feraiseexcept.obj</name>
      </input_file>
      <input_file id="fl-161">
         <path>C:\ti\ccs1250\ccs\tools\compiler\ti-cgt-arm_5.2.6\lib\</path>
         <kind>archive</kind>
         <file>rtsv7M4_T_le_v4SPD16_eabi.lib</file>
         <name>fputc.obj</name>
      </input_file>
      <input_file id="fl-162">
         <path>C:\ti\ccs1250\ccs\tools\compiler\ti-cgt-arm_5.2.6\lib\</path>
         <kind>archive</kind>
         <file>rtsv7M4_T_le_v4SPD16_eabi.lib</file>
         <name>fputs.obj</name>
      </input_file>
      <input_file id="fl-163">
         <path>C:\ti\ccs1250\ccs\tools\compiler\ti-cgt-arm_5.2.6\lib\</path>
         <kind>archive</kind>
         <file>rtsv7M4_T_le_v4SPD16_eabi.lib</file>
         <name>frexp.obj</name>
      </input_file>
      <input_file id="fl-164">
         <path>C:\ti\ccs1250\ccs\tools\compiler\ti-cgt-arm_5.2.6\lib\</path>
         <kind>archive</kind>
         <file>rtsv7M4_T_le_v4SPD16_eabi.lib</file>
         <name>i_div0.obj</name>
      </input_file>
      <input_file id="fl-165">
         <path>C:\ti\ccs1250\ccs\tools\compiler\ti-cgt-arm_5.2.6\lib\</path>
         <kind>archive</kind>
         <file>rtsv7M4_T_le_v4SPD16_eabi.lib</file>
         <name>ldexp.obj</name>
      </input_file>
      <input_file id="fl-166">
         <path>C:\ti\ccs1250\ccs\tools\compiler\ti-cgt-arm_5.2.6\lib\</path>
         <kind>archive</kind>
         <file>rtsv7M4_T_le_v4SPD16_eabi.lib</file>
         <name>log.obj</name>
      </input_file>
      <input_file id="fl-167">
         <path>C:\ti\ccs1250\ccs\tools\compiler\ti-cgt-arm_5.2.6\lib\</path>
         <kind>archive</kind>
         <file>rtsv7M4_T_le_v4SPD16_eabi.lib</file>
         <name>lowlev.obj</name>
      </input_file>
      <input_file id="fl-168">
         <path>C:\ti\ccs1250\ccs\tools\compiler\ti-cgt-arm_5.2.6\lib\</path>
         <kind>archive</kind>
         <file>rtsv7M4_T_le_v4SPD16_eabi.lib</file>
         <name>ltoa.obj</name>
      </input_file>
      <input_file id="fl-169">
         <path>C:\ti\ccs1250\ccs\tools\compiler\ti-cgt-arm_5.2.6\lib\</path>
         <kind>archive</kind>
         <file>rtsv7M4_T_le_v4SPD16_eabi.lib</file>
         <name>memccpy.obj</name>
      </input_file>
      <input_file id="fl-16a">
         <path>C:\ti\ccs1250\ccs\tools\compiler\ti-cgt-arm_5.2.6\lib\</path>
         <kind>archive</kind>
         <file>rtsv7M4_T_le_v4SPD16_eabi.lib</file>
         <name>memchr.obj</name>
      </input_file>
      <input_file id="fl-16b">
         <path>C:\ti\ccs1250\ccs\tools\compiler\ti-cgt-arm_5.2.6\lib\</path>
         <kind>archive</kind>
         <file>rtsv7M4_T_le_v4SPD16_eabi.lib</file>
         <name>raise.obj</name>
      </input_file>
      <input_file id="fl-16c">
         <path>C:\ti\ccs1250\ccs\tools\compiler\ti-cgt-arm_5.2.6\lib\</path>
         <kind>archive</kind>
         <file>rtsv7M4_T_le_v4SPD16_eabi.lib</file>
         <name>signal.obj</name>
      </input_file>
      <input_file id="fl-16d">
         <path>C:\ti\ccs1250\ccs\tools\compiler\ti-cgt-arm_5.2.6\lib\</path>
         <kind>archive</kind>
         <file>rtsv7M4_T_le_v4SPD16_eabi.lib</file>
         <name>strchr.obj</name>
      </input_file>
      <input_file id="fl-16e">
         <path>C:\ti\ccs1250\ccs\tools\compiler\ti-cgt-arm_5.2.6\lib\</path>
         <kind>archive</kind>
         <file>rtsv7M4_T_le_v4SPD16_eabi.lib</file>
         <name>strcmp.obj</name>
      </input_file>
      <input_file id="fl-16f">
         <path>C:\ti\ccs1250\ccs\tools\compiler\ti-cgt-arm_5.2.6\lib\</path>
         <kind>archive</kind>
         <file>rtsv7M4_T_le_v4SPD16_eabi.lib</file>
         <name>strlen.obj</name>
      </input_file>
      <input_file id="fl-170">
         <path>C:\ti\ccs1250\ccs\tools\compiler\ti-cgt-arm_5.2.6\lib\</path>
         <kind>archive</kind>
         <file>rtsv7M4_T_le_v4SPD16_eabi.lib</file>
         <name>strncpy.obj</name>
      </input_file>
      <input_file id="fl-171">
         <path>C:\ti\ccs1250\ccs\tools\compiler\ti-cgt-arm_5.2.6\lib\</path>
         <kind>archive</kind>
         <file>rtsv7M4_T_le_v4SPD16_eabi.lib</file>
         <name>trgdrv.obj</name>
      </input_file>
      <input_file id="fl-172">
         <path>C:\ti\ccs1250\ccs\tools\compiler\ti-cgt-arm_5.2.6\lib\</path>
         <kind>archive</kind>
         <file>rtsv7M4_T_le_v4SPD16_eabi.lib</file>
         <name>trgmsg.obj</name>
      </input_file>
      <input_file id="fl-173">
         <path>C:\ti\ccs1250\ccs\tools\compiler\ti-cgt-arm_5.2.6\lib\</path>
         <kind>archive</kind>
         <file>rtsv7M4_T_le_v4SPD16_eabi.lib</file>
         <name>ull_div_t2.obj</name>
      </input_file>
      <input_file id="fl-174">
         <path>C:\ti\ccs1250\ccs\tools\compiler\ti-cgt-arm_5.2.6\lib\</path>
         <kind>archive</kind>
         <file>rtsv7M4_T_le_v4SPD16_eabi.lib</file>
         <name>xdclass.obj</name>
      </input_file>
      <input_file id="fl-175">
         <path>C:\ti\ccs1250\ccs\tools\compiler\ti-cgt-arm_5.2.6\lib\</path>
         <kind>archive</kind>
         <file>rtsv7M4_T_le_v4SPD16_eabi.lib</file>
         <name>xdnorm.obj</name>
      </input_file>
      <input_file id="fl-176">
         <path>C:\ti\ccs1250\ccs\tools\compiler\ti-cgt-arm_5.2.6\lib\</path>
         <kind>archive</kind>
         <file>rtsv7M4_T_le_v4SPD16_eabi.lib</file>
         <name>xdscale.obj</name>
      </input_file>
      <input_file id="fl-177">
         <path>C:\ti\ccs1250\ccs\tools\compiler\ti-cgt-arm_5.2.6\lib\</path>
         <kind>archive</kind>
         <file>rtsv7M4_T_le_v4SPD16_eabi.lib</file>
         <name>xlog.obj</name>
      </input_file>
      <input_file id="fl-178">
         <path>C:\ti\ccs1250\ccs\tools\compiler\ti-cgt-arm_5.2.6\lib\</path>
         <kind>archive</kind>
         <file>rtsv7M4_T_le_v4SPD16_eabi.lib</file>
         <name>_io_perm.obj</name>
      </input_file>
      <input_file id="fl-179">
         <path>C:\ti\ccs1250\ccs\tools\compiler\ti-cgt-arm_5.2.6\lib\</path>
         <kind>archive</kind>
         <file>rtsv7M4_T_le_v4SPD16_eabi.lib</file>
         <name>fflush.obj</name>
      </input_file>
      <input_file id="fl-17a">
         <path>C:\ti\ccs1250\ccs\tools\compiler\ti-cgt-arm_5.2.6\lib\</path>
         <kind>archive</kind>
         <file>rtsv7M4_T_le_v4SPD16_eabi.lib</file>
         <name>fseek.obj</name>
      </input_file>
      <input_file id="fl-17b">
         <path>C:\ti\ccs1250\ccs\tools\compiler\ti-cgt-arm_5.2.6\lib\</path>
         <kind>archive</kind>
         <file>rtsv7M4_T_le_v4SPD16_eabi.lib</file>
         <name>setvbuf.obj</name>
      </input_file>
      <input_file id="fl-17c">
         <path>C:\ti\ccs1250\ccs\tools\compiler\ti-cgt-arm_5.2.6\lib\</path>
         <kind>archive</kind>
         <file>rtsv7M4_T_le_v4SPD16_eabi.lib</file>
         <name>strcpy.obj</name>
      </input_file>
      <input_file id="fl-17d">
         <path>C:\ti\ccs1250\ccs\tools\compiler\ti-cgt-arm_5.2.6\lib\</path>
         <kind>archive</kind>
         <file>rtsv7M4_T_le_v4SPD16_eabi.lib</file>
         <name>xfvalues.obj</name>
      </input_file>
      <input_file id="fl-17e">
         <path>C:\ti\ccs1250\ccs\tools\compiler\ti-cgt-arm_5.2.6\lib\</path>
         <kind>archive</kind>
         <file>rtsv7M4_T_le_v4SPD16_eabi.lib</file>
         <name>fopen.obj</name>
      </input_file>
      <input_file id="fl-17f">
         <path>C:\ti\ccs1250\ccs\tools\compiler\ti-cgt-arm_5.2.6\lib\</path>
         <kind>archive</kind>
         <file>rtsv7M4_T_le_v4SPD16_eabi.lib</file>
         <name>memory.obj</name>
      </input_file>
      <input_file id="fl-180">
         <path>C:\ti\ccs1250\ccs\tools\compiler\ti-cgt-arm_5.2.6\lib\</path>
         <kind>archive</kind>
         <file>rtsv7M4_T_le_v4SPD16_eabi.lib</file>
         <name>fclose.obj</name>
      </input_file>
      <input_file id="fl-181">
         <path>C:\ti\ccs1250\ccs\tools\compiler\ti-cgt-arm_5.2.6\lib\</path>
         <kind>archive</kind>
         <file>rtsv7M4_T_le_v4SPD16_eabi.lib</file>
         <name>remove.obj</name>
      </input_file>
      <input_file id="fl-182">
         <path>C:\ti\tivaware_c_series_2_1_4_178\driverlib\ccs\Debug\</path>
         <kind>archive</kind>
         <file>driverlib.lib</file>
         <name>gpio.obj</name>
      </input_file>
      <input_file id="fl-183">
         <path>C:\ti\tivaware_c_series_2_1_4_178\driverlib\ccs\Debug\</path>
         <kind>archive</kind>
         <file>driverlib.lib</file>
         <name>i2c.obj</name>
      </input_file>
      <input_file id="fl-184">
         <path>C:\ti\tivaware_c_series_2_1_4_178\driverlib\ccs\Debug\</path>
         <kind>archive</kind>
         <file>driverlib.lib</file>
         <name>interrupt.obj</name>
      </input_file>
      <input_file id="fl-185">
         <path>C:\ti\tivaware_c_series_2_1_4_178\driverlib\ccs\Debug\</path>
         <kind>archive</kind>
         <file>driverlib.lib</file>
         <name>sysctl.obj</name>
      </input_file>
      <input_file id="fl-186">
         <path>C:\ti\tivaware_c_series_2_1_4_178\driverlib\ccs\Debug\</path>
         <kind>archive</kind>
         <file>driverlib.lib</file>
         <name>timer.obj</name>
      </input_file>
      <input_file id="fl-187">
         <path>C:\ti\tivaware_c_series_2_1_4_178\driverlib\ccs\Debug\</path>
         <kind>archive</kind>
         <file>driverlib.lib</file>
         <name>uart.obj</name>
      </input_file>
      <input_file id="fl-188">
         <path>C:\ti\tivaware_c_series_2_1_4_178\driverlib\ccs\Debug\</path>
         <kind>archive</kind>
         <file>driverlib.lib</file>
         <name>cpu.obj</name>
      </input_file>
   </input_file_list>
   <object_component_list>
      <object_component id="oc-f">
         <name>.intvecs</name>
         <load_address>0x0</load_address>
         <run_address>0x0</run_address>
         <size>0x26c</size>
         <input_file_ref idref="fl-b"/>
      </object_component>
      <object_component id="oc-28e">
         <name>.text</name>
         <load_address>0x26c</load_address>
         <run_address>0x26c</run_address>
         <size>0x10ba</size>
         <input_file_ref idref="fl-154"/>
      </object_component>
      <object_component id="oc-39">
         <name>.text:FaultISR</name>
         <load_address>0x1326</load_address>
         <run_address>0x1326</run_address>
         <size>0x2</size>
         <input_file_ref idref="fl-b"/>
      </object_component>
      <object_component id="oc-4cd">
         <name>.text</name>
         <load_address>0x1328</load_address>
         <run_address>0x1328</run_address>
         <size>0x498</size>
         <input_file_ref idref="fl-148"/>
      </object_component>
      <object_component id="oc-640">
         <name>.text</name>
         <load_address>0x17c0</load_address>
         <run_address>0x17c0</run_address>
         <size>0x3dc</size>
         <input_file_ref idref="fl-17f"/>
      </object_component>
      <object_component id="oc-182">
         <name>.text:keyboardTask</name>
         <load_address>0x1b9c</load_address>
         <run_address>0x1b9c</run_address>
         <size>0x39c</size>
         <input_file_ref idref="fl-2"/>
      </object_component>
      <object_component id="oc-3e6">
         <name>.text</name>
         <load_address>0x1f38</load_address>
         <run_address>0x1f38</run_address>
         <size>0x30c</size>
         <input_file_ref idref="fl-167"/>
      </object_component>
      <object_component id="oc-697">
         <name>.text</name>
         <load_address>0x2244</load_address>
         <run_address>0x2244</run_address>
         <size>0x2ec</size>
         <input_file_ref idref="fl-177"/>
      </object_component>
      <object_component id="oc-65d">
         <name>.text</name>
         <load_address>0x2530</load_address>
         <run_address>0x2530</run_address>
         <size>0x2d4</size>
         <input_file_ref idref="fl-171"/>
      </object_component>
      <object_component id="oc-235">
         <name>.text</name>
         <load_address>0x2804</load_address>
         <run_address>0x2804</run_address>
         <size>0x23c</size>
         <input_file_ref idref="fl-14c"/>
      </object_component>
      <object_component id="oc-609">
         <name>.text</name>
         <load_address>0x2a40</load_address>
         <run_address>0x2a40</run_address>
         <size>0x1fc</size>
         <input_file_ref idref="fl-150"/>
      </object_component>
      <object_component id="oc-3fc">
         <name>.text</name>
         <load_address>0x2c3c</load_address>
         <run_address>0x2c3c</run_address>
         <size>0x1f4</size>
         <input_file_ref idref="fl-173"/>
      </object_component>
      <object_component id="oc-2f4">
         <name>.text:packet_division</name>
         <load_address>0x2e30</load_address>
         <run_address>0x2e30</run_address>
         <size>0x1ec</size>
         <input_file_ref idref="fl-2"/>
      </object_component>
      <object_component id="oc-646">
         <name>.text</name>
         <load_address>0x301c</load_address>
         <run_address>0x301c</run_address>
         <size>0x1c4</size>
         <input_file_ref idref="fl-17e"/>
      </object_component>
      <object_component id="oc-368">
         <name>.text</name>
         <load_address>0x31e0</load_address>
         <run_address>0x31e0</run_address>
         <size>0x1b6</size>
         <input_file_ref idref="fl-15c"/>
      </object_component>
      <object_component id="oc-3f">
         <name>.text:IntDefaultHandler</name>
         <load_address>0x3396</load_address>
         <run_address>0x3396</run_address>
         <size>0x2</size>
         <input_file_ref idref="fl-b"/>
      </object_component>
      <object_component id="oc-159">
         <name>.text:date_init</name>
         <load_address>0x3398</load_address>
         <run_address>0x3398</run_address>
         <size>0x174</size>
         <input_file_ref idref="fl-8"/>
      </object_component>
      <object_component id="oc-d8">
         <name>.text:main</name>
         <load_address>0x350c</load_address>
         <run_address>0x350c</run_address>
         <size>0x158</size>
         <input_file_ref idref="fl-2"/>
      </object_component>
      <object_component id="oc-372">
         <name>.text</name>
         <load_address>0x3664</load_address>
         <run_address>0x3664</run_address>
         <size>0x136</size>
         <input_file_ref idref="fl-15e"/>
      </object_component>
      <object_component id="oc-33">
         <name>.text:NmiSR</name>
         <load_address>0x379a</load_address>
         <run_address>0x379a</run_address>
         <size>0x2</size>
         <input_file_ref idref="fl-b"/>
      </object_component>
      <object_component id="oc-288">
         <name>.text</name>
         <load_address>0x379c</load_address>
         <run_address>0x379c</run_address>
         <size>0x134</size>
         <input_file_ref idref="fl-162"/>
      </object_component>
      <object_component id="oc-338">
         <name>.text:GPIOPadConfigSet</name>
         <load_address>0x38d0</load_address>
         <run_address>0x38d0</run_address>
         <size>0x132</size>
         <input_file_ref idref="fl-182"/>
      </object_component>
      <object_component id="oc-103">
         <name>.text:vApplicationStackOverflowHook</name>
         <load_address>0x3a02</load_address>
         <run_address>0x3a02</run_address>
         <size>0x2</size>
         <input_file_ref idref="fl-2"/>
      </object_component>
      <object_component id="oc-2e2">
         <name>.text:xQueueGenericReceive</name>
         <load_address>0x3a04</load_address>
         <run_address>0x3a04</run_address>
         <size>0x11c</size>
         <input_file_ref idref="fl-f"/>
      </object_component>
      <object_component id="oc-20e">
         <name>.text:SysCtlClockGet</name>
         <load_address>0x3b20</load_address>
         <run_address>0x3b20</run_address>
         <size>0x110</size>
         <input_file_ref idref="fl-185"/>
      </object_component>
      <object_component id="oc-5ae">
         <name>.text</name>
         <load_address>0x3c30</load_address>
         <run_address>0x3c30</run_address>
         <size>0x110</size>
         <input_file_ref idref="fl-176"/>
      </object_component>
      <object_component id="oc-171">
         <name>.text:xTaskGenericCreate</name>
         <load_address>0x3d40</load_address>
         <run_address>0x3d40</run_address>
         <size>0x104</size>
         <input_file_ref idref="fl-10"/>
      </object_component>
      <object_component id="oc-a9">
         <name>.text:xTaskIncrementTick</name>
         <load_address>0x3e44</load_address>
         <run_address>0x3e44</run_address>
         <size>0x104</size>
         <input_file_ref idref="fl-10"/>
      </object_component>
      <object_component id="oc-363">
         <name>.text</name>
         <load_address>0x3f48</load_address>
         <run_address>0x3f48</run_address>
         <size>0xfc</size>
         <input_file_ref idref="fl-141"/>
      </object_component>
      <object_component id="oc-2ee">
         <name>.text:xQueueGenericSend</name>
         <load_address>0x4044</load_address>
         <run_address>0x4044</run_address>
         <size>0xe8</size>
         <input_file_ref idref="fl-f"/>
      </object_component>
      <object_component id="oc-3b8">
         <name>.text:xTaskResumeAll</name>
         <load_address>0x412c</load_address>
         <run_address>0x412c</run_address>
         <size>0xe4</size>
         <input_file_ref idref="fl-10"/>
      </object_component>
      <object_component id="oc-574">
         <name>.text</name>
         <load_address>0x4210</load_address>
         <run_address>0x4210</run_address>
         <size>0xdc</size>
         <input_file_ref idref="fl-17b"/>
      </object_component>
      <object_component id="oc-45">
         <name>.text</name>
         <load_address>0x42ec</load_address>
         <run_address>0x42ec</run_address>
         <size>0xd2</size>
         <input_file_ref idref="fl-12"/>
      </object_component>
      <object_component id="oc-3e0">
         <name>.text</name>
         <load_address>0x43c0</load_address>
         <run_address>0x43c0</run_address>
         <size>0xc8</size>
         <input_file_ref idref="fl-179"/>
      </object_component>
      <object_component id="oc-5fd">
         <name>.text</name>
         <load_address>0x4488</load_address>
         <run_address>0x4488</run_address>
         <size>0xc0</size>
         <input_file_ref idref="fl-14e"/>
      </object_component>
      <object_component id="oc-672">
         <name>.text</name>
         <load_address>0x4548</load_address>
         <run_address>0x4548</run_address>
         <size>0xbe</size>
         <input_file_ref idref="fl-175"/>
      </object_component>
      <object_component id="oc-26f">
         <name>.text:pvPortMalloc</name>
         <load_address>0x4608</load_address>
         <run_address>0x4608</run_address>
         <size>0xac</size>
         <input_file_ref idref="fl-13"/>
      </object_component>
      <object_component id="oc-3da">
         <name>.text</name>
         <load_address>0x46b4</load_address>
         <run_address>0x46b4</run_address>
         <size>0xac</size>
         <input_file_ref idref="fl-178"/>
      </object_component>
      <object_component id="oc-53">
         <name>.text</name>
         <load_address>0x4760</load_address>
         <run_address>0x4760</run_address>
         <size>0x9c</size>
         <input_file_ref idref="fl-146"/>
      </object_component>
      <object_component id="oc-268">
         <name>.text:add_second</name>
         <load_address>0x47fc</load_address>
         <run_address>0x47fc</run_address>
         <size>0x98</size>
         <input_file_ref idref="fl-8"/>
      </object_component>
      <object_component id="oc-6b9">
         <name>.text</name>
         <load_address>0x4894</load_address>
         <run_address>0x4894</run_address>
         <size>0x98</size>
         <input_file_ref idref="fl-180"/>
      </object_component>
      <object_component id="oc-282">
         <name>.text</name>
         <load_address>0x492c</load_address>
         <run_address>0x492c</run_address>
         <size>0x98</size>
         <input_file_ref idref="fl-161"/>
      </object_component>
      <object_component id="oc-4a9">
         <name>.text:vTaskPriorityInherit</name>
         <load_address>0x49c4</load_address>
         <run_address>0x49c4</run_address>
         <size>0x94</size>
         <input_file_ref idref="fl-10"/>
      </object_component>
      <object_component id="oc-2dc">
         <name>.text:keyboard_reader</name>
         <load_address>0x4a58</load_address>
         <run_address>0x4a58</run_address>
         <size>0x90</size>
         <input_file_ref idref="fl-9"/>
      </object_component>
      <object_component id="oc-a2">
         <name>.text:vTaskSwitchContext</name>
         <load_address>0x4ae8</load_address>
         <run_address>0x4ae8</run_address>
         <size>0x8c</size>
         <input_file_ref idref="fl-10"/>
      </object_component>
      <object_component id="oc-36d">
         <name>.text:__aeabi_cdcmple</name>
         <load_address>0x4b74</load_address>
         <run_address>0x4b74</run_address>
         <size>0x86</size>
         <input_file_ref idref="fl-15d"/>
      </object_component>
      <object_component id="oc-401">
         <name>.text:__aeabi_cdrcmple</name>
         <load_address>0x4bfa</load_address>
         <run_address>0x4bfa</run_address>
         <size>0x86</size>
         <input_file_ref idref="fl-15d"/>
      </object_component>
      <object_component id="oc-2e8">
         <name>.text:ftoa</name>
         <load_address>0x4c80</load_address>
         <run_address>0x4c80</run_address>
         <size>0x84</size>
         <input_file_ref idref="fl-6"/>
      </object_component>
      <object_component id="oc-275">
         <name>.text:xQueueGenericReset</name>
         <load_address>0x4d04</load_address>
         <run_address>0x4d04</run_address>
         <size>0x84</size>
         <input_file_ref idref="fl-f"/>
      </object_component>
      <object_component id="oc-194">
         <name>.text:uartTask</name>
         <load_address>0x4d88</load_address>
         <run_address>0x4d88</run_address>
         <size>0x80</size>
         <input_file_ref idref="fl-2"/>
      </object_component>
      <object_component id="oc-617">
         <name>.text:xTaskPriorityDisinherit</name>
         <load_address>0x4e08</load_address>
         <run_address>0x4e08</run_address>
         <size>0x7c</size>
         <input_file_ref idref="fl-10"/>
      </object_component>
      <object_component id="oc-6c">
         <name>.text</name>
         <load_address>0x4e84</load_address>
         <run_address>0x4e84</run_address>
         <size>0x7a</size>
         <input_file_ref idref="fl-147"/>
      </object_component>
      <object_component id="oc-3c6">
         <name>.text:xTaskRemoveFromEventList</name>
         <load_address>0x4f00</load_address>
         <run_address>0x4f00</run_address>
         <size>0x74</size>
         <input_file_ref idref="fl-10"/>
      </object_component>
      <object_component id="oc-4db">
         <name>.text:prvCopyDataToQueue</name>
         <load_address>0x4f74</load_address>
         <run_address>0x4f74</run_address>
         <size>0x72</size>
         <input_file_ref idref="fl-f"/>
      </object_component>
      <object_component id="oc-16b">
         <name>.text</name>
         <load_address>0x4fe8</load_address>
         <run_address>0x4fe8</run_address>
         <size>0x70</size>
         <input_file_ref idref="fl-14a"/>
      </object_component>
      <object_component id="oc-23b">
         <name>.text</name>
         <load_address>0x5058</load_address>
         <run_address>0x5058</run_address>
         <size>0x6e</size>
         <input_file_ref idref="fl-142"/>
      </object_component>
      <object_component id="oc-302">
         <name>.text:I2Cinit</name>
         <load_address>0x50c8</load_address>
         <run_address>0x50c8</run_address>
         <size>0x6c</size>
         <input_file_ref idref="fl-3"/>
      </object_component>
      <object_component id="oc-7e">
         <name>.text</name>
         <load_address>0x5134</load_address>
         <run_address>0x5134</run_address>
         <size>0x6c</size>
         <input_file_ref idref="fl-157"/>
      </object_component>
      <object_component id="oc-5f">
         <name>.text</name>
         <load_address>0x51a0</load_address>
         <run_address>0x51a0</run_address>
         <size>0x6a</size>
         <input_file_ref idref="fl-13e"/>
      </object_component>
      <object_component id="oc-396">
         <name>.text:IntEnable</name>
         <load_address>0x520c</load_address>
         <run_address>0x520c</run_address>
         <size>0x68</size>
         <input_file_ref idref="fl-184"/>
      </object_component>
      <object_component id="oc-147">
         <name>.text:UART_init</name>
         <load_address>0x5274</load_address>
         <run_address>0x5274</run_address>
         <size>0x68</size>
         <input_file_ref idref="fl-5"/>
      </object_component>
      <object_component id="oc-6c8">
         <name>.text</name>
         <load_address>0x52dc</load_address>
         <run_address>0x52dc</run_address>
         <size>0x68</size>
         <input_file_ref idref="fl-172"/>
      </object_component>
      <object_component id="oc-5a6">
         <name>.text</name>
         <load_address>0x5344</load_address>
         <run_address>0x5344</run_address>
         <size>0x66</size>
         <input_file_ref idref="fl-14f"/>
      </object_component>
      <object_component id="oc-56e">
         <name>.text</name>
         <load_address>0x53ac</load_address>
         <run_address>0x53ac</run_address>
         <size>0x64</size>
         <input_file_ref idref="fl-17a"/>
      </object_component>
      <object_component id="oc-4af">
         <name>.text:vTaskPlaceOnEventList</name>
         <load_address>0x5410</load_address>
         <run_address>0x5410</run_address>
         <size>0x64</size>
         <input_file_ref idref="fl-10"/>
      </object_component>
      <object_component id="oc-49d">
         <name>.text:prvUnlockQueue</name>
         <load_address>0x5474</load_address>
         <run_address>0x5474</run_address>
         <size>0x62</size>
         <input_file_ref idref="fl-f"/>
      </object_component>
      <object_component id="oc-244">
         <name>.text:TimerConfigure</name>
         <load_address>0x54d8</load_address>
         <run_address>0x54d8</run_address>
         <size>0x60</size>
         <input_file_ref idref="fl-186"/>
      </object_component>
      <object_component id="oc-2b6">
         <name>.text:prvInitialiseTaskLists</name>
         <load_address>0x5538</load_address>
         <run_address>0x5538</run_address>
         <size>0x60</size>
         <input_file_ref idref="fl-10"/>
      </object_component>
      <object_component id="oc-177">
         <name>.text:vTaskStartScheduler</name>
         <load_address>0x5598</load_address>
         <run_address>0x5598</run_address>
         <size>0x60</size>
         <input_file_ref idref="fl-10"/>
      </object_component>
      <object_component id="oc-141">
         <name>.text:Lcd_Init</name>
         <load_address>0x55f8</load_address>
         <run_address>0x55f8</run_address>
         <size>0x5e</size>
         <input_file_ref idref="fl-4"/>
      </object_component>
      <object_component id="oc-2fa">
         <name>.text:Lcd_Write_Char</name>
         <load_address>0x5658</load_address>
         <run_address>0x5658</run_address>
         <size>0x5c</size>
         <input_file_ref idref="fl-4"/>
      </object_component>
      <object_component id="oc-18e">
         <name>.text:buzzerTask</name>
         <load_address>0x56b4</load_address>
         <run_address>0x56b4</run_address>
         <size>0x5c</size>
         <input_file_ref idref="fl-2"/>
      </object_component>
      <object_component id="oc-314">
         <name>.text:vTaskDelay</name>
         <load_address>0x5710</load_address>
         <run_address>0x5710</run_address>
         <size>0x5c</size>
         <input_file_ref idref="fl-10"/>
      </object_component>
      <object_component id="oc-47c">
         <name>.text:prvCheckTasksWaitingTermination</name>
         <load_address>0x576c</load_address>
         <run_address>0x576c</run_address>
         <size>0x58</size>
         <input_file_ref idref="fl-10"/>
      </object_component>
      <object_component id="oc-40b">
         <name>.text</name>
         <load_address>0x57c4</load_address>
         <run_address>0x57c4</run_address>
         <size>0x56</size>
         <input_file_ref idref="fl-168"/>
      </object_component>
      <object_component id="oc-30e">
         <name>.text:I2CReceiveTemp</name>
         <load_address>0x581c</load_address>
         <run_address>0x581c</run_address>
         <size>0x54</size>
         <input_file_ref idref="fl-3"/>
      </object_component>
      <object_component id="oc-1f4">
         <name>.text:Lcd_Port</name>
         <load_address>0x5870</load_address>
         <run_address>0x5870</run_address>
         <size>0x54</size>
         <input_file_ref idref="fl-4"/>
      </object_component>
      <object_component id="oc-2a4">
         <name>.text:prvInitialiseTCBVariables</name>
         <load_address>0x58c4</load_address>
         <run_address>0x58c4</run_address>
         <size>0x54</size>
         <input_file_ref idref="fl-10"/>
      </object_component>
      <object_component id="oc-497">
         <name>.text:xTaskCheckForTimeOut</name>
         <load_address>0x5918</load_address>
         <run_address>0x5918</run_address>
         <size>0x54</size>
         <input_file_ref idref="fl-10"/>
      </object_component>
      <object_component id="oc-41c">
         <name>.text</name>
         <load_address>0x596c</load_address>
         <run_address>0x596c</run_address>
         <size>0x52</size>
         <input_file_ref idref="fl-165"/>
      </object_component>
      <object_component id="oc-24">
         <name>.text</name>
         <load_address>0x59c0</load_address>
         <run_address>0x59c0</run_address>
         <size>0x50</size>
         <input_file_ref idref="fl-13c"/>
      </object_component>
      <object_component id="oc-4f0">
         <name>.text:I2CMasterInitExpClk</name>
         <load_address>0x5a10</load_address>
         <run_address>0x5a10</run_address>
         <size>0x4c</size>
         <input_file_ref idref="fl-183"/>
      </object_component>
      <object_component id="oc-38a">
         <name>.text:_TimerIntNumberGet</name>
         <load_address>0x5a5c</load_address>
         <run_address>0x5a5c</run_address>
         <size>0x4c</size>
         <input_file_ref idref="fl-186"/>
      </object_component>
      <object_component id="oc-51d">
         <name>.text:prvAddCurrentTaskToDelayedList</name>
         <load_address>0x5aa8</load_address>
         <run_address>0x5aa8</run_address>
         <size>0x4c</size>
         <input_file_ref idref="fl-10"/>
      </object_component>
      <object_component id="oc-434">
         <name>.text</name>
         <load_address>0x5af4</load_address>
         <run_address>0x5af4</run_address>
         <size>0x4c</size>
         <input_file_ref idref="fl-156"/>
      </object_component>
      <object_component id="oc-d0">
         <name>.text</name>
         <load_address>0x5b40</load_address>
         <run_address>0x5b40</run_address>
         <size>0x4c</size>
         <input_file_ref idref="fl-158"/>
      </object_component>
      <object_component id="oc-15f">
         <name>.text:timer_init</name>
         <load_address>0x5b8c</load_address>
         <run_address>0x5b8c</run_address>
         <size>0x4c</size>
         <input_file_ref idref="fl-8"/>
      </object_component>
      <object_component id="oc-208">
         <name>.text:GPIOPinConfigure</name>
         <load_address>0x5bd8</load_address>
         <run_address>0x5bd8</run_address>
         <size>0x48</size>
         <input_file_ref idref="fl-182"/>
      </object_component>
      <object_component id="oc-308">
         <name>.text:I2CSend</name>
         <load_address>0x5c20</load_address>
         <run_address>0x5c20</run_address>
         <size>0x48</size>
         <input_file_ref idref="fl-3"/>
      </object_component>
      <object_component id="oc-13b">
         <name>.text:Lcd_pin_Init</name>
         <load_address>0x5c68</load_address>
         <run_address>0x5c68</run_address>
         <size>0x48</size>
         <input_file_ref idref="fl-a"/>
      </object_component>
      <object_component id="oc-4c2">
         <name>.text:intToStr</name>
         <load_address>0x5cb0</load_address>
         <run_address>0x5cb0</run_address>
         <size>0x48</size>
         <input_file_ref idref="fl-6"/>
      </object_component>
      <object_component id="oc-14d">
         <name>.text:keyboard_init</name>
         <load_address>0x5cf8</load_address>
         <run_address>0x5cf8</run_address>
         <size>0x48</size>
         <input_file_ref idref="fl-9"/>
      </object_component>
      <object_component id="oc-406">
         <name>.text</name>
         <load_address>0x5d40</load_address>
         <run_address>0x5d40</run_address>
         <size>0x48</size>
         <input_file_ref idref="fl-15f"/>
      </object_component>
      <object_component id="oc-188">
         <name>.text:tempTask</name>
         <load_address>0x5d88</load_address>
         <run_address>0x5d88</run_address>
         <size>0x48</size>
         <input_file_ref idref="fl-2"/>
      </object_component>
      <object_component id="oc-214">
         <name>.text:UARTConfigSetExpClk</name>
         <load_address>0x5dd0</load_address>
         <run_address>0x5dd0</run_address>
         <size>0x46</size>
         <input_file_ref idref="fl-187"/>
      </object_component>
      <object_component id="oc-8a">
         <name>.text</name>
         <load_address>0x5e18</load_address>
         <run_address>0x5e18</run_address>
         <size>0x44</size>
         <input_file_ref idref="fl-140"/>
      </object_component>
      <object_component id="oc-455">
         <name>.text:vPortFree</name>
         <load_address>0x5e5c</load_address>
         <run_address>0x5e5c</run_address>
         <size>0x44</size>
         <input_file_ref idref="fl-13"/>
      </object_component>
      <object_component id="oc-1fb">
         <name>.text:Lcd_Cmd</name>
         <load_address>0x5ea0</load_address>
         <run_address>0x5ea0</run_address>
         <size>0x40</size>
         <input_file_ref idref="fl-4"/>
      </object_component>
      <object_component id="oc-70f">
         <name>.text</name>
         <load_address>0x5ee0</load_address>
         <run_address>0x5ee0</run_address>
         <size>0x40</size>
         <input_file_ref idref="fl-16c"/>
      </object_component>
      <object_component id="oc-2c3">
         <name>.text:xPortStartScheduler</name>
         <load_address>0x5f20</load_address>
         <run_address>0x5f20</run_address>
         <size>0x40</size>
         <input_file_ref idref="fl-11"/>
      </object_component>
      <object_component id="oc-165">
         <name>.text:xQueueGenericCreate</name>
         <load_address>0x5f60</load_address>
         <run_address>0x5f60</run_address>
         <size>0x3c</size>
         <input_file_ref idref="fl-f"/>
      </object_component>
      <object_component id="oc-29e">
         <name>.text:prvAllocateTCBAndStack</name>
         <load_address>0x5f9c</load_address>
         <run_address>0x5f9c</run_address>
         <size>0x3a</size>
         <input_file_ref idref="fl-10"/>
      </object_component>
      <object_component id="oc-1e6">
         <name>.text:SysCtlPeripheralReady</name>
         <load_address>0x5fd8</load_address>
         <run_address>0x5fd8</run_address>
         <size>0x38</size>
         <input_file_ref idref="fl-185"/>
      </object_component>
      <object_component id="oc-4c8">
         <name>.text</name>
         <load_address>0x6010</load_address>
         <run_address>0x6010</run_address>
         <size>0x38</size>
         <input_file_ref idref="fl-143"/>
      </object_component>
      <object_component id="oc-5ec">
         <name>.text:vListInsert</name>
         <load_address>0x6048</load_address>
         <run_address>0x6048</run_address>
         <size>0x38</size>
         <input_file_ref idref="fl-e"/>
      </object_component>
      <object_component id="oc-390">
         <name>.text:IntRegister</name>
         <load_address>0x6080</load_address>
         <run_address>0x6080</run_address>
         <size>0x34</size>
         <input_file_ref idref="fl-184"/>
      </object_component>
      <object_component id="oc-1e0">
         <name>.text:SysCtlPeripheralEnable</name>
         <load_address>0x60b4</load_address>
         <run_address>0x60b4</run_address>
         <size>0x34</size>
         <input_file_ref idref="fl-185"/>
      </object_component>
      <object_component id="oc-67e">
         <name>.text</name>
         <load_address>0x60e8</load_address>
         <run_address>0x60e8</run_address>
         <size>0x34</size>
         <input_file_ref idref="fl-160"/>
      </object_component>
      <object_component id="oc-3b2">
         <name>.text:prvHeapInit</name>
         <load_address>0x611c</load_address>
         <run_address>0x611c</run_address>
         <size>0x30</size>
         <input_file_ref idref="fl-13"/>
      </object_component>
      <object_component id="oc-587">
         <name>.text</name>
         <load_address>0x614c</load_address>
         <run_address>0x614c</run_address>
         <size>0x30</size>
         <input_file_ref idref="fl-170"/>
      </object_component>
      <object_component id="oc-428">
         <name>.text</name>
         <load_address>0x617c</load_address>
         <run_address>0x617c</run_address>
         <size>0x30</size>
         <input_file_ref idref="fl-174"/>
      </object_component>
      <object_component id="oc-5b4">
         <name>.text</name>
         <load_address>0x61ac</load_address>
         <run_address>0x61ac</run_address>
         <size>0x30</size>
         <input_file_ref idref="fl-151"/>
      </object_component>
      <object_component id="oc-411">
         <name>.text</name>
         <load_address>0x61dc</load_address>
         <run_address>0x61dc</run_address>
         <size>0x2e</size>
         <input_file_ref idref="fl-145"/>
      </object_component>
      <object_component id="oc-6e3">
         <name>.text</name>
         <load_address>0x620a</load_address>
         <run_address>0x620a</run_address>
         <size>0x2e</size>
         <input_file_ref idref="fl-16b"/>
      </object_component>
      <object_component id="oc-4a">
         <name>.text:xPortSysTickHandler</name>
         <load_address>0x6238</load_address>
         <run_address>0x6238</run_address>
         <size>0x2c</size>
         <input_file_ref idref="fl-11"/>
      </object_component>
      <object_component id="oc-33e">
         <name>.text:GPIODirModeSet</name>
         <load_address>0x6264</load_address>
         <run_address>0x6264</run_address>
         <size>0x2a</size>
         <input_file_ref idref="fl-182"/>
      </object_component>
      <object_component id="oc-416">
         <name>.text</name>
         <load_address>0x628e</load_address>
         <run_address>0x628e</run_address>
         <size>0x2a</size>
         <input_file_ref idref="fl-163"/>
      </object_component>
      <object_component id="oc-135">
         <name>.text:buzzer_init</name>
         <load_address>0x62b8</load_address>
         <run_address>0x62b8</run_address>
         <size>0x28</size>
         <input_file_ref idref="fl-7"/>
      </object_component>
      <object_component id="oc-10d">
         <name>.text:prvResetNextTaskUnblockTime</name>
         <load_address>0x62e0</load_address>
         <run_address>0x62e0</run_address>
         <size>0x28</size>
         <input_file_ref idref="fl-10"/>
      </object_component>
      <object_component id="oc-2aa">
         <name>.text:pxPortInitialiseStack</name>
         <load_address>0x6308</load_address>
         <run_address>0x6308</run_address>
         <size>0x28</size>
         <input_file_ref idref="fl-11"/>
      </object_component>
      <object_component id="oc-4b5">
         <name>.text:prvCopyDataFromQueue</name>
         <load_address>0x6330</load_address>
         <run_address>0x6330</run_address>
         <size>0x26</size>
         <input_file_ref idref="fl-f"/>
      </object_component>
      <object_component id="oc-5f5">
         <name>.text:reverse</name>
         <load_address>0x6356</load_address>
         <run_address>0x6356</run_address>
         <size>0x26</size>
         <input_file_ref idref="fl-6"/>
      </object_component>
      <object_component id="oc-229">
         <name>.text:Lcd_Set_Cursor</name>
         <load_address>0x637c</load_address>
         <run_address>0x637c</run_address>
         <size>0x22</size>
         <input_file_ref idref="fl-4"/>
      </object_component>
      <object_component id="oc-351">
         <name>.text:UARTDisable</name>
         <load_address>0x63a0</load_address>
         <run_address>0x63a0</run_address>
         <size>0x20</size>
         <input_file_ref idref="fl-187"/>
      </object_component>
      <object_component id="oc-3f4">
         <name>.text</name>
         <load_address>0x63c0</load_address>
         <run_address>0x63c0</run_address>
         <size>0x20</size>
         <input_file_ref idref="fl-16a"/>
      </object_component>
      <object_component id="oc-113">
         <name>.text:uxListRemove</name>
         <load_address>0x63e0</load_address>
         <run_address>0x63e0</run_address>
         <size>0x20</size>
         <input_file_ref idref="fl-e"/>
      </object_component>
      <object_component id="oc-22f">
         <name>.text:key_reader</name>
         <load_address>0x6400</load_address>
         <run_address>0x6400</run_address>
         <size>0x1c</size>
         <input_file_ref idref="fl-8"/>
      </object_component>
      <object_component id="oc-4d5">
         <name>.text:prvIsQueueFull</name>
         <load_address>0x641c</load_address>
         <run_address>0x641c</run_address>
         <size>0x1c</size>
         <input_file_ref idref="fl-f"/>
      </object_component>
      <object_component id="oc-42e">
         <name>.text</name>
         <load_address>0x6438</load_address>
         <run_address>0x6438</run_address>
         <size>0x1c</size>
         <input_file_ref idref="fl-169"/>
      </object_component>
      <object_component id="oc-2b0">
         <name>.text:vPortEnterCritical</name>
         <load_address>0x6454</load_address>
         <run_address>0x6454</run_address>
         <size>0x1c</size>
         <input_file_ref idref="fl-11"/>
      </object_component>
      <object_component id="oc-4a3">
         <name>.text:prvIsQueueEmpty</name>
         <load_address>0x6470</load_address>
         <run_address>0x6470</run_address>
         <size>0x1a</size>
         <input_file_ref idref="fl-f"/>
      </object_component>
      <object_component id="oc-603">
         <name>.text</name>
         <load_address>0x648a</load_address>
         <run_address>0x648a</run_address>
         <size>0x1a</size>
         <input_file_ref idref="fl-166"/>
      </object_component>
      <object_component id="oc-1ec">
         <name>.text:GPIOPinTypeGPIOOutput</name>
         <load_address>0x64a4</load_address>
         <run_address>0x64a4</run_address>
         <size>0x18</size>
         <input_file_ref idref="fl-182"/>
      </object_component>
      <object_component id="oc-256">
         <name>.text:TimerIntRegister</name>
         <load_address>0x64bc</load_address>
         <run_address>0x64bc</run_address>
         <size>0x18</size>
         <input_file_ref idref="fl-186"/>
      </object_component>
      <object_component id="oc-516">
         <name>.text:conversao</name>
         <load_address>0x64d4</load_address>
         <run_address>0x64d4</run_address>
         <size>0x18</size>
         <input_file_ref idref="fl-3"/>
      </object_component>
      <object_component id="oc-4bb">
         <name>.text:pvTaskIncrementMutexHeldCount</name>
         <load_address>0x64ec</load_address>
         <run_address>0x64ec</run_address>
         <size>0x18</size>
         <input_file_ref idref="fl-10"/>
      </object_component>
      <object_component id="oc-84">
         <name>.text</name>
         <load_address>0x6504</load_address>
         <run_address>0x6504</run_address>
         <size>0x18</size>
         <input_file_ref idref="fl-155"/>
      </object_component>
      <object_component id="oc-581">
         <name>.text</name>
         <load_address>0x651c</load_address>
         <run_address>0x651c</run_address>
         <size>0x18</size>
         <input_file_ref idref="fl-16e"/>
      </object_component>
      <object_component id="oc-119">
         <name>.text:vListInsertEnd</name>
         <load_address>0x6534</load_address>
         <run_address>0x6534</run_address>
         <size>0x18</size>
         <input_file_ref idref="fl-e"/>
      </object_component>
      <object_component id="oc-2bc">
         <name>.text:vPortExitCritical</name>
         <load_address>0x654c</load_address>
         <run_address>0x654c</run_address>
         <size>0x18</size>
         <input_file_ref idref="fl-11"/>
      </object_component>
      <object_component id="oc-491">
         <name>.text:vTaskSetTimeOutState</name>
         <load_address>0x6564</load_address>
         <run_address>0x6564</run_address>
         <size>0x18</size>
         <input_file_ref idref="fl-10"/>
      </object_component>
      <object_component id="oc-422">
         <name>.text</name>
         <load_address>0x657c</load_address>
         <run_address>0x657c</run_address>
         <size>0x16</size>
         <input_file_ref idref="fl-16d"/>
      </object_component>
      <object_component id="oc-3cc">
         <name>.text:vListInitialise</name>
         <load_address>0x6592</load_address>
         <run_address>0x6592</run_address>
         <size>0x16</size>
         <input_file_ref idref="fl-e"/>
      </object_component>
      <object_component id="oc-223">
         <name>.text:Lcd_Write_String</name>
         <load_address>0x65a8</load_address>
         <run_address>0x65a8</run_address>
         <size>0x14</size>
         <input_file_ref idref="fl-4"/>
      </object_component>
      <object_component id="oc-357">
         <name>.text:UARTEnable</name>
         <load_address>0x65bc</load_address>
         <run_address>0x65bc</run_address>
         <size>0x14</size>
         <input_file_ref idref="fl-187"/>
      </object_component>
      <object_component id="oc-1a2">
         <name>.text</name>
         <load_address>0x65d0</load_address>
         <run_address>0x65d0</run_address>
         <size>0x14</size>
         <input_file_ref idref="fl-153"/>
      </object_component>
      <object_component id="oc-6ce">
         <name>.text</name>
         <load_address>0x65e4</load_address>
         <run_address>0x65e4</run_address>
         <size>0x14</size>
         <input_file_ref idref="fl-17c"/>
      </object_component>
      <object_component id="oc-3ee">
         <name>.text</name>
         <load_address>0x65f8</load_address>
         <run_address>0x65f8</run_address>
         <size>0x14</size>
         <input_file_ref idref="fl-16f"/>
      </object_component>
      <object_component id="oc-475">
         <name>.text:vPortSetupTimerInterrupt</name>
         <load_address>0x660c</load_address>
         <run_address>0x660c</run_address>
         <size>0x14</size>
         <input_file_ref idref="fl-11"/>
      </object_component>
      <object_component id="oc-21b">
         <name>.text:GPIOPinTypeGPIOInput</name>
         <load_address>0x6620</load_address>
         <run_address>0x6620</run_address>
         <size>0x12</size>
         <input_file_ref idref="fl-182"/>
      </object_component>
      <object_component id="oc-4ea">
         <name>.text:GPIOPinTypeI2C</name>
         <load_address>0x6632</load_address>
         <run_address>0x6632</run_address>
         <size>0x12</size>
         <input_file_ref idref="fl-182"/>
      </object_component>
      <object_component id="oc-4e4">
         <name>.text:GPIOPinTypeI2CSCL</name>
         <load_address>0x6644</load_address>
         <run_address>0x6644</run_address>
         <size>0x12</size>
         <input_file_ref idref="fl-182"/>
      </object_component>
      <object_component id="oc-202">
         <name>.text:GPIOPinTypeUART</name>
         <load_address>0x6656</load_address>
         <run_address>0x6656</run_address>
         <size>0x12</size>
         <input_file_ref idref="fl-182"/>
      </object_component>
      <object_component id="oc-250">
         <name>.text:TimerLoadSet</name>
         <load_address>0x6668</load_address>
         <run_address>0x6668</run_address>
         <size>0x12</size>
         <input_file_ref idref="fl-186"/>
      </object_component>
      <object_component id="oc-5d3">
         <name>.text:prvDeleteTCB</name>
         <load_address>0x667a</load_address>
         <run_address>0x667a</run_address>
         <size>0x12</size>
         <input_file_ref idref="fl-10"/>
      </object_component>
      <object_component id="oc-262">
         <name>.text:IntMasterEnable</name>
         <load_address>0x668c</load_address>
         <run_address>0x668c</run_address>
         <size>0x10</size>
         <input_file_ref idref="fl-184"/>
      </object_component>
      <object_component id="oc-153">
         <name>.text:Lcd_Clear</name>
         <load_address>0x669c</load_address>
         <run_address>0x669c</run_address>
         <size>0x10</size>
         <input_file_ref idref="fl-4"/>
      </object_component>
      <object_component id="oc-463">
         <name>.text:prvTaskExitError</name>
         <load_address>0x66ac</load_address>
         <run_address>0x66ac</run_address>
         <size>0x10</size>
         <input_file_ref idref="fl-11"/>
      </object_component>
      <object_component id="oc-3ac">
         <name>.text:vTaskSuspendAll</name>
         <load_address>0x66bc</load_address>
         <run_address>0x66bc</run_address>
         <size>0x10</size>
         <input_file_ref idref="fl-10"/>
      </object_component>
      <object_component id="oc-24a">
         <name>.text:TimerEnable</name>
         <load_address>0x66cc</load_address>
         <run_address>0x66cc</run_address>
         <size>0xe</size>
         <input_file_ref idref="fl-186"/>
      </object_component>
      <object_component id="oc-322">
         <name>.text:UARTCharsAvail</name>
         <load_address>0x66da</load_address>
         <run_address>0x66da</run_address>
         <size>0xe</size>
         <input_file_ref idref="fl-187"/>
      </object_component>
      <object_component id="oc-12">
         <name>.text:decompress:none</name>
         <load_address>0x66e8</load_address>
         <run_address>0x66e8</run_address>
         <size>0xe</size>
         <input_file_ref idref="fl-13d"/>
      </object_component>
      <object_component id="oc-39e">
         <name>.text:CPUcpsie</name>
         <load_address>0x66f6</load_address>
         <run_address>0x66f6</run_address>
         <size>0xc</size>
         <input_file_ref idref="fl-188"/>
      </object_component>
      <object_component id="oc-1e">
         <name>.text:decompress:ZI</name>
         <load_address>0x6702</load_address>
         <run_address>0x6702</run_address>
         <size>0xc</size>
         <input_file_ref idref="fl-13f"/>
      </object_component>
      <object_component id="oc-5e3">
         <name>.text:vTaskMissedYield</name>
         <load_address>0x6710</load_address>
         <run_address>0x6710</run_address>
         <size>0xc</size>
         <input_file_ref idref="fl-10"/>
      </object_component>
      <object_component id="oc-620">
         <name>.text:I2CMasterEnable</name>
         <load_address>0x671c</load_address>
         <run_address>0x671c</run_address>
         <size>0xa</size>
         <input_file_ref idref="fl-183"/>
      </object_component>
      <object_component id="oc-328">
         <name>.text:UARTCharGet</name>
         <load_address>0x6726</load_address>
         <run_address>0x6726</run_address>
         <size>0xa</size>
         <input_file_ref idref="fl-187"/>
      </object_component>
      <object_component id="oc-509">
         <name>.text:I2CMasterBusy</name>
         <load_address>0x6730</load_address>
         <run_address>0x6730</run_address>
         <size>0x8</size>
         <input_file_ref idref="fl-183"/>
      </object_component>
      <object_component id="oc-4f7">
         <name>.text:I2CMasterSlaveAddrSet</name>
         <load_address>0x6738</load_address>
         <run_address>0x6738</run_address>
         <size>0x8</size>
         <input_file_ref idref="fl-183"/>
      </object_component>
      <object_component id="oc-25c">
         <name>.text:TimerIntEnable</name>
         <load_address>0x6740</load_address>
         <run_address>0x6740</run_address>
         <size>0x8</size>
         <input_file_ref idref="fl-186"/>
      </object_component>
      <object_component id="oc-2c9">
         <name>.text:prvIdleTask</name>
         <load_address>0x6748</load_address>
         <run_address>0x6748</run_address>
         <size>0x8</size>
         <input_file_ref idref="fl-10"/>
      </object_component>
      <object_component id="oc-483">
         <name>.text:GPIOPinRead</name>
         <load_address>0x6750</load_address>
         <run_address>0x6750</run_address>
         <size>0x6</size>
         <input_file_ref idref="fl-182"/>
      </object_component>
      <object_component id="oc-31b">
         <name>.text:GPIOPinWrite</name>
         <load_address>0x6756</load_address>
         <run_address>0x6756</run_address>
         <size>0x6</size>
         <input_file_ref idref="fl-182"/>
      </object_component>
      <object_component id="oc-2d">
         <name>.text:ResetISR</name>
         <load_address>0x675c</load_address>
         <run_address>0x675c</run_address>
         <size>0x6</size>
         <input_file_ref idref="fl-b"/>
      </object_component>
      <object_component id="oc-1fa">
         <name>.text:SysCtlDelay</name>
         <load_address>0x6762</load_address>
         <run_address>0x6762</run_address>
         <size>0x6</size>
         <input_file_ref idref="fl-185"/>
      </object_component>
      <object_component id="oc-18">
         <name>.text:decompress:rle24</name>
         <load_address>0x6768</load_address>
         <run_address>0x6768</run_address>
         <size>0x6</size>
         <input_file_ref idref="fl-13e"/>
      </object_component>
      <object_component id="oc-45c">
         <name>.text:vListInitialiseItem</name>
         <load_address>0x676e</load_address>
         <run_address>0x676e</run_address>
         <size>0x6</size>
         <input_file_ref idref="fl-e"/>
      </object_component>
      <object_component id="oc-503">
         <name>.text:I2CMasterControl</name>
         <load_address>0x6774</load_address>
         <run_address>0x6774</run_address>
         <size>0x4</size>
         <input_file_ref idref="fl-183"/>
      </object_component>
      <object_component id="oc-510">
         <name>.text:I2CMasterDataGet</name>
         <load_address>0x6778</load_address>
         <run_address>0x6778</run_address>
         <size>0x4</size>
         <input_file_ref idref="fl-183"/>
      </object_component>
      <object_component id="oc-4fd">
         <name>.text:I2CMasterDataPut</name>
         <load_address>0x677c</load_address>
         <run_address>0x677c</run_address>
         <size>0x4</size>
         <input_file_ref idref="fl-183"/>
      </object_component>
      <object_component id="oc-3a5">
         <name>.text:TimerIntClear</name>
         <load_address>0x6780</load_address>
         <run_address>0x6780</run_address>
         <size>0x4</size>
         <input_file_ref idref="fl-186"/>
      </object_component>
      <object_component id="oc-78">
         <name>.text</name>
         <load_address>0x6784</load_address>
         <run_address>0x6784</run_address>
         <size>0x4</size>
         <input_file_ref idref="fl-149"/>
      </object_component>
      <object_component id="oc-377">
         <name>.const:.string:_ctypes_</name>
         <load_address>0x6788</load_address>
         <run_address>0x6788</run_address>
         <size>0x101</size>
         <input_file_ref idref="fl-159"/>
      </object_component>
      <object_component id="oc-9f">
         <name>.const</name>
         <load_address>0x688c</load_address>
         <run_address>0x688c</run_address>
         <size>0x4</size>
         <input_file_ref idref="fl-11"/>
      </object_component>
      <object_component id="oc-37a">
         <name>.const</name>
         <load_address>0x6890</load_address>
         <run_address>0x6890</run_address>
         <size>0x98</size>
         <input_file_ref idref="fl-14c"/>
      </object_component>
      <object_component id="oc-349">
         <name>.const:g_pui32GPIOBaseAddrs</name>
         <load_address>0x6928</load_address>
         <run_address>0x6928</run_address>
         <size>0x90</size>
         <input_file_ref idref="fl-182"/>
      </object_component>
      <object_component id="oc-557">
         <name>.const</name>
         <load_address>0x69b8</load_address>
         <run_address>0x69b8</run_address>
         <size>0x70</size>
         <input_file_ref idref="fl-184"/>
      </object_component>
      <object_component id="oc-34d">
         <name>.const:g_pui32Xtals</name>
         <load_address>0x6a28</load_address>
         <run_address>0x6a28</run_address>
         <size>0x6c</size>
         <input_file_ref idref="fl-185"/>
      </object_component>
      <object_component id="oc-54b">
         <name>.const:g_ppui32TimerIntMap</name>
         <load_address>0x6a94</load_address>
         <run_address>0x6a94</run_address>
         <size>0x60</size>
         <input_file_ref idref="fl-186"/>
      </object_component>
      <object_component id="oc-69e">
         <name>.const</name>
         <load_address>0x6af8</load_address>
         <run_address>0x6af8</run_address>
         <size>0x48</size>
         <input_file_ref idref="fl-150"/>
      </object_component>
      <object_component id="oc-54e">
         <name>.const:g_ppui32TimerIntMapSnowflake</name>
         <load_address>0x6b40</load_address>
         <run_address>0x6b40</run_address>
         <size>0x40</size>
         <input_file_ref idref="fl-186"/>
      </object_component>
      <object_component id="oc-6f2">
         <name>.const:p</name>
         <load_address>0x6b80</load_address>
         <run_address>0x6b80</run_address>
         <size>0x38</size>
         <input_file_ref idref="fl-177"/>
      </object_component>
      <object_component id="oc-693">
         <name>.const</name>
         <load_address>0x6bb8</load_address>
         <run_address>0x6bb8</run_address>
         <size>0x30</size>
         <input_file_ref idref="fl-14e"/>
      </object_component>
      <object_component id="oc-489">
         <name>.const</name>
         <load_address>0x6be8</load_address>
         <run_address>0x6be8</run_address>
         <size>0x10</size>
         <input_file_ref idref="fl-9"/>
      </object_component>
      <object_component id="oc-48c">
         <name>.const:.string</name>
         <load_address>0x6bf8</load_address>
         <run_address>0x6bf8</run_address>
         <size>0x8</size>
         <input_file_ref idref="fl-9"/>
      </object_component>
      <object_component id="oc-766">
         <name>.cinit..data.load</name>
         <load_address>0x6c00</load_address>
         <run_address>0x6c00</run_address>
         <size>0xd6</size>
      </object_component>
      <object_component id="oc-763">
         <name>__TI_handler_table</name>
         <load_address>0x6cd8</load_address>
         <run_address>0x6cd8</run_address>
         <size>0xc</size>
      </object_component>
      <object_component id="oc-767">
         <name>.cinit..bss.load</name>
         <load_address>0x6ce8</load_address>
         <run_address>0x6ce8</run_address>
         <size>0x8</size>
      </object_component>
      <object_component id="oc-765">
         <name>.cinit..vtable.load</name>
         <load_address>0x6cf0</load_address>
         <run_address>0x6cf0</run_address>
         <size>0x8</size>
      </object_component>
      <object_component id="oc-764">
         <name>__TI_cinit_table</name>
         <load_address>0x6cf8</load_address>
         <run_address>0x6cf8</run_address>
         <size>0x18</size>
      </object_component>
      <object_component id="oc-552">
         <name>.vtable</name>
         <uninitialized>true</uninitialized>
         <run_address>0x20000000</run_address>
         <size>0x26c</size>
         <input_file_ref idref="fl-184"/>
      </object_component>
      <object_component id="oc-2a">
         <name>.sysmem</name>
         <uninitialized>true</uninitialized>
         <run_address>0x200046a0</run_address>
         <size>0x8</size>
         <input_file_ref idref="fl-17f"/>
      </object_component>
      <object_component id="oc-769">
         <name>.sysmem</name>
         <uninitialized>true</uninitialized>
         <run_address>0x200046a0</run_address>
         <size>0x0</size>
      </object_component>
      <object_component id="oc-29">
         <name>.stack</name>
         <uninitialized>true</uninitialized>
         <run_address>0x2000449c</run_address>
         <size>0x0</size>
         <input_file_ref idref="fl-13c"/>
      </object_component>
      <object_component id="oc-768">
         <name>.stack</name>
         <uninitialized>true</uninitialized>
         <run_address>0x2000449c</run_address>
         <size>0x0</size>
      </object_component>
      <object_component id="oc-109">
         <name>.bss:pxReadyTasksLists</name>
         <uninitialized>true</uninitialized>
         <run_address>0x20003d04</run_address>
         <size>0x140</size>
         <input_file_ref idref="fl-10"/>
      </object_component>
      <object_component id="oc-55e">
         <name>.bss:ucHeap</name>
         <uninitialized>true</uninitialized>
         <run_address>0x2000026c</run_address>
         <size>0x3a98</size>
         <input_file_ref idref="fl-13"/>
      </object_component>
      <object_component id="oc-6fd">
         <name>.bss:__TI_tmpnams</name>
         <uninitialized>true</uninitialized>
         <run_address>0x20003f64</run_address>
         <size>0xa0</size>
         <input_file_ref idref="fl-15a"/>
      </object_component>
      <object_component id="oc-704">
         <name>.bss:__CIOBUF_</name>
         <uninitialized>true</uninitialized>
         <run_address>0x20003e44</run_address>
         <size>0x120</size>
         <input_file_ref idref="fl-172"/>
      </object_component>
      <object_component id="oc-240">
         <name>.common:date</name>
         <uninitialized>true</uninitialized>
         <run_address>0x20004020</run_address>
         <size>0x18</size>
      </object_component>
      <object_component id="oc-17d">
         <name>.common:temp_queue</name>
         <uninitialized>true</uninitialized>
         <run_address>0x200040c0</run_address>
         <size>0x4</size>
      </object_component>
      <object_component id="oc-180">
         <name>.common:buzzer_queue</name>
         <uninitialized>true</uninitialized>
         <run_address>0x200040b4</run_address>
         <size>0x4</size>
      </object_component>
      <object_component id="oc-181">
         <name>.common:uart_queue</name>
         <uninitialized>true</uninitialized>
         <run_address>0x200040c4</run_address>
         <size>0x4</size>
      </object_component>
      <object_component id="oc-300">
         <name>.common:packet</name>
         <uninitialized>true</uninitialized>
         <run_address>0x20004004</run_address>
         <size>0x1c</size>
      </object_component>
      <object_component id="oc-46e">
         <name>.common:xDelayedTaskList1</name>
         <uninitialized>true</uninitialized>
         <run_address>0x20004038</run_address>
         <size>0x14</size>
      </object_component>
      <object_component id="oc-46f">
         <name>.common:xDelayedTaskList2</name>
         <uninitialized>true</uninitialized>
         <run_address>0x2000404c</run_address>
         <size>0x14</size>
      </object_component>
      <object_component id="oc-11f">
         <name>.common:pxDelayedTaskList</name>
         <uninitialized>true</uninitialized>
         <run_address>0x200040b8</run_address>
         <size>0x4</size>
      </object_component>
      <object_component id="oc-120">
         <name>.common:pxOverflowDelayedTaskList</name>
         <uninitialized>true</uninitialized>
         <run_address>0x200040bc</run_address>
         <size>0x4</size>
      </object_component>
      <object_component id="oc-470">
         <name>.common:xPendingReadyList</name>
         <uninitialized>true</uninitialized>
         <run_address>0x20004060</run_address>
         <size>0x14</size>
      </object_component>
      <object_component id="oc-471">
         <name>.common:xTasksWaitingTermination</name>
         <uninitialized>true</uninitialized>
         <run_address>0x20004088</run_address>
         <size>0x14</size>
      </object_component>
      <object_component id="oc-472">
         <name>.common:xSuspendedTaskList</name>
         <uninitialized>true</uninitialized>
         <run_address>0x20004074</run_address>
         <size>0x14</size>
      </object_component>
      <object_component id="oc-3c1">
         <name>.common:xStart</name>
         <uninitialized>true</uninitialized>
         <run_address>0x200040ac</run_address>
         <size>0x8</size>
      </object_component>
      <object_component id="oc-3c4">
         <name>.common:xEnd</name>
         <uninitialized>true</uninitialized>
         <run_address>0x200040a4</run_address>
         <size>0x8</size>
      </object_component>
      <object_component id="oc-6d4">
         <name>.common:parmbuf</name>
         <uninitialized>true</uninitialized>
         <run_address>0x2000409c</run_address>
         <size>0x8</size>
      </object_component>
      <object_component id="oc-9c">
         <name>.data</name>
         <load_address>0x20004420</load_address>
         <run_address>0x20004420</run_address>
         <size>0x30</size>
         <input_file_ref idref="fl-10"/>
      </object_component>
[...]
      </symbol>
      <symbol id="sm-9c8">
         <name>__TI_tmpnams</name>
         <value>0x20003f64</value>
         <object_component_ref idref="oc-6fd"/>
      </symbol>
      <symbol id="sm-9c9">
         <name>__aeabi_stderr</name>
         <value>0x2000445c</value>
         <object_component_ref idref="oc-57c"/>
      </symbol>
      <symbol id="sm-9ca">
         <name>__aeabi_stdin</name>
         <value>0x20004454</value>
         <object_component_ref idref="oc-57c"/>
      </symbol>
      <symbol id="sm-9cb">
         <name>_ftable</name>
         <value>0x200040c8</value>
         <object_component_ref idref="oc-294"/>
      </symbol>
      <symbol id="sm-9cc">
         <name>__TI_ft_end</name>
         <value>0x20004450</value>
         <object_component_ref idref="oc-57c"/>
      </symbol>
      <symbol id="sm-9d4">
         <name>_Errno</name>
         <value>0x20004490</value>
         <object_component_ref idref="oc-37d"/>
      </symbol>
      <symbol id="sm-9f8">
         <name>__aeabi_dsub</name>
         <value>0x31e1</value>
         <object_component_ref idref="oc-368"/>
      </symbol>
      <symbol id="sm-9f9">
         <name>__aeabi_dadd</name>
         <value>0x31eb</value>
         <object_component_ref idref="oc-368"/>
      </symbol>
      <symbol id="sm-a20">
         <name>__aeabi_cdcmpeq</name>
         <value>0x4b75</value>
         <object_component_ref idref="oc-36d"/>
      </symbol>
      <symbol id="sm-a21">
         <name>__aeabi_cdcmple</name>
         <value>0x4b75</value>
         <object_component_ref idref="oc-36d"/>
      </symbol>
      <symbol id="sm-a22">
         <name>__aeabi_cdrcmple</name>
         <value>0x4bfb</value>
         <object_component_ref idref="oc-401"/>
      </symbol>
      <symbol id="sm-a42">
         <name>__aeabi_ddiv</name>
         <value>0x3665</value>
         <object_component_ref idref="oc-372"/>
      </symbol>
      <symbol id="sm-a50">
         <name>__aeabi_d2iz</name>
         <value>0x5d41</value>
         <object_component_ref idref="oc-406"/>
      </symbol>
      <symbol id="sm-a6e">
         <name>feraiseexcept</name>
         <value>0x60e9</value>
         <object_component_ref idref="oc-67e"/>
      </symbol>
      <symbol id="sm-a6f">
         <name>_Tls_setup__Fenv</name>
         <value>0x20004488</value>
         <object_component_ref idref="oc-6e9"/>
      </symbol>
      <symbol id="sm-a70">
         <name>_Fenv</name>
         <value>0x20004484</value>
         <object_component_ref idref="oc-6e9"/>
      </symbol>
      <symbol id="sm-a87">
         <name>putc</name>
         <value>0x492d</value>
         <object_component_ref idref="oc-282"/>
      </symbol>
      <symbol id="sm-a88">
         <name>fputc</name>
         <value>0x492d</value>
         <object_component_ref idref="oc-282"/>
      </symbol>
      <symbol id="sm-a89">
         <name>putchar</name>
         <value>0x49b1</value>
         <object_component_ref idref="oc-282"/>
      </symbol>
      <symbol id="sm-aab">
         <name>puts</name>
         <value>0x38a9</value>
         <object_component_ref idref="oc-288"/>
      </symbol>
      <symbol id="sm-aac">
         <name>fputs</name>
         <value>0x379d</value>
         <object_component_ref idref="oc-288"/>
      </symbol>
      <symbol id="sm-ab9">
         <name>frexp</name>
         <value>0x628f</value>
         <object_component_ref idref="oc-416"/>
      </symbol>
      <symbol id="sm-acb">
         <name>ldexp</name>
         <value>0x596d</value>
         <object_component_ref idref="oc-41c"/>
      </symbol>
      <symbol id="sm-ad5">
         <name>log</name>
         <value>0x648b</value>
         <object_component_ref idref="oc-603"/>
      </symbol>
      <symbol id="sm-b27">
         <name>open</name>
         <value>0x2077</value>
         <object_component_ref idref="oc-3e6"/>
      </symbol>
      <symbol id="sm-b28">
         <name>add_device</name>
         <value>0x2199</value>
         <object_component_ref idref="oc-3e6"/>
      </symbol>
      <symbol id="sm-b29">
         <name>remove_device</name>
         <value>0x202b</value>
         <object_component_ref idref="oc-3e6"/>
      </symbol>
      <symbol id="sm-b2a">
         <name>lseek</name>
         <value>0x2125</value>
         <object_component_ref idref="oc-3e6"/>
      </symbol>
      <symbol id="sm-b2b">
         <name>read</name>
         <value>0x2053</value>
         <object_component_ref idref="oc-3e6"/>
      </symbol>
      <symbol id="sm-b2c">
         <name>rename</name>
         <value>0x1fed</value>
         <object_component_ref idref="oc-3e6"/>
      </symbol>
      <symbol id="sm-b2d">
         <name>write</name>
         <value>0x1f39</value>
         <object_component_ref idref="oc-3e6"/>
      </symbol>
      <symbol id="sm-b2e">
         <name>close</name>
         <value>0x2149</value>
         <object_component_ref idref="oc-3e6"/>
      </symbol>
      <symbol id="sm-b2f">
         <name>unlink</name>
         <value>0x1fc9</value>
         <object_component_ref idref="oc-3e6"/>
      </symbol>
      <symbol id="sm-b3e">
         <name>ltoa</name>
         <value>0x57c5</value>
         <object_component_ref idref="oc-40b"/>
      </symbol>
      <symbol id="sm-b4e">
         <name>memccpy</name>
         <value>0x6439</value>
         <object_component_ref idref="oc-42e"/>
      </symbol>
      <symbol id="sm-b5e">
         <name>memchr</name>
         <value>0x63c1</value>
         <object_component_ref idref="oc-3f4"/>
      </symbol>
      <symbol id="sm-b72">
         <name>raise</name>
         <value>0x620b</value>
         <object_component_ref idref="oc-6e3"/>
      </symbol>
      <symbol id="sm-b8c">
         <name>signal</name>
         <value>0x5ee1</value>
         <object_component_ref idref="oc-70f"/>
      </symbol>
      <symbol id="sm-b9c">
         <name>strchr</name>
         <value>0x657d</value>
         <object_component_ref idref="oc-422"/>
      </symbol>
      <symbol id="sm-bab">
         <name>strcmp</name>
         <value>0x651d</value>
         <object_component_ref idref="oc-581"/>
      </symbol>
      <symbol id="sm-bb9">
         <name>strlen</name>
         <value>0x65f9</value>
         <object_component_ref idref="oc-3ee"/>
      </symbol>
      <symbol id="sm-bc9">
         <name>strncpy</name>
         <value>0x614d</value>
         <object_component_ref idref="oc-587"/>
      </symbol>
      <symbol id="sm-bea">
         <name>HOSTgetenv</name>
         <value>0x2747</value>
         <object_component_ref idref="oc-65d"/>
      </symbol>
      <symbol id="sm-beb">
         <name>HOSTrename</name>
         <value>0x25ef</value>
         <object_component_ref idref="oc-65d"/>
      </symbol>
      <symbol id="sm-bec">
         <name>HOSTclose</name>
         <value>0x2785</value>
         <object_component_ref idref="oc-65d"/>
      </symbol>
      <symbol id="sm-bed">
         <name>HOSTunlink</name>
         <value>0x257d</value>
         <object_component_ref idref="oc-65d"/>
      </symbol>
      <symbol id="sm-bee">
         <name>HOSTlseek</name>
         <value>0x26eb</value>
         <object_component_ref idref="oc-65d"/>
      </symbol>
      <symbol id="sm-bef">
         <name>HOSTopen</name>
         <value>0x2699</value>
         <object_component_ref idref="oc-65d"/>
      </symbol>
      <symbol id="sm-bf0">
         <name>HOSTclock</name>
         <value>0x27bd</value>
         <object_component_ref idref="oc-65d"/>
      </symbol>
      <symbol id="sm-bf1">
         <name>HOSTwrite</name>
         <value>0x2531</value>
         <object_component_ref idref="oc-65d"/>
      </symbol>
      <symbol id="sm-bf2">
         <name>HOSTread</name>
         <value>0x264d</value>
         <object_component_ref idref="oc-65d"/>
      </symbol>
      <symbol id="sm-bf3">
         <name>HOSTtime</name>
         <value>0x25b5</value>
         <object_component_ref idref="oc-65d"/>
      </symbol>
      <symbol id="sm-c0e">
         <name>__TI_readmsg</name>
         <value>0x530f</value>
         <object_component_ref idref="oc-6c8"/>
      </symbol>
      <symbol id="sm-c0f">
         <name>C$$IO$$</name>
         <value>0x530b</value>
         <object_component_ref idref="oc-6c8"/>
      </symbol>
      <symbol id="sm-c10">
         <name>__CIOBUF_</name>
         <value>0x20003e44</value>
         <object_component_ref idref="oc-704"/>
      </symbol>
      <symbol id="sm-c11">
         <name>__TI_writemsg</name>
         <value>0x52dd</value>
         <object_component_ref idref="oc-6c8"/>
      </symbol>
      <symbol id="sm-c3b">
         <name>__aeabi_uldivmod</name>
         <value>0x2c3d</value>
         <object_component_ref idref="oc-3fc"/>
      </symbol>
      <symbol id="sm-c49">
         <name>_Dclass</name>
         <value>0x617d</value>
         <object_component_ref idref="oc-428"/>
      </symbol>
      <symbol id="sm-c5e">
         <name>_Dnorm</name>
         <value>0x4549</value>
         <object_component_ref idref="oc-672"/>
      </symbol>
      <symbol id="sm-c7a">
         <name>_Dscale</name>
         <value>0x3c31</value>
         <object_component_ref idref="oc-5ae"/>
      </symbol>
      <symbol id="sm-caa">
         <name>_Log</name>
         <value>0x2245</value>
         <object_component_ref idref="oc-697"/>
      </symbol>
      <symbol id="sm-cc8">
         <name>__TI_wrt_ok</name>
         <value>0x46b5</value>
         <object_component_ref idref="oc-3da"/>
      </symbol>
      <symbol id="sm-cc9">
         <name>__TI_rd_ok</name>
         <value>0x4717</value>
         <object_component_ref idref="oc-3da"/>
      </symbol>
      <symbol id="sm-ce3">
         <name>__TI_doflush</name>
         <value>0x43c1</value>
         <object_component_ref idref="oc-3e0"/>
      </symbol>
      <symbol id="sm-ce4">
         <name>fflush</name>
         <value>0x440d</value>
         <object_component_ref idref="oc-3e0"/>
      </symbol>
      <symbol id="sm-cf6">
         <name>fseek</name>
         <value>0x53ad</value>
         <object_component_ref idref="oc-56e"/>
      </symbol>
      <symbol id="sm-d12">
         <name>setvbuf</name>
         <value>0x4211</value>
         <object_component_ref idref="oc-574"/>
      </symbol>
      <symbol id="sm-d20">
         <name>strcpy</name>
         <value>0x65e5</value>
         <object_component_ref idref="oc-6ce"/>
      </symbol>
      <symbol id="sm-d2f">
         <name>_FZero</name>
         <value>0x2000441c</value>
         <object_component_ref idref="oc-6ef"/>
      </symbol>
      <symbol id="sm-d30">
         <name>_FRteps</name>
         <value>0x20004408</value>
         <object_component_ref idref="oc-6ef"/>
      </symbol>
      <symbol id="sm-d31">
         <name>_FSnan</name>
         <value>0x200043f8</value>
         <object_component_ref idref="oc-6ef"/>
      </symbol>
      <symbol id="sm-d32">
         <name>_FNan</name>
         <value>0x200043e8</value>
         <object_component_ref idref="oc-6ef"/>
      </symbol>
      <symbol id="sm-d33">
         <name>_FInf</name>
         <value>0x200043d8</value>
         <object_component_ref idref="oc-6ef"/>
      </symbol>
      <symbol id="sm-d34">
         <name>_FEps</name>
         <value>0x200043c8</value>
         <object_component_ref idref="oc-6ef"/>
      </symbol>
      <symbol id="sm-d35">
         <name>_FXbig</name>
         <value>0x20004418</value>
         <object_component_ref idref="oc-6ef"/>
      </symbol>
      <symbol id="sm-d36">
         <name>_FDenorm</name>
         <value>0x200043b8</value>
         <object_component_ref idref="oc-6ef"/>
      </symbol>
      <symbol id="sm-d6d">
         <name>__TI_cleanup</name>
         <value>0x30e5</value>
         <object_component_ref idref="oc-646"/>
      </symbol>
      <symbol id="sm-d6e">
         <name>freopen</name>
         <value>0x3111</value>
         <object_component_ref idref="oc-646"/>
      </symbol>
      <symbol id="sm-d6f">
         <name>fopen</name>
         <value>0x313b</value>
         <object_component_ref idref="oc-646"/>
      </symbol>
      <symbol id="sm-de1">
         <name>_sys_memory</name>
         <value>0x200046a0</value>
         <object_component_ref idref="oc-2a"/>
      </symbol>
      <symbol id="sm-de2">
         <name>free</name>
         <value>0x18b7</value>
         <object_component_ref idref="oc-640"/>
      </symbol>
      <symbol id="sm-de3">
         <name>realloc</name>
         <value>0x1979</value>
         <object_component_ref idref="oc-640"/>
      </symbol>
      <symbol id="sm-de4">
         <name>memalign</name>
         <value>0x1a85</value>
         <object_component_ref idref="oc-640"/>
      </symbol>
      <symbol id="sm-de5">
         <name>calloc</name>
         <value>0x1b69</value>
         <object_component_ref idref="oc-640"/>
      </symbol>
      <symbol id="sm-de6">
         <name>malloc</name>
         <value>0x184f</value>
         <object_component_ref idref="oc-640"/>
      </symbol>
      <symbol id="sm-de7">
         <name>minit</name>
         <value>0x17c1</value>
         <object_component_ref idref="oc-640"/>
      </symbol>
      <symbol id="sm-dfd">
         <name>__TI_closefile</name>
         <value>0x4895</value>
         <object_component_ref idref="oc-6b9"/>
      </symbol>
      <symbol id="sm-dfe">
         <name>fclose</name>
         <value>0x48fb</value>
         <object_component_ref idref="oc-6b9"/>
      </symbol>
      <symbol id="sm-e61">
         <name>GPIOPinConfigure</name>
         <value>0x5bd9</value>
         <object_component_ref idref="oc-208"/>
      </symbol>
      <symbol id="sm-e62">
         <name>GPIOPinTypeI2CSCL</name>
         <value>0x6645</value>
         <object_component_ref idref="oc-4e4"/>
      </symbol>
      <symbol id="sm-e63">
         <name>GPIOPinTypeI2C</name>
         <value>0x6633</value>
         <object_component_ref idref="oc-4ea"/>
      </symbol>
      <symbol id="sm-e64">
         <name>GPIOPinTypeGPIOInput</name>
         <value>0x6621</value>
         <object_component_ref idref="oc-21b"/>
      </symbol>
      <symbol id="sm-e65">
         <name>GPIOPinTypeUART</name>
         <value>0x6657</value>
         <object_component_ref idref="oc-202"/>
      </symbol>
      <symbol id="sm-e66">
         <name>GPIOPinTypeGPIOOutput</name>
         <value>0x64a5</value>
         <object_component_ref idref="oc-1ec"/>
      </symbol>
      <symbol id="sm-e67">
         <name>GPIOPinRead</name>
         <value>0x6751</value>
         <object_component_ref idref="oc-483"/>
      </symbol>
      <symbol id="sm-e68">
         <name>GPIODirModeSet</name>
         <value>0x6265</value>
         <object_component_ref idref="oc-33e"/>
      </symbol>
      <symbol id="sm-e69">
         <name>GPIOPinWrite</name>
         <value>0x6757</value>
         <object_component_ref idref="oc-31b"/>
      </symbol>
      <symbol id="sm-e6a">
         <name>GPIOPadConfigSet</name>
         <value>0x38d1</value>
         <object_component_ref idref="oc-338"/>
      </symbol>
      <symbol id="sm-eab">
         <name>I2CMasterDataPut</name>
         <value>0x677d</value>
         <object_component_ref idref="oc-4fd"/>
      </symbol>
      <symbol id="sm-eac">
         <name>I2CMasterInitExpClk</name>
         <value>0x5a11</value>
         <object_component_ref idref="oc-4f0"/>
      </symbol>
      <symbol id="sm-ead">
         <name>I2CMasterSlaveAddrSet</name>
         <value>0x6739</value>
         <object_component_ref idref="oc-4f7"/>
      </symbol>
      <symbol id="sm-eae">
         <name>I2CMasterDataGet</name>
         <value>0x6779</value>
         <object_component_ref idref="oc-510"/>
      </symbol>
      <symbol id="sm-eaf">
         <name>I2CMasterControl</name>
         <value>0x6775</value>
         <object_component_ref idref="oc-503"/>
      </symbol>
      <symbol id="sm-eb0">
         <name>I2CMasterBusy</name>
         <value>0x6731</value>
         <object_component_ref idref="oc-509"/>
      </symbol>
      <symbol id="sm-eb1">
         <name>I2CMasterEnable</name>
         <value>0x671d</value>
         <object_component_ref idref="oc-620"/>
      </symbol>
      <symbol id="sm-ef3">
         <name>IntEnable</name>
         <value>0x520d</value>
         <object_component_ref idref="oc-396"/>
      </symbol>
      <symbol id="sm-ef4">
         <name>IntRegister</name>
         <value>0x6081</value>
         <object_component_ref idref="oc-390"/>
      </symbol>
      <symbol id="sm-ef5">
         <name>g_pfnRAMVectors</name>
         <value>0x20000000</value>
         <object_component_ref idref="oc-552"/>
      </symbol>
      <symbol id="sm-ef6">
         <name>IntMasterEnable</name>
         <value>0x668d</value>
         <object_component_ref idref="oc-262"/>
      </symbol>
      <symbol id="sm-f3d">
         <name>SysCtlDelay</name>
         <value>0x6763</value>
         <object_component_ref idref="oc-1fa"/>
      </symbol>
      <symbol id="sm-f3e">
         <name>SysCtlPeripheralEnable</name>
         <value>0x60b5</value>
         <object_component_ref idref="oc-1e0"/>
      </symbol>
      <symbol id="sm-f3f">
         <name>SysCtlClockGet</name>
         <value>0x3b21</value>
         <object_component_ref idref="oc-20e"/>
      </symbol>
      <symbol id="sm-f40">
         <name>SysCtlPeripheralReady</name>
         <value>0x5fd9</value>
         <object_component_ref idref="oc-1e6"/>
      </symbol>
      <symbol id="sm-f9b">
         <name>TimerLoadSet</name>
         <value>0x6669</value>
         <object_component_ref idref="oc-250"/>
      </symbol>
      <symbol id="sm-f9c">
         <name>TimerIntRegister</name>
         <value>0x64bd</value>
         <object_component_ref idref="oc-256"/>
      </symbol>
      <symbol id="sm-f9d">
         <name>TimerEnable</name>
         <value>0x66cd</value>
         <object_component_ref idref="oc-24a"/>
      </symbol>
      <symbol id="sm-f9e">
         <name>TimerIntEnable</name>
         <value>0x6741</value>
         <object_component_ref idref="oc-25c"/>
      </symbol>
      <symbol id="sm-f9f">
         <name>TimerConfigure</name>
         <value>0x54d9</value>
         <object_component_ref idref="oc-244"/>
      </symbol>
      <symbol id="sm-fa0">
         <name>TimerIntClear</name>
         <value>0x6781</value>
         <object_component_ref idref="oc-3a5"/>
      </symbol>
      <symbol id="sm-fd2">
         <name>UARTConfigSetExpClk</name>
         <value>0x5dd1</value>
         <object_component_ref idref="oc-214"/>
      </symbol>
      <symbol id="sm-fd3">
         <name>UARTDisable</name>
         <value>0x63a1</value>
         <object_component_ref idref="oc-351"/>
      </symbol>
      <symbol id="sm-fd4">
         <name>UARTCharsAvail</name>
         <value>0x66db</value>
         <object_component_ref idref="oc-322"/>
      </symbol>
      <symbol id="sm-fd5">
         <name>UARTEnable</name>
         <value>0x65bd</value>
         <object_component_ref idref="oc-357"/>
      </symbol>
      <symbol id="sm-fd6">
         <name>UARTCharGet</name>
         <value>0x6727</value>
         <object_component_ref idref="oc-328"/>
      </symbol>
      <symbol id="sm-fe0">
         <name>CPUcpsie</name>
         <value>0x66f7</value>
         <object_component_ref idref="oc-39e"/>
      </symbol>
      <symbol id="sm-fe1">
         <name>__TI_static_base__</name>
         <value>0x0</value>
      </symbol>
      <symbol id="sm-fe4">
         <name>SHT$$INIT_ARRAY$$Limit</name>
         <value>0x0</value>
      </symbol>
      <symbol id="sm-fe5">
         <name>SHT$$INIT_ARRAY$$Base</name>
         <value>0x0</value>
      </symbol>
      <symbol id="sm-fe6">
         <name>remove</name>
         <value>0x1fc9</value>
      </symbol>
   </symbol_table>
   <title>Link successful</title>
</link_info>
